01-16 09:49:52.590  2913  5651 I SWAP_GkiKernelInterface: set score to 999 for pkg com.facebook.orca groupId 92, success
01-16 09:49:52.590  2913  5651 I SWAP_AppScore: getFreezeRatioAndRefault, pkg:com.facebook.orca
01-16 09:49:52.590  2913  5651 I SWAP_AppScore: getFreezeRatioAndRefault, anno ram:0
01-16 09:49:52.590  2913  5651 I SWAP_AppScore: adjustSwapRatio:pkg:com.facebook.orca
01-16 09:49:52.590  2913  5651 I SWAP_AppScore: ParaConfig have no swapIndex parameters
01-16 09:49:52.590  2913  5651 I SWAP_AppScore: final ratio info: pkgName:com.facebook.orca, reclaime ratio:80, swap ratio:50
01-16 09:49:52.590  2913  5651 I SWAP_GkiKernelInterface: In reclaimCurrentApp, shrinkRatio is 20, shrinkMax is 100
01-16 09:49:52.590  2913  4919 I PowerManagerService: wakeLock.mDisabled:false, mDeviceIdleMode:false, mProcState:0
01-16 09:49:52.591  2913  5651 I SWAP_AppScore: setScoreAndRatioFreeze::pkgName:com.facebook.orca score:999[RatioParm] swapRatio:50, reclaimRatio:80, reclaimRefault:100 unfreezeTimes:2
01-16 09:49:52.591  2913  5504 D SWAP_GkiKernelInterface: writeRatioNew success, pkgName = com.facebook.orca, memZramRatio = 80, zramEswapRatio = 50, reclaimRefault = 100
01-16 09:49:52.591  2913  5504 I SWAP_AppScore: finish msg processing!
01-16 09:49:52.604  2913  4919 I PowerManagerService: wakeLock.mDisabled:false, mDeviceIdleMode:false, mProcState:0
01-16 09:49:52.606  2913  4919 I HnBroadcastQueueImpl:  procName: com.facebook.katana pid: 9615 delay to FZ: 0
01-16 09:49:52.606  2913  4919 W HnBroadcastQueueImpl: pkg: com.facebook.katana procName: com.facebook.katana pid: 9615 queue or queue.app is null!
01-16 09:49:52.614  2913  5129 I SWAP_SCENE: Entering notifySceneData notifySceneData. EventType:FREEZE para:com.facebook.katana
01-16 09:49:52.615  2913  5651 I SWAP_AppScore: freeze and will always active, 999 com.facebook.katana
01-16 09:49:52.615  2913  5651 D SWAP_AppModel: setDailyFreezeTime pkgName:com.facebook.katana DailyFreezeTime:26
01-16 09:49:52.615  2913  5651 D SWAP_AppModel: getDailyFreezeTime. pkgName:com.facebook.katana dailyFreezeTimes:26
01-16 09:49:52.615  2913  5651 I SWAP_AppScore: updateNewBgActiveAppMap:freezeTimes:26 appName:com.facebook.katana
01-16 09:49:52.615  2913  5651 I SWAP_AppScore: updateNewBgActiveAppMap::add app success!com.facebook.katana freezeTimes:26
01-16 09:49:52.615  2913  5651 I SWAP_GkiKernelInterface: set score to 999 for pkg com.facebook.katana groupId 57, success
01-16 09:49:52.615  2913  5651 I SWAP_AppScore: getFreezeRatioAndRefault, pkg:com.facebook.katana
01-16 09:49:52.615  2913  5651 I SWAP_AppScore: getFreezeRatioAndRefault, anno ram:0
01-16 09:49:52.615  2913  5651 I SWAP_AppScore: adjustSwapRatio:pkg:com.facebook.katana
01-16 09:49:52.615  2913  5651 I SWAP_AppScore: getSwapRatioForBackgroundActiveApp + pkgName:com.facebook.katana swapRatio:10
01-16 09:49:52.615  2913  5651 I SWAP_AppScore: adjustSwapRatio:BackgroundActiveApp:swapratio10 pkgName:com.facebook.katana
01-16 09:49:52.615  2913  5651 I SWAP_AppScore: ParaConfig have no swapIndex parameters
01-16 09:49:52.615  2913  5651 I SWAP_AppScore: final ratio info: pkgName:com.facebook.katana, reclaime ratio:80, swap ratio:10
01-16 09:49:52.615  2913  5651 I SWAP_GkiKernelInterface: In reclaimCurrentApp, shrinkRatio is 20, shrinkMax is 100
01-16 09:49:52.615  2913  5651 I SWAP_AppScore: setScoreAndRatioFreeze::pkgName:com.facebook.katana score:999[RatioParm] swapRatio:10, reclaimRatio:80, reclaimRefault:100 unfreezeTimes:6
01-16 09:49:52.616  2913  5504 D SWAP_GkiKernelInterface: writeRatioNew success, pkgName = com.facebook.katana, memZramRatio = 80, zramEswapRatio = 10, reclaimRefault = 100
01-16 09:49:52.616  2913  5504 I SWAP_AppScore: finish msg processing!
01-16 09:49:52.793  2913  4837 I PowerManagerService: need release WakeLockSuspendBlocker
01-16 09:49:52.793  2913  4837 I PowerManagerService: Releasing suspend blocker "PowerManagerService.WakeLocks".
01-16 09:49:53.107  2913  4837 I PowerManagerService: wakeLock.mDisabled:false, mDeviceIdleMode:false, mProcState:0
01-16 09:49:53.108  2913  4837 I PowerManagerService: need acquire WakeLockSuspendBlocker
01-16 09:49:53.108  2913  4837 I PowerManagerService: Acquiring suspend blocker "PowerManagerService.WakeLocks".
01-16 09:49:53.115  2913  4837 I PowerManagerService: need release WakeLockSuspendBlocker
01-16 09:49:53.115  2913  4837 I PowerManagerService: Releasing suspend blocker "PowerManagerService.WakeLocks".
01-16 09:49:53.843  2913  4346 I ActivityTaskManager: START u0 {act=android.intent.action.VIEW dat=exp+breakloop-native://expo-development-client/... flg=0x10000000 cmp=com.anonymous.breakloopnative/.MainActivity} with LAUNCH_SINGLE_TASK from uid 2000
01-16 09:49:53.844  2913  4346 W ActivityTaskManager: callingPackage for (uid=2000, pid=15617) has no WPC
01-16 09:49:53.845  2913  3005 D ActivityManager: unfreeze for speed up, uid: 10616 pkg: com.anonymous.breakloopnative
01-16 09:49:53.845  2913  4346 E ProcessInfoCollector: getProcessInfo: failed to find this proc: 15617
01-16 09:49:53.845  2913  4346 I ActivityTaskManager: TaskLauncParamsModifier activity is null
01-16 09:49:53.845  2913  4346 D ActivityTaskManager: TaskLaunchParamsModifier:task=null activity=null display-area-from-current-params=null display-area-from-default-fallback=DefaultTaskDisplayArea@224084086 display-id=0 task-display-area-windowing-mode=1 suggested-display-area=DefaultTaskDisplayArea@224084086
01-16 09:49:53.845  2913  4346 D HwGameAssistantController: isGameForeground? false
01-16 09:49:53.845  2913  4346 I ActivityTaskManager: ActivityRecord info: ActivityInfo{bb6d41f com.anonymous.breakloopnative.MainActivity}
01-16 09:49:53.846  2913  3729 D HwActivityManagerServiceEx: getPackageNameForPid callingAppId: 1000
01-16 09:49:53.846  2913  4346 W OptProp : Cannot read opt property android.window.PROPERTY_COMPAT_ALLOW_ORIENTATION_OVERRIDE
01-16 09:49:53.847  2913  4346 W OptProp : Cannot read opt property android.window.PROPERTY_COMPAT_ALLOW_RESIZEABLE_ACTIVITY_OVERRIDES
01-16 09:49:53.847  2913  4346 D ActivityTaskManager: setEnterOrExitFullScreenVideo isEnterOrExitFullScreenVideo = false
01-16 09:49:53.847  2913  4346 W OptProp : Cannot read opt property android.window.PROPERTY_COMPAT_ALLOW_MIN_ASPECT_RATIO_OVERRIDE
01-16 09:49:53.848  2913  4346 I TransitionController: first create transition: TransitionRecord{631e5ca id=-1 type=OPEN flags=0x0}, caller: com.android.server.wm.ActivityStarter.startActivityUnchecked:2104 com.android.server.wm.ActivityStarter.executeRequest:1876 com.android.server.wm.HwActivityStarter.executeRequest:361 com.android.server.wm.ActivityStarter.execute:1060 com.android.server.wm.HwActivityStarter.execute:721 
01-16 09:49:53.848  2913  3729 D HwActivityManagerServiceEx: getPackageNameForPid callingAppId: 1000
01-16 09:49:53.848  2913  4346 D ActivityTaskManager: TaskLaunchParamsModifier:task=null activity=ActivityRecord{73f36c u0 com.anonymous.breakloopnative/.MainActivity display-area-from-current-params=null display-area-from-default-fallback=DefaultTaskDisplayArea@224084086 display-id=0 task-display-area-windowing-mode=1 suggested-display-area=DefaultTaskDisplayArea@224084086
01-16 09:49:53.848  2913  4346 I HwActivityTaskManagerServiceEx: get container failed !!
01-16 09:49:53.848  2913  3729 D HwActivityManagerServiceEx: notifyAppToTop pid:9552, enable:1
01-16 09:49:53.849  2913  3729 D HwActivityManagerServiceEx: notifyAppToTop pid:4114, enable:0
01-16 09:49:53.849  4114  4114 D RtgSched: resetRtgSchedHandle failed enable:0
01-16 09:49:53.849  2913  4346 I ActivityStarter: shouldShowFreeformWindow realCallingPackage = isRes= true rotation= 0 orientation = 1 isPortarait = true sourceRecord = null isMagicWin = false isForceRotation = false r.packageName = com.anonymous.breakloopnative isAE= false sourceLaunchedFromPackage=  isInBlackList= false isInPartialSplitScreen= false r.info = ActivityInfo{bb6d41f com.anonymous.breakloopnative.MainActivity}
01-16 09:49:53.849  2913  4346 D ActivityTaskManager: TaskLaunchParamsModifier:task=null activity=ActivityRecord{73f36c u0 com.anonymous.breakloopnative/.MainActivity t-1} display-area-from-current-params=null display-area-from-default-fallback=DefaultTaskDisplayArea@224084086 display-id=0 task-display-area-windowing-mode=1 suggested-display-area=DefaultTaskDisplayArea@224084086 non-freeform-task-display-area display-area=DefaultTaskDisplayArea@224084086 activity-requested-portrait freeform-size-mismatch=Rect(323, 791 - 957, 2071)
01-16 09:49:53.849  2913  4346 I HwActivityTaskManagerServiceEx: isAppIsImportingData AMS return -> isCloningAppCloning=false
01-16 09:49:53.850  2913  4346 I HwTaskEx: isSupportPkgAdjustMinWidth mActivityRecord = null
01-16 09:49:53.850  2913  4346 D ActivityTaskManager: isStartActivitySupportSplitScreen true true false true
01-16 09:49:53.850  2913  4346 I ActivityTaskManager: onDisplayChanged-notifyTaskDisplayChanged displayId:0,prevDisplayId:-1
01-16 09:49:53.851  2913  4346 D HwTaskEx: updateHwPCMultiCastOverrideConfiguration
01-16 09:49:53.851  2913  4346 I ActivityTaskManager: start activity to=com.anonymous.breakloopnative
01-16 09:49:53.851  2913  4346 I HwTaskEx: setStartActivityRecord mActivityRecord = com.anonymous.breakloopnative
01-16 09:49:53.851  2913  4346 I ActivityTaskManager: start activity name =com.anonymous.breakloopnative.MainActivity
01-16 09:49:53.851  2913  4346 I HwTaskEx: setStartActivityName mStartActivityName = com.anonymous.breakloopnative.MainActivity
01-16 09:49:53.851  2913  4346 I CollectCenterUtils: is not Support CollectCenter Resizeable or activitiesStacks.size() != freeformNum return.
01-16 09:49:53.851  2913  4346 D ActivityTaskManager: TaskLaunchParamsModifier:task=Task{b7e933b #64778 type=standard A=10616:com.anonymous.breakloopnative} activity=ActivityRecord{73f36c u0 com.anonymous.breakloopnative/.MainActivity t-1} display-from-task=0 display-id=0 task-display-area-windowing-mode=1 suggested-display-area=DefaultTaskDisplayArea@224084086 inherit-from-task=fullscreen non-freeform-task-display-area display-area=DefaultTaskDisplayArea@224084086 activity-requested-portrait freeform-size-mismatch=Rect(323, 791 - 957, 2071)
01-16 09:49:53.852  2913  4346 I WMTransition: ReadyTracker addGroup Display{#0 state=ON size=1280x2800 ROTATION_0}
01-16 09:49:53.852  2913  4346 D ActivityTaskManager: setEnterOrExitFullScreenVideo isEnterOrExitFullScreenVideo = false
01-16 09:49:53.852  2913  4346 I HnPopOverState: shouldApply  Enabled check fail
01-16 09:49:53.852  2913  4346 I ActivityTaskManager: onConfigurationChanged recordWindowInformationForPerformance this = ActivityRecord{73f36c u0 com.anonymous.breakloopnative/.MainActivity t64778}
01-16 09:49:53.852  2913  4346 D HwTaskEx: updateHwPCMultiCastOverrideConfiguration
01-16 09:49:53.853  2913  4346 I HwTaskEx: setIsEmptyTaskStartFromRecentForDesktop mStack: Task{b7e933b #64778 type=standard A=10616:com.anonymous.breakloopnative} isEmptyTaskStartFromRecentForDesktop:false
01-16 09:49:53.853  2913  4346 I ActivityTaskManager: task snapshot clear window but ForceRotateState is true!
01-16 09:49:53.853  2913  4346 D HwActivityRecordEx: changeSplashThemeIfNeeded, enableChangeSplashTheme=true, mTargetSdk=36, isNeededMainSplash=false, useLegacy=false, resolvedTheme=2131952164, resultTheme=2131952164
01-16 09:49:53.853  2913  4346 D TaskOrganizerController: addStartingWindow contains googlepatch
01-16 09:49:53.854  2913  4346 I HwActivityTaskManagerServiceEx: [snapshot cache] activity = ActivityRecord{73f36c u0 com.anonymous.breakloopnative/.MainActivity t64778} can not find SnapshotCache.
01-16 09:49:53.854  2913  4346 I ActivityTaskManager: shouldPauseImmediately = false
01-16 09:49:53.854  4350  4579 I ShellStartingWindow: start add StartingWindow
01-16 09:49:53.854  2913  4346 I PowerManagerService: wakeLock.mDisabled:false, mDeviceIdleMode:false, mProcState:0
01-16 09:49:53.854  2913  4346 I PowerManagerService: need acquire WakeLockSuspendBlocker
01-16 09:49:53.855  2913  4346 I PowerManagerService: Acquiring suspend blocker "PowerManagerService.WakeLocks".
01-16 09:49:53.856  2913  4346 I ActivityTaskManager:  (BAL_ALLOW_PERMISSION) result code=0
01-16 09:49:53.857  4350  4579 V WindowManagerShell: Transition requested (#307): android.os.BinderProxy@f80b56e TransitionRequestInfo { type = OPEN, triggerTask = TaskInfo{userId=0 taskId=64778 displayId=0 isRunning=true baseIntent=Intent { act=android.intent.action.VIEW dat=exp+breakloop-native://expo-development-client/... flg=0x10000000 cmp=com.anonymous.breakloopnative/.MainActivity } baseActivity=ComponentInfo{com.anonymous.breakloopnative/com.anonymous.breakloopnative.MainActivity} topActivity=ComponentInfo{com.anonymous.breakloopnative/com.anonymous.breakloopnative.MainActivity} origActivity=null realActivity=ComponentInfo{com.anonymous.breakloopnative/com.anonymous.breakloopnative.MainActivity} launchedFromPackage=com.android.shell forceRotateMode=-1 numActivities=1 lastActiveTime=36760811 isSupportsHwFreeForm=true supportsHnSplitScreenMultiWindow=true supportsHnTopBotSplitScreenfalse supportsMultiWindow=true resizeMode=1 isResizeable=true minWidth=-1 minHeight=-1 defaultMinSize=220 token=WCT{android.window.IWindowContainerToken$Stub$Proxy@228f40f} topActivityType=1 pictureInPictureParams=null isAutoRemoveRecents=false shouldDockBigOverlays=false launchIntoPipHostTaskId=-1 lastParentTaskIdBeforePip=-1 displayCutoutSafeInsets=Rect(0, 141 - 0, 0) topActivityInfo=ActivityInfo{866ac9c com.anonymous.breakloopnative.MainActivity} windowMode=1 launchCookies=[] positionInParent=Point(0, 0) parentTaskId=-1 isFocused=false isVisible=false isFreeformEnterPip=false isVisibleRequested=false isSleeping=false locusId=null displayAreaFeatureId=1 isTopActivityTransparent=false appCompatTaskInfo=AppCompatTaskInfo { topActivityInSizeCompat=false topActivityEligibleForLetterboxEducation= falseisLetterboxEducationEnabled= false isLetterboxDoubleTapEnabled= false topActivityEligibleForUserAspectRatioButton= false topActivityBoundsLetterboxed= false isFromLetterboxDoubleTap= false topActivityLetterboxVerticalPosition= -1 topActivityLetterboxHorizontalPosition= -1 topActivityLetterboxWidth=1280 topActivityLetterboxHeight=2800 isUserFullscreenOverrideEnabled=false isSystemFullscreenOverrideEnabled=false cameraCompatTaskInfo=CameraCompatTaskInfo { cameraCompatControlState=hidden freeformCameraCompatMode=inactive}} hnTaskInfoEx=HnTaskInfoEx{freeformPaddingType=0 shouldFreeformSetSurfaceCorner=false affinity=10616:com.anonymous.breakloopnative appOrientationPolicy=1 gridLimitedPolicy=-1 forceResize=-1 extraPackageName=null extraUserId=0 shouldExitMiniWindow=false mIsCustomizedFreeformWindow=false mCustomizedWindowProp=null isDeskTopFreeformAlive=false isSupportDesktopModeFreeform=true isNeedLaunchInSamePosition=false isDisableNotSupportToast=false isNeedLaunchInCaller=false isExitDesktopModeWhenStart=false isSupportLandScapeFreeform=false isEmptyTaskStartFromRecentForDesktop=false mIsLauncherFromHnEmbedded=false isSupportForceLandscapeFreeformForPad=false mCallerPackageName=com.android.shell isSupportForceLaunchInFreeformInDesktopMode=false shouldHideWindowDecorForDesktop=false desktopTemplateSteplessRatio=0 isActivityUnSupportHnDesktopModeFreeForm=false mShouldNotHandledForDesktop=0} targetScaleForVerticalInwardFold=1.0}, pipTask = null, remoteTransition = null, displayChange = null, flags = 0, debugId = 307, displayMode = 0, hnTransitionRequestInfoEx = HnTransitionRequestInfoEx { isAllowAsyncStartTransitionfalsemIsCrossAppLaunchfalse} }
01-16 09:49:53.857  4350  4579 E HnFreeformController: mHnDesktopTasksController is null
01-16 09:49:53.857  4350  4579 I PopOverTransitionHandler: handleRequest
01-16 09:49:53.859  2913  4642 I ActivityTaskManager: Making visible and scheduling visibility: ActivityRecord{73f36c u0 com.anonymous.breakloopnative/.MainActivity t64778}
01-16 09:49:53.860  2913  2979 I UsageStatsService: reportEvent : component= ComponentInfo{com.android.settings/com.hihonor.settingslib.SubSettings} eventType= 2
01-16 09:49:53.860  2913  4642 W OptProp : Cannot read opt property android.window.PROPERTY_COMPAT_ENABLE_FAKE_FOCUS
01-16 09:49:53.860  2913  4642 I HwActivityTaskManagerServiceEx: handleFreeformBallForFocusChange
01-16 09:49:53.860  2913  4642 W HwActivityTaskManagerServiceEx: appSwitch from: com.android.settings to: com.anonymous.breakloopnative
01-16 09:49:53.860  2913  4642 I WindowManager: Changing focus from Window{b0e49c0 u0 com.android.settings/com.hihonor.settingslib.SubSettings} to null mode 0 displayId=0
01-16 09:49:53.861  2913  4642 I HwDisplayContentEx: currentFocus windowstate null
01-16 09:49:53.861  2913  4642 I ZrHung.AppEyeFocusWindow: NFW check null
01-16 09:49:53.861  2913  4642 I HwMultiWindowManager: The SurfaceControl.setColorMgrInfo() interface has been deleted, please refer to SR000G5CKR description for details
01-16 09:49:53.861  2913  2976 I HwAftPolicyService: Focus Change to null in middle state, ignore!
01-16 09:49:53.863  2913  2944 D HwNetworkManagementService: code == CODE_SET_CHR_REPORT_APP_LIST
01-16 09:49:53.863  2913  4208 E HWMW_HwMagicWindowManagerImpl: service has not been started
01-16 09:49:53.863  2913  4208 D HwWindowStateEx: construct win com.android.server.wm.HwWindowStateEx@bf95ded,comp ComponentInfo{com.anonymous.breakloopnative/com.anonymous.breakloopnative.MainActivity},mLayoutInCutoutLandscape false
01-16 09:49:53.865  2913  3729 D HwActivityManagerServiceEx: getPackageNameForPid callingAppId: 1000
01-16 09:49:53.865  2913  3729 I SWAP_SCENE: Entering notifySceneData notifySceneData. EventType:APP_SWITCH_FROM para:com.android.settings
01-16 09:49:53.865  2913  3729 I SWAP_SCENE: Entering notifySceneData notifySceneData. EventType:APP_SWITCH_TO para:com.anonymous.breakloopnative
01-16 09:49:53.865  2913  5651 I SWAP_AppScore: adjustSwapRatio:pkg:com.android.settings
01-16 09:49:53.865  2913  5651 I SWAP_AppScore: getSwapRatioForFrequentUseApp + pkgName:com.android.settings swapRatio:0
01-16 09:49:53.865  2913  5651 I SWAP_AppScore: adjustSwapRatio:frequentUseAppMap:swapratio0 pkgName:com.android.settings
01-16 09:49:53.865  2913  5651 I SWAP_AppScore: ParaConfig have no swapIndex parameters
01-16 09:49:53.865  2913  5651 I SWAP_AppScore: final ratio info: pkgName:com.android.settings, reclaime ratio:60, swap ratio:0
01-16 09:49:53.865  2913  5651 I SWAP_AppScore: setScoreAndRatioLive::pkgName:com.android.settings score:300 write r-Ratio:60 s-Ratio: 0 refault:50
01-16 09:49:53.866  2913  2979 V ActivityTaskManager: Activity idle: null
01-16 09:49:53.866  2913  5504 D SWAP_BufferProc: handle app start, stop zswapd.
01-16 09:49:53.866  2913  5504 D SWAP_BufferProc: closeZswapd now.
01-16 09:49:53.866  2913  5651 I SWAP_GkiKernelInterface: set score to 0 for pkg com.anonymous.breakloopnative groupId 75, success
01-16 09:49:53.866  2913  5651 I SWAP_AppModel: setDailyUseCount pkgName:com.anonymous.breakloopnative dailyUseCount:2
01-16 09:49:53.866  2913  5651 I SWAP_AppModel: getDailyUseCount. pkgName:com.anonymous.breakloopnative dailyUseCount:2
01-16 09:49:53.866  2913  5651 I SWAP_AppScore: ParaConfig have no swapIndex parameters
01-16 09:49:53.866  2913  5651 I SWAP_AppScore: final ratio info: pkgName:com.anonymous.breakloopnative, reclaime ratio:0, swap ratio:0
01-16 09:49:53.866  2913  5651 I SWAP_AppScore: setScoreAndRatioForeground::pkgName:com.anonymous.breakloopnative score:0  write r-Ratio:0 s-Ratio:0 refault:50
01-16 09:49:53.866  2913  5504 I SWAP_GkiKernelInterface: change swapout switch: close, app start
01-16 09:49:53.866  2913  5504 D SWAP_GkiKernelInterface: writeRatioNew success, pkgName = com.anonymous.breakloopnative, memZramRatio = 0, zramEswapRatio = 0, reclaimRefault = 50
01-16 09:49:53.866  2913  5504 I SWAP_AppScore: finish msg processing!
01-16 09:49:53.866  2913  3655 I AlarmManager: remove alarm reason:1 alarms:[Alarm{5110f9c type 0 origWhen 1768553531124 whenElapsed 36898079 PendingIntent{6025313: PendingIntentRecord{7ff5950 com.hihonor.awareness broadcastIntent}} com.hihonor.awareness procName com.hihonor.awareness}]
01-16 09:49:53.866  4350  4602 D FullScreenUtils: isNeedToHideStatusBar: splitscreenstate=0
01-16 09:49:53.867  2913  5651 D SWAP_GkiKernelInterface: force swap in true for app com.anonymous.breakloopnative
01-16 09:49:53.867  2913  2979 I ActivityTaskManager: animating need stay in stopping state: com.android.settings/com.hihonor.settingslib.SubSettings
01-16 09:49:53.867  2913  5651 I SWAP_AppModel: app switch to foreground,true
01-16 09:49:53.867  4700  4771 I HwNetworkPolicyManager: getHwUidPolicy uid = 10616 policy = 0
01-16 09:49:53.868  4350  4579 E HnFreeformController: mHnDesktopTasksController is null
01-16 09:49:53.868  4350  4579 I CaptionWindowDecorViewModel: onTaskInfoChanged taskId=64743
01-16 09:49:53.869  2913  3022 I AppEyeTopApp: handleTopAppChange, fg, enable pid=9552, uid=10616 time:36760815
01-16 09:49:53.869  2913  2944 I HwNetworkManagementService: chr appuid set succeeded
01-16 09:49:53.869  2913  2944 I HwNetworkManagementService: android.os.ServiceSpecificException: Operation not permitted (code 1)
01-16 09:49:53.869  2913  2944 I HwNetworkManagementService: 	at android.os.Parcel.createExceptionOrNull(Parcel.java:3276)
01-16 09:49:53.869  2913  2944 I HwNetworkManagementService: 	at android.os.Parcel.createException(Parcel.java:3246)
01-16 09:49:53.869  2913  2944 I HwNetworkManagementService: 	at android.os.Parcel.readException(Parcel.java:3229)
01-16 09:49:53.869  2913  2944 I HwNetworkManagementService: 	at android.os.Parcel.readException(Parcel.java:3171)
01-16 09:49:53.869  2913  2944 I HwNetworkManagementService: 	at com.android.internal.net.IOemNetd$Stub$Proxy.setChrAppUid(IOemNetd.java:1273)
01-16 09:49:53.869  2913  2944 I HwNetworkManagementService: 	at com.android.server.net.HwNetworkManagementService.setChrReportUid(HwNetworkManagementService.java:2888)
01-16 09:49:53.869  2913  2944 I HwNetworkManagementService: 	at com.android.server.net.HwNetworkManagementService.onTransact(HwNetworkManagementService.java:1113)
01-16 09:49:53.869  2913  2944 I HwNetworkManagementService: 	at android.os.Binder.execTransactInternal(Binder.java:1539)
01-16 09:49:53.869  2913  2944 I HwNetworkManagementService: 	at android.os.Binder.execTransact(Binder.java:1476)
01-16 09:49:53.870  2913  6982 I DE J DES: [effect] Pg pkg:com.anonymous.breakloopnative
01-16 09:49:53.870  2913  3703 E ProcessInfoCollector: getProcessInfo: proc should not less than zero.
01-16 09:49:53.870  2913  3703 I JobScheduler: isReadyToBeExecutedLocked, job is prohibit by iaware: JobStatus{53e3a7b #u0a534/1024 com.taobao.idlefish/com.taobao.fleamarket.pedometer.PedometerJobService u=0 s=10534 TIME=-10h12m24s881ms:-10h12m24s881ms NET IDLE PERSISTED READY}
01-16 09:49:53.870  2913  3703 E ProcessInfoCollector: getProcessInfo: proc should not less than zero.
01-16 09:49:53.870  2913  3703 I JobScheduler: isReadyToBeExecutedLocked, job is prohibit by iaware: JobStatus{91af6b3 #u0a431/123934782 com.eg.android.AlipayGphone/com.alipay.mobile.common.job.JobService u=0 s=10431 TIME=-10h12m24s881ms:-10h12m24s881ms PERSISTED READY}
01-16 09:49:53.870  2913  3703 E ProcessInfoCollector: getProcessInfo: proc should not less than zero.
01-16 09:49:53.870  2913  3703 I JobScheduler: isReadyToBeExecutedLocked, job is prohibit by iaware: JobStatus{917c470 #u0a431/123934781 com.eg.android.AlipayGphone/com.alipay.mobile.common.job.JobService u=0 s=10431 TIME=-10h12m24s881ms:-10h12m24s881ms PERSISTED READY}
01-16 09:49:53.870  2913  3703 E ProcessInfoCollector: getProcessInfo: proc should not less than zero.
01-16 09:49:53.870  2913  3703 I JobScheduler: isReadyToBeExecutedLocked, job is prohibit by iaware: JobStatus{c2833be #u0a425/1 com.tencent.mobileqq/.msf.service.MSFAliveJobService u=0 s=10425 TIME=-10h12m24s881ms:-10h12m24s881ms PERIODIC PERSISTED READY}
01-16 09:49:53.870  2913  3703 E ProcessInfoCollector: getProcessInfo: proc should not less than zero.
01-16 09:49:53.870  2913  2979 I UsageStatsService: reportEvent : component= ComponentInfo{com.anonymous.breakloopnative/com.anonymous.breakloopnative.MainActivity} eventType= 1
01-16 09:49:53.870  2913  3703 I JobScheduler: isReadyToBeExecutedLocked, job is prohibit by iaware: JobStatus{87258fe #u0a408/1073741829 com.microsoft.skydrive/.jobs.LocalNotificationDailyJob u=0 s=10408 TIME=-10h12m24s881ms:none PERSISTED READY}
01-16 09:49:53.871  2913  3703 E ProcessInfoCollector: getProcessInfo: proc should not less than zero.
01-16 09:49:53.871  2913  3703 I JobScheduler: isReadyToBeExecutedLocked, job is proxy: JobStatus{cbb8b41 #u0a307/-1743238118 com.facebook.orca/com.facebook.messaging.livelocation.bindings.MessengerLiveLocationBooterService u=0 s=10307 TIME=none:-1h59m42s912ms READY}
01-16 09:49:53.871  2913  3703 E ProcessInfoCollector: getProcessInfo: proc should not less than zero.
01-16 09:49:53.871  2913  3703 I JobScheduler: isReadyToBeExecutedLocked, job is prohibit by iaware: JobStatus{dad46da #u0a270/78778 com.amazon.clouddrive.photos/androidx.work.impl.background.systemjob.SystemJobService u=0 s=10270 URIS=[android.app.job.JobInfo$TriggerContentUri@8abd8844, android.app.job.JobInfo$TriggerContentUri@691cff99] READY}
01-16 09:49:53.871  2913  2979 I HnFrozenAppService: 21244 is frozen by HAware
01-16 09:49:53.872  2913  4837 D HwActivityManagerServiceEx: getPackageNameForPid callingAppId: 1000
01-16 09:49:53.872  2913  3703 E ProcessInfoCollector: getProcessInfo: proc should not less than zero.
01-16 09:49:53.872  2913  3703 I JobScheduler: isReadyToBeExecutedLocked, job is proxy: JobStatus{5a51531 #u0a268/4 com.whatsapp/.infra.push.RegistrationIntentService u=0 s=10268 TIME=none:-12s559ms READY}
01-16 09:49:53.872  2913  3703 E ProcessInfoCollector: getProcessInfo: proc should not less than zero.
01-16 09:49:53.872  2913  3703 I JobScheduler: isReadyToBeExecutedLocked, job is prohibit by iaware: JobStatus{d7a00a7 androidx.work.systemjobscheduler:u0a238/7154 @androidx.work.systemjobscheduler@com.tippingcanoe.mydealz/androidx.work.impl.background.systemjob.SystemJobService u=0 s=10238 TIME=-9h19m32s74ms:none NET READY}
01-16 09:49:53.872  2913  3703 E ProcessInfoCollector: getProcessInfo: proc should not less than zero.
01-16 09:49:53.872  2913  3703 I JobScheduler: isReadyToBeExecutedLocked, job is proxy: JobStatus{6172efe #u0a222/-1199678986 com.facebook.katana/com.facebook.conditionalworker.ConditionalWorkerService u=0 s=10222 TIME=none:-9h3m53s95ms READY}
01-16 09:49:53.873  2913  3703 E ProcessInfoCollector: getProcessInfo: proc should not less than zero.
01-16 09:49:53.873  2913  3703 I JobScheduler: isReadyToBeExecutedLocked, job is prohibit by iaware: JobStatus{10762ac #u0a131/100050 com.microsoft.appmanager/com.microsoft.mmx.agents.EventAggregatorJob u=0 s=10131 TIME=-10h12m24s884ms:-10h12m24s884ms NET BATNOTLOW PERIODIC PERSISTED READY}
01-16 09:49:53.873  2913  3703 E ProcessInfoCollector: getProcessInfo: proc should not less than zero.
01-16 09:49:53.873  2913  3703 I JobScheduler: isReadyToBeExecutedLocked, job is proxy: JobStatus{ebd5424 SyncManager:1000/134 @SyncManager@com.android.calendar/com.google:android u=0 s=10155 TIME=-10h10m27s575ms:none NET STORENOTLOW PERSISTED failures=2 READY}
01-16 09:49:53.874  2913  3703 E ProcessInfoCollector: getProcessInfo: proc should not less than zero.
01-16 09:49:53.874  2913  3703 I JobScheduler: isReadyToBeExecutedLocked, job is proxy: JobStatus{4349f8c SyncManager:1000/162 @SyncManager@com.android.calendar/com.google:android u=0 s=10155 TIME=-10h10m27s578ms:none NET STORENOTLOW PERSISTED failures=2 READY}
01-16 09:49:53.874  2913  3703 E ProcessInfoCollector: getProcessInfo: proc should not less than zero.
01-16 09:49:53.874  2913  3703 I JobScheduler: isReadyToBeExecutedLocked, job is proxy: JobStatus{23f1553 SyncManager:1000/166 @SyncManager@com.android.calendar/com.google:android u=0 s=10155 TIME=-10h10m27s573ms:none NET STORENOTLOW PERSISTED failures=2 READY}
01-16 09:49:53.880  2913  3655 D HwActivityManagerServiceEx: getPackageNameForPid callingAppId: 1000
01-16 09:49:53.885  2913  4837 I HwAudioService: now type = 255,reportForegroundAppType = -1,pkg = null,systemload = 255VOIP_OPTIMIZE_IN_GAMEMODEfalse
01-16 09:49:53.890  2913  4642 I PowerManagerService: wakeLock.mDisabled:false, mDeviceIdleMode:false, mProcState:0
01-16 09:49:53.892  4114  4114 I VRI[SubSettings]: send MSG_WINDOW_FOCUS_CHANGED msg
01-16 09:49:53.892  4114  4114 I ViewRootImpl: focus window changed, set pointer icon to default
01-16 09:49:53.892  2913  4208 I InputManager: setPointerIcon icon = PointerIcon{type=10001, hotspotX=0.0, hotspotY=0.0, center[-1.0,-1.0], bimtap:null, mFocusView:0, mWidth:0.0, mHeight:0.0, mRadiusX:0.0, mRadiusY:0.0, mScale:-1.0, mTargetColor:0, mClickColor:0, mChanged:false} mPointerIconId = 10001 mPointerIconAnimatorEnable = true mSingleHandIsRunning = falsedisplayId = -999 deviceId = -999 pointerId = -999
01-16 09:49:53.892  2913  4208 I InputManager: setVendorPointerIconTypeImpl mPointerIconId = 10001  iconId = 10001
01-16 09:49:53.899  2913  4919 I PowerManagerService: wakeLock.mDisabled:false, mDeviceIdleMode:false, mProcState:0
01-16 09:49:53.900  4350  4603 I ShellStartingWindow: legacyDrawable: null ,finalType: 1
01-16 09:49:53.901  4350  4603 I ShellStartingWindow: attrs.mWindowBgColor: -16777216 ,attrs.mWindowBgResId: 17170472
01-16 09:49:53.901  4350  4603 I ShellStartingWindow: estimatedWindowBGColor: ff000000
01-16 09:49:53.901  4350  4603 I ShellStartingWindow:  getFromRes ,hash: 986517127 ,result: ff000000
01-16 09:49:53.915  4350  4602 D FullScreenUtils: isNeedToHideStatusBar: splitscreenstate=0
01-16 09:49:53.915  2913  4841 D CoreBackPreview: Window{6196422 u0 Splash Screen com.anonymous.breakloopnative}: Setting back callback OnBackInvokedCallbackInfo{mCallback=android.window.IOnBackInvokedCallback$Stub$Proxy@e95b634, mPriority=0, mIsAnimationCallback=false}
01-16 09:49:53.917  4350  4602 D FullScreenUtils: isNeedToHideStatusBar: splitscreenstate=0
01-16 09:49:53.917  4350  4602 D FullScreenUtils: isNeedToHideStatusBar: splitscreenstate=0
01-16 09:49:53.917  4350  4602 D FullScreenUtils: isNeedToHideStatusBar: splitscreenstate=0
01-16 09:49:53.920  2913  2980 D TaskOrganizerController: onTaskAppeared add task: Task{b7e933b #64778 type=standard A=10616:com.anonymous.breakloopnative} called by :com.android.server.wm.Task.sendTaskAppeared:5837 com.android.server.wm.Task.setDeferTaskAppear:5806 com.android.server.wm.Transition.commitVisibleActivities:2870 com.android.server.wm.Transition.onTransactionReady:2299 com.android.server.wm.BLASTSyncEngine$SyncGroup.finishNow:420 com.android.server.wm.BLASTSyncEngine$SyncGroup.tryFinish:264 com.android.server.wm.BLASTSyncEngine$SyncGroup.-$$Nest$mtryFinish:0 com.android.server.wm.BLASTSyncEngine.onSurfacePlacement:800 
01-16 09:49:53.921  2913  2980 I HnTransitionEx: reCalculateTransitionInfoForDesktopMode: isDesktopModeActiveTask setStartAbsBounds
01-16 09:49:53.921  2913  2980 I HnTransitionEx: reCalculateTransitionInfoForDesktopMode: isDesktopModeActiveTask setStartAbsBounds
01-16 09:49:53.921  2913  2980 D HwWindowManagerServiceEx: constructHnTransitionAnimationInfo wc size : 2
01-16 09:49:53.921  2913  2980 D HwWindowManagerServiceEx: constructHnTransitionAnimationInfo type: open activity : ActivityRecord{73f36c u0 com.anonymous.breakloopnative/.MainActivity t64778}, isSplitMode : false
01-16 09:49:53.921  2913  2980 D HwWindowManagerServiceEx: mIntelligentCardPosition = null
01-16 09:49:53.921  2913  2980 D HwWindowManagerServiceEx: constructHnTransitionAnimationInfo type: close activity : ActivityRecord{e3b7678 u0 com.android.settings/com.hihonor.settingslib.SubSettings t64743}, isSplitMode : false
01-16 09:49:53.921  2913  2980 D HwWindowManagerServiceEx: mIntelligentCardPosition = null
01-16 09:49:53.921  2913  2980 I HwWindowManagerServiceEx: isBackToParallelSpaceLauncher launcherOpen =false; isWallpaperNoAnimation false
01-16 09:49:53.921  2913  2980 D HwMultiWindowManager: setParticialSplitScreenStatus: status=false, partialSplitTaskId=-1
01-16 09:49:53.922  4350  5607 V WindowManagerShell: onTransitionReady(transaction=12511239767269)
01-16 09:49:53.922  4350  4579 V WindowManagerShell: onTransitionReady android.os.BinderProxy@f80b56e: {id=307 t=OPEN f=0x0 trk=0 includeEmbeddedWindow=false isKeyGuardLocked=false r=[0@Point(0, 0)#false] c=[{WCT{android.window.IWindowContainerToken$Stub$Proxy@4029164} m=OPEN f=NONE leash=Surface(name=Task=64778)/@0x577cb91 sb=Rect(0, 0 - 1280, 2800) eb=Rect(0, 0 - 1280, 2800) d=0 taskParent=-1 mSkipAnimation=false taskId = 0},{WCT{android.window.IWindowContainerToken$Stub$Proxy@4bc8fcd} m=TO_BACK f=NONE leash=Surface(name=Task=64743)/@0x72e0af6 sb=Rect(0, 0 - 1280, 2800) eb=Rect(0, 0 - 1280, 2800) d=0 taskParent=-1 mSkipAnimation=false taskId = 0}]}
01-16 09:49:53.922  4350  4579 I FreeformTaskTransitionObserver: onTransitionReady mode=1,taskId=64778
01-16 09:49:53.922  4350  4579 I CaptionWindowDecorViewModel: onTaskOpening shouldShowWindowDecor=false,taskId=64778
01-16 09:49:53.922  4350  4579 I FreeformTaskTransitionObserver: onTransitionReady mode=4,taskId=64743
01-16 09:49:53.922  4350  4579 I ShellTransitions: Transition ready: (#307) android.os.BinderProxy@f80b56e@0 abort? false and playing: null
01-16 09:49:53.922  4350  4579 I WindowManagerShell: Playing animation for (#307) android.os.BinderProxy@f80b56e@0
01-16 09:49:53.922  4350  4579 V WindowManagerShell:  try handler com.android.wm.shell.hnmagicwindow.HnMagicWindowTransitionController@e1f49ae
01-16 09:49:53.922  4350  4579 V WindowManagerShell:  try handler com.android.wm.shell.hnmultiwindow.MultiWindowTransitionHandler@659934f
01-16 09:49:53.922  4350  4579 I MultiWindowTransitionHandler: shouldStartAnimation: false
01-16 09:49:53.922  4350  4579 V WindowManagerShell:  try handler com.android.wm.shell.transition.DefaultMixedHandler@d1ffadc
01-16 09:49:53.922  4350  4579 V WindowManagerShell:  try handler com.android.wm.shell.activityembedding.HnActivityEmbeddingController@73507e5
01-16 09:49:53.922  4350  4579 V WindowManagerShell:  try handler com.android.wm.shell.keyguard.KeyguardTransitionHandler@a1a52ba
01-16 09:49:53.922  4350  4579 V WindowManagerShell:  try handler com.android.wm.shell.pip.PipTransition@f922756
01-16 09:49:53.922  4350  4579 V WindowManagerShell:  try handler com.android.wm.shell.splitscreen.StageCoordinator@e9d7dde
01-16 09:49:53.922  4350  4579 V WindowManagerShell:  try handler com.android.wm.shell.recents.RecentsTransitionHandler@57e930b
01-16 09:49:53.922  4350  4579 I ShellRecents: RecentsTransitionHandler.startAnimation: no controller found
01-16 09:49:53.922  4350  4579 V WindowManagerShell:  try handler com.android.wm.shell.popover.PopOverTransitionHandler@bbb23d7
01-16 09:49:53.922  4350  4579 I PopOverTransitionHandler: startAnimation
01-16 09:49:53.922  4350  4579 I PopOverTransitionHandler: startAnimation  does not hasPopOverChange, returning false
01-16 09:49:53.922  4350  4579 V WindowManagerShell:  try handler com.android.wm.shell.freeform.FreeformTaskTransitionHandler@2e3f4c4
01-16 09:49:53.922  4350  4579 E HnFreeformController: mHnDesktopTasksController is null
01-16 09:49:53.922  4350  4579 V WindowManagerShell:  try handler com.android.wm.shell.transition.RemoteTransitionHandler@33b1fad
01-16 09:49:53.922  4350  4579 V WindowManagerShell: Transition doesn't have explicit remote, search filters for match for {id=307 t=OPEN f=0x0 trk=0 includeEmbeddedWindow=false isKeyGuardLocked=false r=[0@Point(0, 0)#false] c=[{WCT{android.window.IWindowContainerToken$Stub$Proxy@4029164} m=OPEN f=NONE leash=Surface(name=Task=64778)/@0x577cb91 sb=Rect(0, 0 - 1280, 2800) eb=Rect(0, 0 - 1280, 2800) d=0 taskParent=-1 mSkipAnimation=false taskId = 0},{WCT{android.window.IWindowContainerToken$Stub$Proxy@4bc8fcd} m=TO_BACK f=NONE leash=Surface(name=Task=64743)/@0x72e0af6 sb=Rect(0, 0 - 1280, 2800) eb=Rect(0, 0 - 1280, 2800) d=0 taskParent=-1 mSkipAnimation=false taskId = 0}]}
01-16 09:49:53.922  4350  4579 V WindowManagerShell:  Checking filter Pair{{types=[] flags=0x0] notFlags=0x100 checks=[{atype=home independent=true modes=[OPEN,TO_FRONT] flags=NONE mustBeTask=false order=ANY topActivity=ComponentInfo{com.hihonor.android.launcher/com.hihonor.android.launcher.unihome.UniHomeLauncher} launchCookie=null},{atype=standard independent=true modes=[CLOSE,TO_BACK] flags=NONE mustBeTask=false order=ANY topActivity=null launchCookie=null},{NOT atype=standard independent=true modes=[] flags=TRANSLUCENT mustBeTask=false order=ANY topActivity=null launchCookie=null}]} RemoteTransition { remoteTransition = android.window.IRemoteTransition$Stub$Proxy@6e7c3af, backRemoteTransition = , appThread = android.app.IApplicationThread$Stub$Proxy@6a7d3bc, debugName = QuickstepLaunchHome }}
01-16 09:49:53.922  4350  4579 V WindowManagerShell:  Delegate animation for (#307) to null
01-16 09:49:53.922  4350  4579 E RemoteTransitionHandler: pending remote null
01-16 09:49:53.922  4350  4579 V WindowManagerShell:  try handler com.android.wm.shell.transition.DefaultTransitionHandler@28d9930
01-16 09:49:53.922  4350  4579 V WindowManagerShell: start default transition animation, info = {id=307 t=OPEN f=0x0 trk=0 includeEmbeddedWindow=false isKeyGuardLocked=false r=[0@Point(0, 0)#false] c=[{WCT{android.window.IWindowContainerToken$Stub$Proxy@4029164} m=OPEN f=NONE leash=Surface(name=Task=64778)/@0x577cb91 sb=Rect(0, 0 - 1280, 2800) eb=Rect(0, 0 - 1280, 2800) d=0 taskParent=-1 mSkipAnimation=false taskId = 0},{WCT{android.window.IWindowContainerToken$Stub$Proxy@4bc8fcd} m=TO_BACK f=NONE leash=Surface(name=Task=64743)/@0x72e0af6 sb=Rect(0, 0 - 1280, 2800) eb=Rect(0, 0 - 1280, 2800) d=0 taskParent=-1 mSkipAnimation=false taskId = 0}]}
01-16 09:49:53.923  4350  4579 I DefaultTransitionHandler: start default transition, wallpaperTransit: 0
01-16 09:49:53.923  4350  4579 I DefaultTransitionHandler: loadAnimation: type=OPEN flags=0 changeMode=4 changeFlags=NONE isOpeningType=true enter=false isTask=true overrideType=0 endBounds=Rect(0, 0 - 1280, 2800) options =  null 
01-16 09:49:53.923  4350  4579 D HnTransitionAnimationAdapter: Bundle : Bundle[{wallpaper_transit=0, isSpltMode=false, local_anim_config=false}]
01-16 09:49:53.923  4350  4579 V WindowManagerShell: loadAnimation: anim=android.view.animation.AnimationSet@d91a5ef animAttr=0x9 type=OPEN isEntrance=false
01-16 09:49:53.928  2913  2980 I WindowManager: EHDR real capture,task: Task{c297994 #64743 type=standard A=1000:com.android.settings} ,snapshot: TaskSnapshot{ mId=1768553393922 mCaptureTime=36760882744607 mTopActivityComponent=com.android.settings/com.hihonor.settingslib.SubSettings mSnapshot=android.hardware.HardwareBuffer@359011e (1280x2800) mColorSpace=Display P3 (id=7, model=RGB) mOrientation=1 mRotation=0 mTaskSize=Point(1280, 2800) mContentInsets=[0,141][0,78] mLetterboxInsets=[0,0][0,0] mIsLowResolution=false mIsRealSnapshot=true mWindowingMode=1 mAppearance=0 mIsTranslucent=false mHasImeSurface=false mIsForceRotate=false mInternalReferences=0
01-16 09:49:53.928  2913  2976 V WindowManager: Sent Transition (#307) createdAt=01-16 09:49:53.848 via request=TransitionRequestInfo { type = OPEN, triggerTask = TaskInfo{userId=0 taskId=64778 displayId=0 isRunning=true baseIntent=Intent { act=android.intent.action.VIEW dat=exp+breakloop-native://expo-development-client/... flg=0x10000000 cmp=com.anonymous.breakloopnative/.MainActivity } baseActivity=ComponentInfo{com.anonymous.breakloopnative/com.anonymous.breakloopnative.MainActivity} topActivity=ComponentInfo{com.anonymous.breakloopnative/com.anonymous.breakloopnative.MainActivity} origActivity=null realActivity=ComponentInfo{com.anonymous.breakloopnative/com.anonymous.breakloopnative.MainActivity} launchedFromPackage=com.android.shell forceRotateMode=-1 numActivities=1 lastActiveTime=36760811 isSupportsHwFreeForm=true supportsHnSplitScreenMultiWindow=true supportsHnTopBotSplitScreenfalse supportsMultiWindow=true resizeMode=1 isResizeable=true minWidth=-1 minHeight=-1 defaultMinSize=220 token=WCT{RemoteToken{3c719d2 Task{b7e933b #64778 type=standard A=10616:com.anonymous.breakloopnative}}} topActivityType=1 pictureInPictureParams=null isAutoRemoveRecents=false shouldDockBigOverlays=false launchIntoPipHostTaskId=-1 lastParentTaskIdBeforePip=-1 displayCutoutSafeInsets=Rect(0, 141 - 0, 0) topActivityInfo=ActivityInfo{bb6d41f com.anonymous.breakloopnative.MainActivity} windowMode=1 launchCookies=[] positionInParent=Point(0, 0) parentTaskId=-1 isFocused=false isVisible=false isFreeformEnterPip=false isVisibleRequested=false isSleeping=false locusId=null displayAreaFeatureId=1 isTopActivityTransparent=false appCompatTaskInfo=AppCompatTaskInfo { topActivityInSizeCompat=false topActivityEligibleForLetterboxEducation= falseisLetterboxEducationEnabled= false isLetterboxDoubleTapEnabled= false topActivityEligibleForUserAspectRatioButton= false topActivityBoundsLetterboxed= false isFromLetterboxDoubleTap= false topActivityLetterboxVerticalPosition= -1 topActivityLetterboxHorizontalPosition= -1 topActivityLetterboxWidth=1280 topActivityLetterboxHeight=2800 isUserFullscreenOverrideEnabled=false isSystemFullscreenOverrideEnabled=false cameraCompatTaskInfo=CameraCompatTaskInfo { cameraCompatControlState=hidden freeformCameraCompatMode=inactive}} hnTaskInfoEx=HnTaskInfoEx{freeformPaddingType=0 shouldFreeformSetSurfaceCorner=false affinity=10616:com.anonymous.breakloopnative appOrientationPolicy=1 gridLimitedPolicy=-1 forceResize=-1 extraPackageName=null extraUserId=0 shouldExitMiniWindow=false mIsCustomizedFreeformWindow=false mCustomizedWindowProp=null isDeskTopFreeformAlive=false isSupportDesktopModeFreeform=true isNeedLaunchInSamePosition=false isDisableNotSupportToast=false isNeedLaunchInCaller=false isExitDesktopModeWhenStart=false isSupportLandScapeFreeform=false isEmptyTaskStartFromRecentForDesktop=false mIsLauncherFromHnEmbedded=false isSupportForceLandscapeFreeformForPad=false mCallerPackageName=com.android.shell isSupportForceLaunchInFreeformInDesktopMode=false shouldHideWindowDecorForDesktop=false desktopTemplateSteplessRatio=0 isActivityUnSupportHnDesktopModeFreeForm=false mShouldNotHandledForDesktop=0} targetScaleForVerticalInwardFold=1.0}, pipTask = null, remoteTransition = null, displayChange = null, flags = 0, debugId = 307, displayMode = 0, hnTransitionRequestInfoEx = HnTransitionRequestInfoEx { isAllowAsyncStartTransitionfalsemIsCrossAppLaunchfalse} }
01-16 09:49:53.928  2913  2976 V WindowManager:     startWCT=WindowContainerTransaction { changes = {} hops = [] hnProperties = {} errorCallbackToken=null taskFragmentOrganizer=null }
01-16 09:49:53.928  2913  3757 I HwWindowManagerServiceEx: com.android.settings blur level: -1
01-16 09:49:53.928  2913  2976 V WindowManager:     info={id=307 t=OPEN f=0x0 trk=0 includeEmbeddedWindow=false isKeyGuardLocked=false r=[0@Point(0, 0)#false] c=[
01-16 09:49:53.928  2913  2976 V WindowManager:         {WCT{RemoteToken{3c719d2 Task{b7e933b #64778 type=standard A=10616:com.anonymous.breakloopnative}}} m=OPEN f=NONE leash=Surface(name=Task=64778)/@0x102aa3 sb=Rect(0, 0 - 1280, 2800) eb=Rect(0, 0 - 1280, 2800) d=0 taskParent=-1 mSkipAnimation=false taskId = 0},
01-16 09:49:53.928  2913  2976 V WindowManager:         {WCT{RemoteToken{d12c7eb Task{c297994 #64743 type=standard A=1000:com.android.settings}}} m=TO_BACK f=NONE leash=Surface(name=Task=64743)/@0x4aae948 sb=Rect(0, 0 - 1280, 2800) eb=Rect(0, 0 - 1280, 2800) d=0 taskParent=-1 mSkipAnimation=false taskId = 0}
01-16 09:49:53.928  2913  2976 V WindowManager:     ]}
01-16 09:49:53.928  2913  3757 I HwWindowManagerServiceEx: getBlurLevel: 0
01-16 09:49:53.928 12091 12103 D TaskStackChangeListeners: sendMsg, onTaskSnapshotChanged: 140690825
01-16 09:49:53.928 12091 12091 D TaskStackChangeListeners: startHandle, onTaskSnapshotChanged: 140690825
01-16 09:49:53.928  4350  4659 D TaskStackChangeListeners: sendMsg, onTaskSnapshotChanged: 177322753
01-16 09:49:53.928 12091 12091 D TaskStackChangeListeners: endHandle, onTaskSnapshotChanged: 140690825 ,cost: 0
01-16 09:49:53.928  4350  4350 D TaskStackChangeListeners: startHandle, onTaskSnapshotChanged: 177322753
01-16 09:49:53.929  4350  4350 D TaskStackChangeListeners: endHandle, onTaskSnapshotChanged: 177322753 ,cost: 1
01-16 09:49:53.929  2913  4837 W UserManagerService: Requested status bar icon for non-badged user 0
01-16 09:49:53.930  4350  4579 I DefaultTransitionHandler: loadAnimation: type=OPEN flags=0 changeMode=1 changeFlags=NONE isOpeningType=true enter=true isTask=true overrideType=0 endBounds=Rect(0, 0 - 1280, 2800) options =  null 
01-16 09:49:53.930  4350  4579 D HnTransitionAnimationAdapter: Bundle : Bundle[{wallpaper_transit=0, isSpltMode=false, local_anim_config=false}]
01-16 09:49:53.931  4350  4579 V WindowManagerShell: loadAnimation: anim=android.view.animation.AnimationSet@55c5d00 animAttr=0x8 type=OPEN isEntrance=true
01-16 09:49:53.932  4350  4579 I WindowManagerShell:  animated by com.android.wm.shell.transition.DefaultTransitionHandler@28d9930
01-16 09:49:53.936  2913  3654 I BLASTSyncEngine: transaction commit callback: 307
01-16 09:49:53.940  4350  4579 I ShellTaskOrganizer: onTaskAppeared: 64778 listener: FullscreenTaskListener:TASK_LISTENER_TYPE_FULLSCREEN
01-16 09:49:53.940  4350  4579 E HnFreeformController: mHnDesktopTasksController is null
01-16 09:49:53.953  2913  2979 V LocalDisplayAdapter: getDisplayDeviceInfoLocked called,1280x2800, 1280x2800displayCutout DisplayCutout{insets=Rect(0, 141 - 0, 0) waterfall=Insets{left=0, top=0, right=0, bottom=0} decoRect=null decoSafeInset=null boundingRect={Bounds=[Rect(0, 0 - 0, 0), Rect(499, 0 - 781, 141), Rect(0, 0 - 0, 0), Rect(0, 0 - 0, 0)]} cutoutPathParserInfo={CutoutPathParserInfo{displayWidth=1280 displayHeight=2800 physicalDisplayWidth=1280 physicalDisplayHeight=2800 density={3.5} cutoutSpec={M-141,0h282v141h-282} rotation={0} scale={1.0} physicalPixelDisplaySizeRatio={1.0}}} sideOverrides={}}, roundedCorners RoundedCorners{[RoundedCorner{position=TopLeft, radius=158, center=Point(158, 158)}, RoundedCorner{position=TopRight, radius=158, center=Point(1122, 158)}, RoundedCorner{position=BottomRight, radius=151, center=Point(1129, 2649)}, RoundedCorner{position=BottomLeft, radius=151, center=Point(151, 2649)}]}
01-16 09:49:53.953  2913  2979 I DisplayDeviceRepository: Display device changed render timings: "Integrierter Bildschirm", renderFrameRate=120.00001, presentationDeadlineNanos=11333333, appVsyncOffsetNanos=1000000
01-16 09:49:53.960  2913  2979 D DisplayManagerService: Ignore redundant display event 0/2 to 10233/5214
01-16 09:49:53.960  2913  2977 E SystemGestures: The HwFoldScreenManagerInternal is null.
01-16 09:49:53.961  2913  2979 D DisplayManagerService: Ignore redundant display event 0/2 to 10159/7388
01-16 09:49:53.962  2913  2979 D DisplayManagerService: Ignore redundant display event 0/2 to 10157/11313
01-16 09:49:53.962  2913  2979 D DisplayManagerService: Ignore redundant display event 0/2 to 10153/11618
01-16 09:49:53.962  2913  2979 D DisplayManagerService: Ignore redundant display event 0/2 to 10237/13856
01-16 09:49:53.965  2913  2977 I WindowManager: removeLeash, the window position need update Window{c5c55ba u0 NavigationBar0}
01-16 09:49:53.967  2913  3030 D BrightnessThermalClamper: Thermal status observer already started
01-16 09:49:53.967  2913  3030 D BrightnessPowerClamper: Power throttling data is missing for configuration data.
01-16 09:49:53.968  2913  2979 D DisplayManagerService: Ignore redundant display event 0/2 to 10435/17070
01-16 09:49:53.968  2913  2979 D DisplayManagerService: Ignore redundant display event 0/2 to 10157/18779
01-16 09:49:53.968  2913  2913 I HwMultiDisplayManager: onDisplayChanged: 0
01-16 09:49:53.968  2913  2979 D DisplayManagerService: Ignore redundant display event 0/2 to 10521/20646
01-16 09:49:53.968  2913  2979 D DisplayManagerService: Ignore redundant display event 0/2 to 10628/21244
01-16 09:49:53.968  2913  2979 D DisplayManagerService: Ignore redundant display event 0/2 to 10240/24496
01-16 09:49:53.968  2913  2979 D DisplayManagerService: Ignore redundant display event 0/2 to 10240/28158
01-16 09:49:53.968  2913  2979 D DisplayManagerService: Ignore redundant display event 0/2 to 10266/29039
01-16 09:49:53.968  2913  2979 D DisplayManagerService: Ignore redundant display event 0/2 to 10235/32198
01-16 09:49:53.968  2913  4841 I PowerManagerService: wakeLock.mDisabled:false, mDeviceIdleMode:false, mProcState:0
01-16 09:49:53.968  2913  2977 I WindowManager: removeLeash, the window position need update Window{99c60dd u0 StatusBar}
01-16 09:49:53.969  2913  2977 I LogicalDisplay: configureDisplayLocked mTempLayerStackRect=Rect(0, 0 - 1280, 2800) mTempDisplayRect=Rect(0, 0 - 1280, 2800) orientation = 0 mDisplayId=0
01-16 09:49:53.970  2913  2977 I HwActivityTaskSupervisorEx: handleVrDisplayChanged displayId = 0
01-16 09:49:53.970  2913  2977 W HwActivityTaskSupervisorEx: handleVrDisplayChanged other vr mode displayId: 0
01-16 09:49:53.995  9552  9552 I RtgSchedEvent: current pid:9552 AppType:-1
01-16 09:49:53.998  9552  9552 V ActivityThread: Handling launch of ActivityRecord{ad0583e token=android.os.BinderProxy@a7960f9 {com.anonymous.breakloopnative/com.anonymous.breakloopnative.MainActivity}}
01-16 09:49:54.003  2913  3729 D HwActivityManagerServiceEx: getPackageNameForPid callingAppId: 1000
01-16 09:49:54.004  2913  3729 D HwActivityManagerServiceEx: getPackageNameForPid callingAppId: 1000
01-16 09:49:54.004  2913  3729 D HwActivityManagerServiceEx: notifyAppToTop pid:9552, enable:1
01-16 09:49:54.040  9552  9552 V ActivityThread: callActivityOnCreate
01-16 09:49:54.059  2913  3713 D ActivityManager: freezing 13930 com.hihonor.android.pushagent
