01-16 09:49:54.062  4289 14711 D HnContentRegService: isPackageEnable packageName com.anonymous.breakloopnative
01-16 09:49:54.062  4289 14711 I HnContentRegService: isFeatureEnable true
01-16 09:49:54.064  4289 14711 I HnDragDatabaseHelper: getWhiteListItem: count <= 0
01-16 09:49:54.064  4289 14711 I HnContentRegService: isPackageEnable: no packageName com.anonymous.breakloopnative
01-16 09:49:54.067  2913  5504 I SWAP_AppModel: finish msg processing!
01-16 09:49:54.067  2913  7547 I SWAP_AppModel: pkgName: com.anonymous.breakloopnative, uid: 10616, App stays background time: 317344ms
01-16 09:49:54.067  2913  3729 I CollectDataProc: [activity restore] procUserAction com.anonymous.breakloopnative uid 10616 action coldStart isLastKilled:true
01-16 09:49:54.077  9552  9552 I ActivityThread: add activity client record, r= ActivityRecord{ad0583e token=android.os.BinderProxy@a7960f9 {com.anonymous.breakloopnative/com.anonymous.breakloopnative.MainActivity}} token= android.os.BinderProxy@a7960f9
01-16 09:49:54.089  2913  4919 E HWMW_HwMagicWindowManagerImpl: service has not been started
01-16 09:49:54.089  2913  4919 D HwWindowStateEx: construct win com.android.server.wm.HwWindowStateEx@3d912d0,comp ComponentInfo{com.anonymous.breakloopnative/com.anonymous.breakloopnative.MainActivity},mLayoutInCutoutLandscape false
01-16 09:49:54.091  9552  9552 D FullScreenUtils: isNeedToHideStatusBar: splitscreenstate=-1
01-16 09:49:54.095  4350  4579 E HnFreeformController: mHnDesktopTasksController is null
01-16 09:49:54.095  4350  4579 I CaptionWindowDecorViewModel: onTaskInfoChanged taskId=64778
01-16 09:49:54.099  9552  9552 D FullScreenUtils: isNeedToHideStatusBar: splitscreenstate=-1
01-16 09:49:54.102  2913  4919 D CoreBackPreview: Window{40892c9 u0 com.anonymous.breakloopnative/com.anonymous.breakloopnative.MainActivity}: Setting back callback OnBackInvokedCallbackInfo{mCallback=android.window.IOnBackInvokedCallback$Stub$Proxy@814310b, mPriority=0, mIsAnimationCallback=false}
01-16 09:49:54.103  2913  4919 I HwActivityTaskManagerServiceEx: notifySfVsync uniquePkg=com.anonymous.breakloopnative:10616 vsyncSwitch=false type=2 mBackGroundAppPkgSet.size=12
01-16 09:49:54.104  2913  4919 I WindowManager: Changing focus from null to Window{40892c9 u0 com.anonymous.breakloopnative/com.anonymous.breakloopnative.MainActivity} mode 0 displayId=0
01-16 09:49:54.105  2913  4919 V HwPhoneWindowManager: updateSystemUiColorLw window=Window{40892c9 u0 com.anonymous.breakloopnative/com.anonymous.breakloopnative.MainActivity},MagicStyle=0,StatusBarColor=0x0,NavigationBarColor=0x0, mForceNotchStatusBar=false
01-16 09:49:54.105  2913  4919 I WindowManager: removeLeash, the window position need update Window{c5c55ba u0 NavigationBar0}
01-16 09:49:54.105  2913  4919 I WindowManager: removeLeash, the window position need update Window{99c60dd u0 StatusBar}
01-16 09:49:54.105  4350  4660 I HwCommandQueue: updateBarBgColor
01-16 09:49:54.105  4350  4660 D HwCommandQueue: setBarBackgroundColor
01-16 09:49:54.106  2913  4919 I HwDisplayContentEx: currentFocus windowstate not null
01-16 09:49:54.106  2913  4919 E ZrHung.AppEyeFocusWindow: cancel check
01-16 09:49:54.106  2913  4919 I HwDisplayContentEx: trans currentFocus windowstate not null
01-16 09:49:54.106  2913  3729 D HwActivityManagerServiceEx: getPackageNameForPid callingAppId: 1000
01-16 09:49:54.108  9552  9552 D FullScreenUtils: isNeedToHideStatusBar: splitscreenstate=-1
01-16 09:49:54.110  9552  9552 I HwForceDarkManager: setAllowedHwForceDark:false package:com.anonymous.breakloopnative mCurrProcessState:0 mIsPackageNameChange:false hwForceDarkState:0 isViewAllowedForceDark:true isLastHonorForceDark:false
01-16 09:49:54.120  2913  2980 I ActivityTaskManager: send PROCESS_STOPPING_AND_FINISHING_MSG
01-16 09:49:54.121  2913  2980 E HwWindowManagerServiceEx: transition is null
01-16 09:49:54.121  2913  2979 I ActivityTaskManager: animating need stay in stopping state: com.android.settings/com.hihonor.settingslib.SubSettings
01-16 09:49:54.130  9552  9552 I VRI[MainActivity]: send MSG_WINDOW_FOCUS_CHANGED msg
01-16 09:49:54.133  9552  9552 I RtgSchedEvent: current pid:9552 AppType:-1
01-16 09:49:54.146  2913  3831 I InputMethodManagerService: userId=0,mCurrentUserId=0
01-16 09:49:54.147  2913  3831 V InputMethodManagerService: startInputOrWindowGainedFocusInternalLocked: reason=WINDOW_FOCUS_GAIN client=android.os.BinderProxy@b2d1464 inputContext=null editorInfo=android.view.inputmethod.EditorInfo@bed37df startInputFlags=VIEW_HAS_FOCUS|INITIAL_CONNECTION softInputMode=STATE_UNSPECIFIED|ADJUST_RESIZE|IS_FORWARD_NAVIGATION windowFlags=#81810100 unverifiedTargetSdkVersion=36 bindingController=com.android.server.inputmethod.InputMethodBindingController@5e695e imeDispatcher=android.window.ImeOnBackInvokedDispatcher@80ec2c cs=ClientState{4e226f5 mUid=10616 mPid=9552 mSelfReportedDisplayId=0}
01-16 09:49:54.147  2913  3831 I PreventAccidentalTouchManager: updateFocusedWindow: focusedWindowForHideIme=null
01-16 09:49:54.147  2913  3831 I InputMethodManagerService: removeImeSurfaceImmediately
01-16 09:49:54.147  2913  3831 I InputMethodManagerService: hideCurrentInputLocked: reason 12
01-16 09:49:54.147  2913  3831 V InputMethodManagerService: unbindCurrentInputLocked: client=android.os.BinderProxy@5ce44c3
01-16 09:49:54.148  2913  3831 V InputMethodManagerService: Creating new session for client ClientState{4e226f5 mUid=10616 mPid=9552 mSelfReportedDisplayId=0}
01-16 09:49:54.149  2913  3831 V InputMethodManagerService: Creating new accessibility sessions for client ClientState{4e226f5 mUid=10616 mPid=9552 mSelfReportedDisplayId=0}
01-16 09:49:54.151  2913  4208 V InputMethodManagerService: Enabling: SessionState{uid=10616 pid=9552 method=9444baf session=5269f18 channel=ClientState{4e226f5 mUid=10616 mPid=9552 mSelfReportedDisplayId=0} (server)}
01-16 09:49:54.151  2913  3654 I WindowManager: removeLeash, the window position need update Window{f9d1ed5 u0 InputMethod}
01-16 09:49:54.153  2913  3654 W PackageConfigPersister: App-specific configuration not found for packageName: com.anonymous.breakloopnative and userId: 0
01-16 09:49:54.162  2913  4841 I HwInputMethodManagerService: removeImeSurfaceFromWindowAsync.android.os.BinderProxy@93adcf2
01-16 09:49:54.167  2913  4841 I ActivityTaskManager: START u0 {act=android.intent.action.VIEW cat=[android.intent.category.LAUNCHER] dat=exp+breakloop-native://expo-development-client/... flg=0x10018000 pkg=com.anonymous.breakloopnative cmp=com.anonymous.breakloopnative/.MainActivity} with LAUNCH_SINGLE_TASK from uid 10616
01-16 09:49:54.167  2913  4841 I ActivityTaskManager: TaskLauncParamsModifier activity is null
01-16 09:49:54.167  2913  4841 D ActivityTaskManager: TaskLaunchParamsModifier:task=null activity=null display-area-from-current-params=null display-area-source-process=DefaultTaskDisplayArea@224084086 display-id=0 task-display-area-windowing-mode=1 suggested-display-area=DefaultTaskDisplayArea@224084086
01-16 09:49:54.168  2913  4841 D HwGameAssistantController: isGameForeground? false
01-16 09:49:54.168  2913  4841 I ActivityTaskManager: ActivityRecord info: ActivityInfo{56102e2 com.anonymous.breakloopnative.MainActivity}
01-16 09:49:54.168  2913  4841 W OptProp : Cannot read opt property android.window.PROPERTY_COMPAT_ALLOW_ORIENTATION_OVERRIDE
01-16 09:49:54.168  2913  4841 W OptProp : Cannot read opt property android.window.PROPERTY_COMPAT_ALLOW_RESIZEABLE_ACTIVITY_OVERRIDES
01-16 09:49:54.168  2913  4841 D ActivityTaskManager: setEnterOrExitFullScreenVideo isEnterOrExitFullScreenVideo = false
01-16 09:49:54.168  2913  4841 W OptProp : Cannot read opt property android.window.PROPERTY_COMPAT_ALLOW_MIN_ASPECT_RATIO_OVERRIDE
01-16 09:49:54.169  2913  4841 I TransitionController: first create transition: TransitionRecord{b1329a9 id=-1 type=OPEN flags=0x0}, caller: com.android.server.wm.ActivityStarter.startActivityUnchecked:2104 com.android.server.wm.ActivityStarter.executeRequest:1876 com.android.server.wm.HwActivityStarter.executeRequest:361 com.android.server.wm.ActivityStarter.execute:1060 com.android.server.wm.HwActivityStarter.execute:721 
01-16 09:49:54.169  2913  4841 D ActivityTaskManager: TaskLaunchParamsModifier:task=null activity=ActivityRecord{5fb4673 u0 com.anonymous.breakloopnative/.MainActivity display-area-from-current-params=null display-area-for-launching-record=DefaultTaskDisplayArea@224084086 display-id=0 task-display-area-windowing-mode=1 suggested-display-area=DefaultTaskDisplayArea@224084086
01-16 09:49:54.169  2913  4841 I ActivityStarter: shouldShowFreeformWindow realCallingPackage = isRes= true rotation= 0 orientation = 1 isPortarait = true sourceRecord = null isMagicWin = false isForceRotation = false r.packageName = com.anonymous.breakloopnative isAE= false sourceLaunchedFromPackage=  isInBlackList= false isInPartialSplitScreen= false r.info = ActivityInfo{56102e2 com.anonymous.breakloopnative.MainActivity}
01-16 09:49:54.169  2913  4841 I HwActivityTaskManagerServiceEx: get container failed !!
01-16 09:49:54.169  2913  4841 D ActivityTaskManager: TaskLaunchParamsModifier:task=Task{b7e933b #64778 type=standard A=10616:com.anonymous.breakloopnative} activity=ActivityRecord{5fb4673 u0 com.anonymous.breakloopnative/.MainActivity t-1} display-from-task=0 display-id=0 task-display-area-windowing-mode=1 suggested-display-area=DefaultTaskDisplayArea@224084086 inherit-from-task=fullscreen non-freeform-task-display-area display-area=DefaultTaskDisplayArea@224084086 activity-requested-portrait freeform-size-mismatch=Rect(323, 791 - 957, 2071)
01-16 09:49:54.169  2913  4841 I HwActivityTaskManagerServiceEx: isAppIsImportingData AMS return -> isCloningAppCloning=false
01-16 09:49:54.170  2913  4841 I WMTransition: ReadyTracker addGroup Display{#0 state=ON size=1280x2800 ROTATION_0}
01-16 09:49:54.170  2913  4841 W ActivityTaskManager: send launch timeout, null top activity
01-16 09:49:54.170  2913  4841 D ActivityTaskManager: setEnterOrExitFullScreenVideo isEnterOrExitFullScreenVideo = false
01-16 09:49:54.170  2913  4841 I HnPopOverState: shouldApply  Enabled check fail
01-16 09:49:54.170  2913  4841 I ActivityTaskManager: onConfigurationChanged recordWindowInformationForPerformance this = ActivityRecord{5fb4673 u0 com.anonymous.breakloopnative/.MainActivity t64778}
01-16 09:49:54.171  2913  2944 D HwNetworkManagementService: code == CODE_APP_NETWORK_BLOCKED_CHECK
01-16 09:49:54.171  2913  4841 D HwTaskEx: updateHwPCMultiCastOverrideConfiguration
01-16 09:49:54.171  2913  4841 I HwTaskEx: setIsEmptyTaskStartFromRecentForDesktop mStack: Task{b7e933b #64778 type=standard A=10616:com.anonymous.breakloopnative} isEmptyTaskStartFromRecentForDesktop:false
01-16 09:49:54.171  2913  4841 I ActivityTaskManager: task snapshot clear window but ForceRotateState is true!
01-16 09:49:54.172  2913  4841 I WindowManager: Changing focus from Window{40892c9 u0 com.anonymous.breakloopnative/com.anonymous.breakloopnative.MainActivity} to null mode 3 displayId=0
01-16 09:49:54.172  2913  4841 I WindowManager: removeLeash, the window position need update Window{c5c55ba u0 NavigationBar0}
01-16 09:49:54.172  2913  4841 I WindowManager: removeLeash, the window position need update Window{99c60dd u0 StatusBar}
01-16 09:49:54.172  2913  2976 I HwAftPolicyService: Focus Change to null in middle state, ignore!
01-16 09:49:54.173  2913  4841 I HwDisplayContentEx: currentFocus windowstate null
01-16 09:49:54.173  2913  4841 I ZrHung.AppEyeFocusWindow: NFW check null
01-16 09:49:54.174  4350  4579 V WindowManagerShell: Transition requested (#308): android.os.BinderProxy@841f8ad TransitionRequestInfo { type = OPEN, triggerTask = TaskInfo{userId=0 taskId=64778 displayId=0 isRunning=true baseIntent=Intent { act=android.intent.action.VIEW dat=exp+breakloop-native://expo-development-client/... flg=0x10000000 cmp=com.anonymous.breakloopnative/.MainActivity } baseActivity=ComponentInfo{com.anonymous.breakloopnative/com.anonymous.breakloopnative.MainActivity} topActivity=ComponentInfo{com.anonymous.breakloopnative/com.anonymous.breakloopnative.MainActivity} origActivity=null realActivity=ComponentInfo{com.anonymous.breakloopnative/com.anonymous.breakloopnative.MainActivity} launchedFromPackage=com.android.shell forceRotateMode=-1 numActivities=1 lastActiveTime=36761125 isSupportsHwFreeForm=true supportsHnSplitScreenMultiWindow=true supportsHnTopBotSplitScreenfalse supportsMultiWindow=true resizeMode=1 isResizeable=true minWidth=-1 minHeight=-1 defaultMinSize=220 token=WCT{android.window.IWindowContainerToken$Stub$Proxy@a9c7e2} topActivityType=1 pictureInPictureParams=null isAutoRemoveRecents=false shouldDockBigOverlays=false launchIntoPipHostTaskId=-1 lastParentTaskIdBeforePip=-1 displayCutoutSafeInsets=Rect(0, 141 - 0, 0) topActivityInfo=ActivityInfo{dfd2773 com.anonymous.breakloopnative.MainActivity} windowMode=1 launchCookies=[] positionInParent=Point(0, 0) parentTaskId=-1 isFocused=true isVisible=true isFreeformEnterPip=false isVisibleRequested=true isSleeping=false locusId=null displayAreaFeatureId=1 isTopActivityTransparent=false appCompatTaskInfo=AppCompatTaskInfo { topActivityInSizeCompat=false topActivityEligibleForLetterboxEducation= falseisLetterboxEducationEnabled= false isLetterboxDoubleTapEnabled= false topActivityEligibleForUserAspectRatioButton= false topActivityBoundsLetterboxed= false isFromLetterboxDoubleTap= false topActivityLetterboxVerticalPosition= -1 topActivityLetterboxHorizontalPosition= -1 topActivityLetterboxWidth=1280 topActivityLetterboxHeight=2800 isUserFullscreenOverrideEnabled=false isSystemFullscreenOverrideEnabled=false cameraCompatTaskInfo=CameraCompatTaskInfo { cameraCompatControlState=hidden freeformCameraCompatMode=inactive}} hnTaskInfoEx=HnTaskInfoEx{freeformPaddingType=0 shouldFreeformSetSurfaceCorner=false affinity=10616:com.anonymous.breakloopnative appOrientationPolicy=1 gridLimitedPolicy=-1 forceResize=-1 extraPackageName=null extraUserId=0 shouldExitMiniWindow=false mIsCustomizedFreeformWindow=false mCustomizedWindowProp=null isDeskTopFreeformAlive=false isSupportDesktopModeFreeform=true isNeedLaunchInSamePosition=false isDisableNotSupportToast=false isNeedLaunchInCaller=false isExitDesktopModeWhenStart=false isSupportLandScapeFreeform=false isEmptyTaskStartFromRecentForDesktop=false mIsLauncherFromHnEmbedded=false isSupportForceLandscapeFreeformForPad=false mCallerPackageName=com.anonymous.breakloopnative isSupportForceLaunchInFreeformInDesktopMode=false shouldHideWindowDecorForDesktop=false desktopTemplateSteplessRatio=0 isActivityUnSupportHnDesktopModeFreeForm=false mShouldNotHandledForDesktop=0} targetScaleForVerticalInwardFold=1.0}, pipTask = null, remoteTransition = null, displayChange = null, flags = 0, debugId = 308, displayMode = 0, hnTransitionRequestInfoEx = HnTransitionRequestInfoEx { isAllowAsyncStartTransitionfalsemIsCrossAppLaunchfalse} }
01-16 09:49:54.174  4350  4579 E HnFreeformController: mHnDesktopTasksController is null
01-16 09:49:54.174  4350  4579 I PopOverTransitionHandler: handleRequest
01-16 09:49:54.174  2913  4841 I ActivityTaskManager:  (BAL_ALLOW_VISIBLE_WINDOW) result code=0
01-16 09:49:54.175  4350  4579 E HnFreeformController: mHnDesktopTasksController is null
01-16 09:49:54.175  4350  4579 I CaptionWindowDecorViewModel: onTaskInfoChanged taskId=64778
01-16 09:49:54.181  2913  4919 D InputMethodManagerService: IME window vis: 0 active: 0 inv: 0 displayId: 0
01-16 09:49:54.181  2913  4919 I HwInputMethodManagerService: removeImeSurfaceFromWindowAsync.android.os.BinderProxy@db10293
01-16 09:49:54.182  4350  4350 D FullScreenUtils: isNeedToHideStatusBar: splitscreenstate=0
01-16 09:49:54.185  2913  2979 I UsageStatsService: reportEvent : component= ComponentInfo{com.anonymous.breakloopnative/com.anonymous.breakloopnative.MainActivity} eventType= 2
01-16 09:49:54.185  4350  4579 E HnFreeformController: mHnDesktopTasksController is null
01-16 09:49:54.185  4350  4579 I CaptionWindowDecorViewModel: onTaskInfoChanged taskId=64778
01-16 09:49:54.185  2913  3654 W OptProp : Cannot read opt property android.window.PROPERTY_COMPAT_ENABLE_FAKE_FOCUS
01-16 09:49:54.186  2913  3654 I HwActivityTaskManagerServiceEx: handleFreeformBallForFocusChange
01-16 09:49:54.186  2913  2979 I UsageStatsService: reportEvent : component= ComponentInfo{com.anonymous.breakloopnative/com.anonymous.breakloopnative.MainActivity} eventType= 1
01-16 09:49:54.187  2913  3654 I HnTransitionEx: reCalculateTransitionInfoForDesktopMode: isDesktopModeActiveTask setStartAbsBounds
01-16 09:49:54.187  2913  3654 I HnTransitionEx: reCalculateTransitionInfoForDesktopMode: isDesktopModeActiveTask setStartAbsBounds
01-16 09:49:54.187  2913  3654 D HwWindowManagerServiceEx: constructHnTransitionAnimationInfo wc size : 2
01-16 09:49:54.187  2913  3654 D HwWindowManagerServiceEx: constructHnTransitionAnimationInfo type: open activity : ActivityRecord{5fb4673 u0 com.anonymous.breakloopnative/.MainActivity t64778}, isSplitMode : false
01-16 09:49:54.188  2913  3654 D HwWindowManagerServiceEx: mIntelligentCardPosition = null
01-16 09:49:54.188  2913  3654 D HwWindowManagerServiceEx: constructHnTransitionAnimationInfo type: close activity : ActivityRecord{73f36c u0 com.anonymous.breakloopnative/.MainActivity t64778 f}}, isSplitMode : false
01-16 09:49:54.188  2913  3654 D HwWindowManagerServiceEx: mIntelligentCardPosition = null
01-16 09:49:54.188  2913  3654 I HwWindowManagerServiceEx: isBackToParallelSpaceLauncher launcherOpen =false; isWallpaperNoAnimation false
01-16 09:49:54.188  2913  3654 D HwMultiWindowManager: setParticialSplitScreenStatus: status=false, partialSplitTaskId=-1
01-16 09:49:54.188  4350  4660 V WindowManagerShell: onTransitionReady(transaction=12511239767293)
01-16 09:49:54.188  9552  9552 I VRI[MainActivity]: send MSG_WINDOW_FOCUS_CHANGED msg
01-16 09:49:54.189  4350  4579 V WindowManagerShell: onTransitionReady android.os.BinderProxy@841f8ad: {id=308 t=OPEN f=0x0 trk=0 includeEmbeddedWindow=false isKeyGuardLocked=false r=[0@Point(0, 0)#true] c=[{null m=OPEN f=STARTING_WINDOW_TRANSFER|FILLS_TASK|IS_BEHIND_STARTING_WINDOW|NO_ANIMATION leash=Surface(name=ActivityRecord{5fb4673 u0 com.anonymous.breakloopnative/.MainActivity t64778})/@0x720802e sb=Rect(0, 0 - 0, 0) eb=Rect(0, 0 - 1280, 2800) d=-1->0 r=-1->0:-1 bc=ff000000 component=com.anonymous.breakloopnative/.MainActivity mSkipAnimation=false taskId = 64778},{null m=CLOSE f=FILLS_TASK|IS_BEHIND_STARTING_WINDOW|IS_OCCLUDED leash=Surface(name=ActivityRecord{73f36c u0 com.anonymous.breakloopnative/.MainActivity t64778})/@0x178c7cf sb=Rect(0, 0 - 1280, 2800) eb=Rect(0, 0 - 1280, 2800) d=0 bc=ff000000 component=com.anonymous.breakloopnative/.MainActivity mSkipAnimation=false taskId = 64778}]}
01-16 09:49:54.189  2913  2976 V WindowManager: Sent Transition (#308) createdAt=01-16 09:49:54.169 via request=TransitionRequestInfo { type = OPEN, triggerTask = TaskInfo{userId=0 taskId=64778 displayId=0 isRunning=true baseIntent=Intent { act=android.intent.action.VIEW dat=exp+breakloop-native://expo-development-client/... flg=0x10000000 cmp=com.anonymous.breakloopnative/.MainActivity } baseActivity=ComponentInfo{com.anonymous.breakloopnative/com.anonymous.breakloopnative.MainActivity} topActivity=ComponentInfo{com.anonymous.breakloopnative/com.anonymous.breakloopnative.MainActivity} origActivity=null realActivity=ComponentInfo{com.anonymous.breakloopnative/com.anonymous.breakloopnative.MainActivity} launchedFromPackage=com.android.shell forceRotateMode=-1 numActivities=1 lastActiveTime=36761125 isSupportsHwFreeForm=true supportsHnSplitScreenMultiWindow=true supportsHnTopBotSplitScreenfalse supportsMultiWindow=true resizeMode=1 isResizeable=true minWidth=-1 minHeight=-1 defaultMinSize=220 token=WCT{RemoteToken{3c719d2 Task{b7e933b #64778 type=standard A=10616:com.anonymous.breakloopnative}}} topActivityType=1 pictureInPictureParams=null isAutoRemoveRecents=false shouldDockBigOverlays=false launchIntoPipHostTaskId=-1 lastParentTaskIdBeforePip=-1 displayCutoutSafeInsets=Rect(0, 141 - 0, 0) topActivityInfo=ActivityInfo{56102e2 com.anonymous.breakloopnative.MainActivity} windowMode=1 launchCookies=[] positionInParent=Point(0, 0) parentTaskId=-1 isFocused=true isVisible=true isFreeformEnterPip=false isVisibleRequested=true isSleeping=false locusId=null displayAreaFeatureId=1 isTopActivityTransparent=false appCompatTaskInfo=AppCompatTaskInfo { topActivityInSizeCompat=false topActivityEligibleForLetterboxEducation= falseisLetterboxEducationEnabled= false isLetterboxDoubleTapEnabled= false topActivityEligibleForUserAspectRatioButton= false topActivityBoundsLetterboxed= false isFromLetterboxDoubleTap= false topActivityLetterboxVerticalPosition= -1 topActivityLetterboxHorizontalPosition= -1 topActivityLetterboxWidth=1280 topActivityLetterboxHeight=2800 isUserFullscreenOverrideEnabled=false isSystemFullscreenOverrideEnabled=false cameraCompatTaskInfo=CameraCompatTaskInfo { cameraCompatControlState=hidden freeformCameraCompatMode=inactive}} hnTaskInfoEx=HnTaskInfoEx{freeformPaddingType=0 shouldFreeformSetSurfaceCorner=false affinity=10616:com.anonymous.breakloopnative appOrientationPolicy=1 gridLimitedPolicy=-1 forceResize=-1 extraPackageName=null extraUserId=0 shouldExitMiniWindow=false mIsCustomizedFreeformWindow=false mCustomizedWindowProp=null isDeskTopFreeformAlive=false isSupportDesktopModeFreeform=true isNeedLaunchInSamePosition=false isDisableNotSupportToast=false isNeedLaunchInCaller=false isExitDesktopModeWhenStart=false isSupportLandScapeFreeform=false isEmptyTaskStartFromRecentForDesktop=false mIsLauncherFromHnEmbedded=false isSupportForceLandscapeFreeformForPad=false mCallerPackageName=com.anonymous.breakloopnative isSupportForceLaunchInFreeformInDesktopMode=false shouldHideWindowDecorForDesktop=false desktopTemplateSteplessRatio=0 isActivityUnSupportHnDesktopModeFreeForm=false mShouldNotHandledForDesktop=0} targetScaleForVerticalInwardFold=1.0}, pipTask = null, remoteTransition = null, displayChange = null, flags = 0, debugId = 308, displayMode = 0, hnTransitionRequestInfoEx = HnTransitionRequestInfoEx { isAllowAsyncStartTransitionfalsemIsCrossAppLaunchfalse} }
01-16 09:49:54.189  4350  4579 I WindowManagerShell: Non-visible anim so abort: (#308) android.os.BinderProxy@841f8ad@0
01-16 09:49:54.189  4350  4579 I ShellTransitions: advance apply when transfer startingWindow
01-16 09:49:54.189  2913  2976 V WindowManager:     startWCT=WindowContainerTransaction { changes = {} hops = [] hnProperties = {} errorCallbackToken=null taskFragmentOrganizer=null }
01-16 09:49:54.189  4350  4579 I ShellTransitions: Transition ready: (#308) android.os.BinderProxy@841f8ad@0 abort? true and playing: (#307) android.os.BinderProxy@f80b56e@0
01-16 09:49:54.189  4350  4579 I WindowManagerShell: Transition was merged: (#308) android.os.BinderProxy@841f8ad@0 into (#307) android.os.BinderProxy@f80b56e@0
01-16 09:49:54.189  2913  2976 V WindowManager:     info={id=308 t=OPEN f=0x0 trk=0 includeEmbeddedWindow=false isKeyGuardLocked=false r=[0@Point(0, 0)#true] c=[
01-16 09:49:54.189  2913  2976 V WindowManager:         {null m=OPEN f=STARTING_WINDOW_TRANSFER|FILLS_TASK|IS_BEHIND_STARTING_WINDOW|NO_ANIMATION leash=Surface(name=ActivityRecord{5fb4673 u0 com.anonymous.breakloopnative/.MainActivity t64778})/@0x9c564e1 sb=Rect(0, 0 - 0, 0) eb=Rect(0, 0 - 1280, 2800) d=-1->0 r=-1->0:-1 bc=ff000000 component=com.anonymous.breakloopnative/.MainActivity mSkipAnimation=false taskId = 64778},
01-16 09:49:54.189  2913  2976 V WindowManager:         {null m=CLOSE f=FILLS_TASK|IS_BEHIND_STARTING_WINDOW|IS_OCCLUDED leash=Surface(name=ActivityRecord{73f36c u0 com.anonymous.breakloopnative/.MainActivity t64778})/@0x4ceb206 sb=Rect(0, 0 - 1280, 2800) eb=Rect(0, 0 - 1280, 2800) d=0 bc=ff000000 component=com.anonymous.breakloopnative/.MainActivity mSkipAnimation=false taskId = 64778}
01-16 09:49:54.189  2913  2976 V WindowManager:     ]}
01-16 09:49:54.190  2913  4841 W UserManagerService: Requested status bar icon for non-badged user 0
01-16 09:49:54.195  2913  4208 I BLASTSyncEngine: transaction commit callback: 308
01-16 09:49:54.196  9552  9552 V ActivityThread: Handling launch of ActivityRecord{cbe4127 token=android.os.BinderProxy@8527e6 {com.anonymous.breakloopnative/com.anonymous.breakloopnative.MainActivity}}
01-16 09:49:54.197  9552  9552 V ActivityThread: callActivityOnCreate
01-16 09:49:54.200  4289 14711 D HnContentRegService: isPackageEnable packageName com.anonymous.breakloopnative
01-16 09:49:54.200  4289 14711 I HnContentRegService: isFeatureEnable true
01-16 09:49:54.200  4289 14711 I HnDragDatabaseHelper: getWhiteListItem: count <= 0
01-16 09:49:54.200  4289 14711 I HnContentRegService: isPackageEnable: no packageName com.anonymous.breakloopnative
01-16 09:49:54.206  2913  4346 I DE J DES: [effect] SuperSdr2hdr no need change
01-16 09:49:54.206  2913  4346 I DE J DES: [effect] appInContainfalse, FocusPkg:com.anonymous.breakloopnative, mMultiWindowState: false
01-16 09:49:54.206  2913  4346 I DE J DES: [effect] same
01-16 09:49:54.206  2913  4346 I DE J DES: [effect] handleDeSaturationChange the same
01-16 09:49:54.206  2913  4346 I DE J DES: [effect] the same
01-16 09:49:54.206  2913  3990 I DE J DES: [effect] setScene(73, 17
01-16 09:49:54.206  2913  4346 I DE J DES: [effect] Pg pkg:com.anonymous.breakloopnative
01-16 09:49:54.207  2913  4346 I HwBrightnessPgSceneDetection: pkgNamecom.anonymous.breakloopnative
01-16 09:49:54.207  2913  4346 I HwBrightnessPgSceneDetection: No need change
01-16 09:49:54.207  2913  4346 I HwBrightnessPgSceneDetection: same
01-16 09:49:54.211  9552  9552 I ActivityThread: add activity client record, r= ActivityRecord{cbe4127 token=android.os.BinderProxy@8527e6 {com.anonymous.breakloopnative/com.anonymous.breakloopnative.MainActivity}} token= android.os.BinderProxy@8527e6
01-16 09:49:54.214  2913  4346 E HWMW_HwMagicWindowManagerImpl: service has not been started
01-16 09:49:54.214  2913  4346 D HwWindowStateEx: construct win com.android.server.wm.HwWindowStateEx@4d26e1d,comp ComponentInfo{com.anonymous.breakloopnative/com.anonymous.breakloopnative.MainActivity},mLayoutInCutoutLandscape false
01-16 09:49:54.216  9552  9552 D FullScreenUtils: isNeedToHideStatusBar: splitscreenstate=-1
01-16 09:49:54.220  4350  4579 E HnFreeformController: mHnDesktopTasksController is null
01-16 09:49:54.220  4350  4579 I CaptionWindowDecorViewModel: onTaskInfoChanged taskId=64778
01-16 09:49:54.295  9552  9552 D FullScreenUtils: isNeedToHideStatusBar: splitscreenstate=-1
01-16 09:49:54.296  2913  3654 D CoreBackPreview: Window{293e892 u0 com.anonymous.breakloopnative/com.anonymous.breakloopnative.MainActivity}: Setting back callback OnBackInvokedCallbackInfo{mCallback=android.window.IOnBackInvokedCallback$Stub$Proxy@b7df08c, mPriority=0, mIsAnimationCallback=false}
01-16 09:49:54.303  2913  3654 I WindowManager: Changing focus from null to Window{293e892 u0 com.anonymous.breakloopnative/com.anonymous.breakloopnative.MainActivity} mode 0 displayId=0
01-16 09:49:54.304  2913  3654 I WindowManager: removeLeash, the window position need update Window{c5c55ba u0 NavigationBar0}
01-16 09:49:54.304  2913  3654 I WindowManager: removeLeash, the window position need update Window{99c60dd u0 StatusBar}
01-16 09:49:54.304  2913  3654 I HwDisplayContentEx: currentFocus windowstate not null
01-16 09:49:54.304  2913  3654 E ZrHung.AppEyeFocusWindow: cancel check
01-16 09:49:54.304  2913  3654 I HwDisplayContentEx: trans currentFocus windowstate not null
01-16 09:49:54.306  9552  9552 D FullScreenUtils: isNeedToHideStatusBar: splitscreenstate=-1
01-16 09:49:54.311  9552  9552 I HwForceDarkManager: setAllowedHwForceDark:false package:com.anonymous.breakloopnative mCurrProcessState:0 mIsPackageNameChange:false hwForceDarkState:0 isViewAllowedForceDark:true isLastHonorForceDark:false
01-16 09:49:54.315  9552  9552 I ViewRootImpl: focus window changed, set pointer icon to default
01-16 09:49:54.315  2913  4346 I InputManager: setPointerIcon icon = PointerIcon{type=10001, hotspotX=0.0, hotspotY=0.0, center[-1.0,-1.0], bimtap:null, mFocusView:0, mWidth:0.0, mHeight:0.0, mRadiusX:0.0, mRadiusY:0.0, mScale:-1.0, mTargetColor:0, mClickColor:0, mChanged:false} mPointerIconId = 10001 mPointerIconAnimatorEnable = true mSingleHandIsRunning = falsedisplayId = -999 deviceId = -999 pointerId = -999
01-16 09:49:54.315  2913  4346 E WindowManager: Process Permission error! uid:10616
01-16 09:49:54.315  2913  4346 I InputManager: setVendorPointerIconTypeImpl mPointerIconId = 10001  iconId = 10001
01-16 09:49:54.320  2913  2980 I ActivityTaskManager: send PROCESS_STOPPING_AND_FINISHING_MSG
01-16 09:49:54.320  2913  2980 E HwWindowManagerServiceEx: transition is null
01-16 09:49:54.322  2913  2979 I ActivityTaskManager: animating need stay in stopping state: com.android.settings/com.hihonor.settingslib.SubSettings
01-16 09:49:54.322  2913  2979 I ActivityTaskManager: animating need stay in stopping state: com.anonymous.breakloopnative/.MainActivity
01-16 09:49:54.335  2913  3654 I WindowManager: removeLeash, the window position need update Window{6196422 u0 Splash Screen com.anonymous.breakloopnative}
01-16 09:49:54.335  9552  9552 I VRI[MainActivity]: send MSG_WINDOW_FOCUS_CHANGED msg
01-16 09:49:54.347  2913  4346 E HWMW_HwMagicWindowManagerImpl: service has not been started
01-16 09:49:54.347  2913  4346 D HwWindowStateEx: construct win com.android.server.wm.HwWindowStateEx@5c60f90,comp ComponentInfo{com.anonymous.breakloopnative/com.anonymous.breakloopnative.MainActivity},mLayoutInCutoutLandscape false
01-16 09:49:54.348  2913  4346 I WindowManager: handleTopActivityLaunchingInDifferentOrientation background visible activity to cover config
01-16 09:49:54.349  9552  9552 D FullScreenUtils: isNeedToHideStatusBar: splitscreenstate=-1
01-16 09:49:54.351  9552  9552 D FullScreenUtils: isNeedToHideStatusBar: splitscreenstate=-1
01-16 09:49:54.351  2913  3654 D CoreBackPreview: Window{772b089 u0 PopupWindow:af8e964}: Setting back callback OnBackInvokedCallbackInfo{mCallback=android.window.IOnBackInvokedCallback$Stub$Proxy@7a494bc, mPriority=0, mIsAnimationCallback=false}
01-16 09:49:54.362  2913  4346 I WindowManager: handleTopActivityLaunchingInDifferentOrientation background visible activity to cover config
01-16 09:49:54.363  9552  9552 D FullScreenUtils: isNeedToHideStatusBar: splitscreenstate=-1
01-16 09:49:54.363  9552  9552 D FullScreenUtils: isNeedToHideStatusBar: splitscreenstate=-1
01-16 09:49:54.364  9552  9552 D FullScreenUtils: isNeedToHideStatusBar: splitscreenstate=-1
01-16 09:49:54.365  9552  9552 I HwForceDarkManager: setAllowedHwForceDark:false package:com.anonymous.breakloopnative mCurrProcessState:0 mIsPackageNameChange:false hwForceDarkState:0 isViewAllowedForceDark:true isLastHonorForceDark:false
01-16 09:49:54.374  2913  2980 E HwWindowManagerServiceEx: transition is null
01-16 09:49:54.398  2913  3831 I InputMethodManagerService: userId=0,mCurrentUserId=0
01-16 09:49:54.398  2913  3831 V InputMethodManagerService: startInputOrWindowGainedFocusInternalLocked: reason=WINDOW_FOCUS_GAIN client=android.os.BinderProxy@b2d1464 inputContext=null editorInfo=android.view.inputmethod.EditorInfo@ece2f9a startInputFlags=VIEW_HAS_FOCUS|INITIAL_CONNECTION softInputMode=STATE_UNSPECIFIED|ADJUST_RESIZE|IS_FORWARD_NAVIGATION windowFlags=#81810100 unverifiedTargetSdkVersion=36 bindingController=com.android.server.inputmethod.InputMethodBindingController@5e695e imeDispatcher=android.window.ImeOnBackInvokedDispatcher@b6760cb cs=ClientState{4e226f5 mUid=10616 mPid=9552 mSelfReportedDisplayId=0}
01-16 09:49:54.398  2913  3831 I PreventAccidentalTouchManager: updateFocusedWindow: focusedWindowForHideIme=null
01-16 09:49:54.398  2913  3831 I InputMethodManagerService: hideCurrentInputLocked: reason 12
01-16 09:49:54.399  2913  3831 V InputMethodManagerService: Creating new accessibility sessions for client ClientState{4e226f5 mUid=10616 mPid=9552 mSelfReportedDisplayId=0}
01-16 09:49:54.400  2913  4208 I WindowManager: removeLeash, the window position need update Window{f9d1ed5 u0 InputMethod}
01-16 09:49:54.402  2913  4346 W PackageConfigPersister: App-specific configuration not found for packageName: com.anonymous.breakloopnative and userId: 0
01-16 09:49:54.406  9552  9552 D FullScreenUtils: isNeedToHideStatusBar: splitscreenstate=-1
01-16 09:49:54.407  2913  4208 I WindowManager: removeLeash, the window position need update Window{6196422 u0 Splash Screen com.anonymous.breakloopnative}
01-16 09:49:54.408  2913  4208 I WindowManager: Policy visibility false: Window{6196422 u0 Splash Screen com.anonymous.breakloopnative}
01-16 09:49:54.408  2913  4208 I TaskOrganizerController: removeStartingWindow contains googlepatch
01-16 09:49:54.413  2913  4841 I UsageStatsService: queryEvents beginTime : 1768549786613 endTime : 1768553394412 callingPackage : com.burockgames.timeclocker
01-16 09:49:54.413  2913  4841 D UsageStatsService: User[0] SELECT * FROM 0 WHERE beginTime >= 1768549786613 AND endTime < 1768553394412
01-16 09:49:54.413  2913  4841 D UsageStatsService: Got 0 results from disk
01-16 09:49:54.413  2913  4841 D UsageStatsService: Current stats beginTime=1768518000000 endTime=1768553395323
01-16 09:49:54.413  2913  4841 I UsageStatsService: User[0] Results: 261
01-16 09:49:54.418  4350  4602 D FullScreenUtils: isNeedToHideStatusBar: splitscreenstate=0
01-16 09:49:54.418  4350  4602 I VRI[breakloopnative]: dispatchDetachedFromWindow in doDie
01-16 09:49:54.419  2913  4841 I WindowManager: setSurfaceControl null, caller = com.android.server.wm.WindowContainer.removeImmediately:946 com.android.server.wm.WindowState.removeImmediately:2983 com.android.server.wm.WindowState.removeIfPossible:3171 com.android.server.wm.WindowManagerService.removeClientToken:2675 com.android.server.wm.Session.remove:308 android.view.IWindowSession$Stub.onTransact:887 com.android.server.wm.Session.onTransact:230 android.os.Binder.execTransactInternal:1539 android.os.Binder.execTransact:1476 <bottom of call stack> 
01-16 09:49:54.420  2913  3654 W WindowManager: Failed looking up window session=Session{a046b68 4350:u0a10085} callers=com.android.server.wm.WindowManagerService.windowForClientLocked:7630 com.android.server.wm.Session.setOnBackInvokedCallbackInfo:1161 android.view.IWindowSession$Stub.onTransact:1490 
01-16 09:49:54.420  2913  3654 I WindowManager: setOnBackInvokedCallback(): No window state for package:com.android.systemui
01-16 09:49:54.425  2913  4919 I HwInputMethodManagerService: removeImeSurfaceFromWindowAsync.android.os.BinderProxy@db10293
01-16 09:49:54.425  2913  4919 D InputMethodManagerService: IME window vis: 0 active: 0 inv: 0 displayId: 0
01-16 09:49:54.425  2913  4841 I HwInputMethodManagerService: removeImeSurfaceFromWindowAsync.android.os.BinderProxy@786b6f4
01-16 09:49:54.433  4350  4350 D FullScreenUtils: isNeedToHideStatusBar: splitscreenstate=0
01-16 09:49:54.433  4350  4582 I DefaultTransitionHandler: onAnimationEnd, Task=64743
01-16 09:49:54.434  4350  4582 I DefaultTransitionHandler: onAnimationEnd, Task=64778
01-16 09:49:54.434  4350  4579 I ShellTransitions: Active animation finished=(#307) android.os.BinderProxy@f80b56e@0, merged=[(#308) android.os.BinderProxy@841f8ad@0], aborted=false
01-16 09:49:54.434  4350  4579 I HnFreeformController: freeform_tag removeInterceptor taskId=64743type=1
01-16 09:49:54.434  4350  4579 I CaptionWindowDecorViewModel: destroyWindowDecoration taskId=64743
01-16 09:49:54.434  4350  4579 I HnFreeformController: freeform_tag, removeRecentsTransition: android.os.BinderProxy@f80b56e
01-16 09:49:54.434  4350  4579 I HnFreeformController: freeform_tag, setRecentsTransitionToHome transition: android.os.BinderProxy@f80b56e, toHome: false
01-16 09:49:54.434  4350  4579 V WindowManagerShell: Transition animation finished (aborted=false), notifying core (#307) android.os.BinderProxy@f80b56e@0
01-16 09:49:54.435  2913  4919 I WindowManager: handleTopActivityLaunchingInDifferentOrientation background visible activity to cover config
01-16 09:49:54.435  2913  3654 V ActivityTaskManager: Activity idle: ActivityRecord{5fb4673 u0 com.anonymous.breakloopnative/.MainActivity t64778}
01-16 09:49:54.435  2913  3654 I PowerManagerService: need release WakeLockSuspendBlocker
01-16 09:49:54.435  2913  3654 I PowerManagerService: Releasing suspend blocker "PowerManagerService.WakeLocks".
01-16 09:49:54.437  2913  3654 I ActivityTaskManager: animating need stay in stopping state: com.android.settings/com.hihonor.settingslib.SubSettings
01-16 09:49:54.437  2913  3654 I ActivityTaskManager: animating need stay in stopping state: com.anonymous.breakloopnative/.MainActivity
01-16 09:49:54.438  2913  2979 I HnFrozenAppService: 21244 is frozen by HAware
01-16 09:49:54.438  2913  4841 I TransitionController: finishTransition TransitionRecord{631e5ca id=307 type=OPEN flags=0x0}
01-16 09:49:54.441  2913  4841 V WindowManager: Loading animations: layout params pkg=com.android.settings resId=0x1030304
01-16 09:49:54.441  2913  4841 V WindowManager: Loading animations: picked package=android
01-16 09:49:54.446  2913  4841 E HWMW_HwMagicWindowManagerImpl: service has not been started
01-16 09:49:54.449  2913  2976 V WindowManager: Finish Transition (#307): created at 01-16 09:49:53.848 collect-started=0.255ms request-sent=8.618ms started=19.627ms ready=19.617ms sent=73.517ms finished=590.345ms
01-16 09:49:54.449  2913  2979 V ActivityTaskManager: Activity idle: null
01-16 09:49:54.449  2913  2979 I ActivityTaskManager: animating need stay in stopping state: com.anonymous.breakloopnative/.MainActivity
01-16 09:49:54.450  2913  4841 I TransitionController: finishTransition TransitionRecord{b1329a9 id=308 type=OPEN flags=0x0}
01-16 09:49:54.450  2913  4841 V WindowManager: Loading animations: layout params pkg=com.anonymous.breakloopnative resId=0x103030a
01-16 09:49:54.450  2913  4841 V WindowManager: Loading animations: picked package=android
01-16 09:49:54.450  2913  2976 V WindowManager: Finish Transition (#308): created at 01-16 09:49:54.169 collect-started=0.109ms request-sent=4.546ms started=6.652ms ready=17.624ms sent=19.086ms finished=281.145ms
01-16 09:49:54.451  2913  4841 D HnMultiWindowAnimation: getDoingHnAnimType: 0
01-16 09:49:54.451  2913  4841 E HWMW_HwMagicWindowManagerImpl: service has not been started
01-16 09:49:54.452  2913  2979 I HnFrozenAppService: 21244 is frozen by HAware
01-16 09:49:54.453  4350  4579 I WindowManagerShell: Track 0 became idle
01-16 09:49:54.453  4350  4579 I WindowManagerShell: All active transition animations finished
01-16 09:49:54.453  4350  4579 E HnFreeformController: mHnDesktopTasksController is null
01-16 09:49:54.453  4350  4579 I CaptionWindowDecorViewModel: onTaskInfoChanged taskId=64743
01-16 09:49:54.454  2913  4346 I WindowManager: handleTopActivityLaunchingInDifferentOrientation background visible activity to cover config
01-16 09:49:54.455  2913  2979 V ActivityTaskManager: Activity idle: null
01-16 09:49:54.456  2913  2979 I HnFrozenAppService: 21244 is frozen by HAware
01-16 09:49:54.456  4114  4114 D FullScreenUtils: isNeedToHideStatusBar: splitscreenstate=-1
01-16 09:49:54.456  2913  4208 W UserManagerService: Requested status bar icon for non-badged user 0
01-16 09:49:54.457  4350  4579 E HnFreeformController: mHnDesktopTasksController is null
01-16 09:49:54.457  4350  4579 I CaptionWindowDecorViewModel: onTaskInfoChanged taskId=64778
01-16 09:49:54.458  2913  4346 W UserManagerService: Requested status bar icon for non-badged user 0
01-16 09:49:54.459  2913  4642 W UserManagerService: Requested status bar icon for non-badged user 0
01-16 09:49:54.460  2913  4642 W UserManagerService: Requested status bar icon for non-badged user 0
01-16 09:49:54.461  2913  4841 I WindowManager: handleTopActivityLaunchingInDifferentOrientation background visible activity to cover config
01-16 09:49:54.462  2913  2944 I WindowManager: handleTopActivityLaunchingInDifferentOrientation background visible activity to cover config
01-16 09:49:54.462  4114  4114 D FullScreenUtils: isNeedToHideStatusBar: splitscreenstate=-1
01-16 09:49:54.463  2913  2979 I UsageStatsService: reportEvent : component= ComponentInfo{com.android.settings/com.hihonor.settingslib.SubSettings} eventType= 23
01-16 09:49:54.463  9552  9552 D FullScreenUtils: isNeedToHideStatusBar: splitscreenstate=-1
01-16 09:49:54.464  2913  2944 I HnFrozenAppService: 21244 is frozen by HAware
01-16 09:49:54.465  9552  9552 I ActivityThread: Remove activity client record, r= ActivityRecord{ad0583e token=android.os.BinderProxy@a7960f9 {com.anonymous.breakloopnative/com.anonymous.breakloopnative.MainActivity}} token= android.os.BinderProxy@a7960f9
01-16 09:49:54.465  9552  9552 I VRI[MainActivity]: dispatchDetachedFromWindow in doDie
01-16 09:49:54.465  2913  4642 D CoreBackPreview: Window{40892c9 u0 com.anonymous.breakloopnative/com.anonymous.breakloopnative.MainActivity}: Setting back callback null
01-16 09:49:54.466  2913  3022 I AppEyeTopApp: handleTopAppChange, bg, disable pid=4114, uid=1000
01-16 09:49:54.467  2913  3654 I WindowManager: setSurfaceControl null, caller = com.android.server.wm.WindowContainer.removeImmediately:946 com.android.server.wm.WindowState.removeImmediately:2983 com.android.server.wm.WindowState.removeIfPossible:3171 com.android.server.wm.WindowManagerService.removeClientToken:2675 com.android.server.wm.Session.remove:308 android.view.IWindowSession$Stub.onTransact:887 com.android.server.wm.Session.onTransact:230 android.os.Binder.execTransactInternal:1534 android.os.Binder.execTransact:1476 <bottom of call stack> 
01-16 09:49:54.468  2913  4346 D HwActivityManagerServiceEx: getPackageNameForPid callingAppId: 1000
01-16 09:49:54.468  2913  4837 I ActivityTaskManager: destroy for ActivityRecord{73f36c u0 com.anonymous.breakloopnative/.MainActivity t64778 f}}, mLetterbox: null
01-16 09:49:54.468  2913  2979 I UsageStatsService: reportEvent : component= ComponentInfo{com.anonymous.breakloopnative/com.anonymous.breakloopnative.MainActivity} eventType= 24
01-16 09:49:54.468  2913  4837 I WindowManager: setSurfaceControl null, caller = com.android.server.wm.ActivityRecord.setSurfaceControl:2205 com.android.server.wm.WindowContainer.removeImmediately:946 com.android.server.wm.WindowToken.removeImmediately:392 com.android.server.wm.ActivityRecord.removeImmediately:5733 com.android.server.wm.ActivityRecord.removeIfPossible:5740 com.android.server.wm.ActivityRecord.onRemovedFromDisplay:5827 com.android.server.wm.DisplayContent.removeAppToken:1878 com.android.server.wm.ActivityRecord.removeFromHistory:5400 com.android.server.wm.ActivityRecord.destroyed:5479 com.android.server.wm.ActivityClientController.activityDestroyed:371 
01-16 09:49:54.469  2913  4837 I removeFromHistory: ActivityRecord{73f36c u0 com.anonymous.breakloopnative/.MainActivity t-1 f}} reason activityDestroyed Callers=com.android.server.wm.ActivityRecord.destroyed:5479 com.android.server.wm.ActivityClientController.activityDestroyed:371 android.app.IActivityClientController$Stub.onTransact:721 com.android.server.wm.ActivityClientController.onTransact:216 android.os.Binder.execTransactInternal:1539 android.os.Binder.execTransact:1476 <bottom of call stack> <bottom of call stack> 
01-16 09:49:54.481  2913  4642 I UsageStatsService: queryEvents beginTime : 1768549794188 endTime : 1768553394481 callingPackage : com.burockgames.timeclocker
01-16 09:49:54.481  2913  4642 D UsageStatsService: User[0] SELECT * FROM 0 WHERE beginTime >= 1768549794188 AND endTime < 1768553394481
01-16 09:49:54.481  2913  4642 D UsageStatsService: Got 0 results from disk
01-16 09:49:54.481  2913  4642 D UsageStatsService: Current stats beginTime=1768518000000 endTime=1768553395323
01-16 09:49:54.481  2913  4642 I UsageStatsService: User[0] Results: 251
01-16 09:49:54.509  2913  4346 I UsageStatsService: queryEvents beginTime : 1768549794188 endTime : 1768553394509 callingPackage : com.burockgames.timeclocker
01-16 09:49:54.509  2913  4346 D UsageStatsService: User[0] SELECT * FROM 0 WHERE beginTime >= 1768549794188 AND endTime < 1768553394509
01-16 09:49:54.509  2913  4346 D UsageStatsService: Got 0 results from disk
01-16 09:49:54.509  2913  4346 D UsageStatsService: Current stats beginTime=1768518000000 endTime=1768553395323
01-16 09:49:54.510  2913  4346 I UsageStatsService: User[0] Results: 251
01-16 09:49:54.554  2913  4346 I UsageStatsService: queryEvents beginTime : 1768549794188 endTime : 1768553394554 callingPackage : com.burockgames.timeclocker
01-16 09:49:54.554  2913  4346 D UsageStatsService: User[0] SELECT * FROM 0 WHERE beginTime >= 1768549794188 AND endTime < 1768553394554
01-16 09:49:54.554  2913  4346 D UsageStatsService: Got 0 results from disk
01-16 09:49:54.554  2913  4346 D UsageStatsService: Current stats beginTime=1768518000000 endTime=1768553395323
01-16 09:49:54.555  2913  4346 I UsageStatsService: User[0] Results: 251
01-16 09:49:54.641  2913  4841 I UsageStatsService: queryEvents beginTime : 1768549794188 endTime : 1768553394641 callingPackage : com.burockgames.timeclocker
01-16 09:49:54.641  2913  4841 D UsageStatsService: User[0] SELECT * FROM 0 WHERE beginTime >= 1768549794188 AND endTime < 1768553394641
01-16 09:49:54.641  2913  4841 D UsageStatsService: Got 0 results from disk
01-16 09:49:54.641  2913  4841 D UsageStatsService: Current stats beginTime=1768518000000 endTime=1768553395323
01-16 09:49:54.641  2913  4841 I UsageStatsService: User[0] Results: 251
01-16 09:49:54.643  2913  4841 I UsageStatsService: queryEvents beginTime : 1768549794188 endTime : 1768553394643 callingPackage : com.burockgames.timeclocker
01-16 09:49:54.643  2913  4841 D UsageStatsService: User[0] SELECT * FROM 0 WHERE beginTime >= 1768549794188 AND endTime < 1768553394643
01-16 09:49:54.643  2913  4841 D UsageStatsService: Got 0 results from disk
01-16 09:49:54.643  2913  4841 D UsageStatsService: Current stats beginTime=1768518000000 endTime=1768553395323
01-16 09:49:54.643  2913  4841 I UsageStatsService: User[0] Results: 251
01-16 09:49:54.708  2913  4043 I HwNormalizedAutomaticBrightnessController: darkLight use Value46.298405
01-16 09:49:54.867  2913  2913 W AccessibilityManagerService:  wait for adding window timeout: 148
01-16 09:49:54.868  2913  5504 I SWAP_BufferProc: current buffer: 2715
01-16 09:49:54.868  2913  5504 D SWAP_GkiKernelInterface: set buffer success, buffer: 1900, low: 1850, high: 1950, reserve: 500
01-16 09:49:54.869  2913  5504 I SWAP_GkiKernelInterface: change swapout switch: open, app start finish
01-16 09:49:54.869  2913  5504 D SWAP_BufferProc: handle app start finish, reset failCount, targetBuffer:1900
01-16 09:49:55.074  2913  3725 I ActivityManager: sendIntentSender target:PendingIntentRecord{93071c5 com.google.android.gms/com.google.android.gms.scheduler broadcastIntent}, intent:flg=0x4 hwFlg=0x110
01-16 09:49:55.075  2913  3725 I ActivityManager: App 10042/com.google.android.gms on idle whitelist; not restricted in background
01-16 09:49:55.075  2913  3005 I ActivityManager: App 10042/com.google.android.gms on idle whitelist; not restricted in background
01-16 09:49:55.075  2913  3725 I PowerManagerService: wakeLock.mDisabled:false, mDeviceIdleMode:false, mProcState:0
01-16 09:49:55.075  2913  3725 I PowerManagerService: need acquire WakeLockSuspendBlocker
01-16 09:49:55.075  2913  3725 I PowerManagerService: Acquiring suspend blocker "PowerManagerService.WakeLocks".
01-16 09:49:55.077  2913  2913 I PowerManagerService: need release WakeLockSuspendBlocker
01-16 09:49:55.077  2913  2913 I PowerManagerService: Releasing suspend blocker "PowerManagerService.WakeLocks".
01-16 09:49:55.077  2913  4919 I UsageStatsService: queryEvents beginTime : 1768549794188 endTime : 1768553395077 callingPackage : com.burockgames.timeclocker
01-16 09:49:55.077  2913  4919 D UsageStatsService: User[0] SELECT * FROM 0 WHERE beginTime >= 1768549794188 AND endTime < 1768553395077
01-16 09:49:55.077  2913  4919 D UsageStatsService: Got 0 results from disk
01-16 09:49:55.077  2913  4919 D UsageStatsService: Current stats beginTime=1768518000000 endTime=1768553395323
01-16 09:49:55.077  2913  4919 I UsageStatsService: User[0] Results: 251
01-16 09:49:55.079  2913  4837 I PowerManagerService: wakeLock.mDisabled:false, mDeviceIdleMode:false, mProcState:3
01-16 09:49:55.080  2913  4837 I PowerManagerService: need acquire WakeLockSuspendBlocker
01-16 09:49:55.080  2913  4837 I PowerManagerService: Acquiring suspend blocker "PowerManagerService.WakeLocks".
01-16 09:49:55.089  2913  4837 I PowerManagerService: wakeLock.mDisabled:false, mDeviceIdleMode:false, mProcState:3
01-16 09:49:55.094  2913  4919 I PowerManagerService: wakeLock.mDisabled:false, mDeviceIdleMode:false, mProcState:3
01-16 09:49:55.099  2913  4919 I AlarmManager: remove alarm reason:0 alarms:[Alarm{13a4d95 type 3 origWhen 38228268 whenElapsed 38228268 PendingIntent{82d5b20: PendingIntentRecord{93071c5 com.google.android.gms/com.google.android.gms.scheduler broadcastIntent}} com.google.android.gms procName com.google.android.gms.persistent}]
01-16 09:49:55.099  2913  4837 I PowerManagerService: wakeLock.mDisabled:false, mDeviceIdleMode:false, mProcState:3
01-16 09:49:55.101  1248  7172 I keystore2: vendor/honor/system/base/system/security/keystore2/keystore_debug/honor_keystore_database_log.rs:36 - "keystore2/src/service.rs".name="com.google.android.gms.persistent" in "getKeyEntry()." pid=4428
01-16 09:49:55.101  2913  4837 I PowerManagerService: wakeLock.mDisabled:false, mDeviceIdleMode:false, mProcState:3
01-16 09:49:55.102  1248  7172 I keystore2: vendor/honor/system/base/system/security/keystore2/keystore_debug/honor_keystore_database_log.rs:36 - "keystore2/src/security_level.rs".name="com.google.android.gms.persistent" in "createOperation()." pid=4428
