01-16 09:49:43.484  2913  2977 W HwActivityTaskSupervisorEx: handleVrDisplayChanged other vr mode displayId: 0
01-16 09:49:43.486  2913  4617 I PowerManagerService: wakeLock.mDisabled:false, mDeviceIdleMode:false, mProcState:0
01-16 09:49:43.519  2913  2979 V LocalDisplayAdapter: getDisplayDeviceInfoLocked called,1280x2800, 1280x2800displayCutout DisplayCutout{insets=Rect(0, 141 - 0, 0) waterfall=Insets{left=0, top=0, right=0, bottom=0} decoRect=null decoSafeInset=null boundingRect={Bounds=[Rect(0, 0 - 0, 0), Rect(499, 0 - 781, 141), Rect(0, 0 - 0, 0), Rect(0, 0 - 0, 0)]} cutoutPathParserInfo={CutoutPathParserInfo{displayWidth=1280 displayHeight=2800 physicalDisplayWidth=1280 physicalDisplayHeight=2800 density={3.5} cutoutSpec={M-141,0h282v141h-282} rotation={0} scale={1.0} physicalPixelDisplaySizeRatio={1.0}}} sideOverrides={}}, roundedCorners RoundedCorners{[RoundedCorner{position=TopLeft, radius=158, center=Point(158, 158)}, RoundedCorner{position=TopRight, radius=158, center=Point(1122, 158)}, RoundedCorner{position=BottomRight, radius=151, center=Point(1129, 2649)}, RoundedCorner{position=BottomLeft, radius=151, center=Point(151, 2649)}]}
01-16 09:49:43.519  2913  2979 I DisplayDeviceRepository: Display device changed render timings: "Integrierter Bildschirm", renderFrameRate=120.00001, presentationDeadlineNanos=11333333, appVsyncOffsetNanos=1000000
01-16 09:49:43.523  2913  3030 D BrightnessThermalClamper: Thermal status observer already started
01-16 09:49:43.524  2913  3030 D BrightnessPowerClamper: Power throttling data is missing for configuration data.
01-16 09:49:43.525  2913  2977 E SystemGestures: The HwFoldScreenManagerInternal is null.
01-16 09:49:43.527  2913  2913 I HwMultiDisplayManager: onDisplayChanged: 0
01-16 09:49:43.527  2913  2979 D DisplayManagerService: Ignore redundant display event 0/2 to 10233/5214
01-16 09:49:43.528  2913  2979 D DisplayManagerService: Ignore redundant display event 0/2 to 10159/7388
01-16 09:49:43.528  2913  2977 I LogicalDisplay: configureDisplayLocked mTempLayerStackRect=Rect(0, 0 - 1280, 2800) mTempDisplayRect=Rect(0, 0 - 1280, 2800) orientation = 0 mDisplayId=0
01-16 09:49:43.528  2913  2979 D DisplayManagerService: Ignore redundant display event 0/2 to 10157/11313
01-16 09:49:43.528  2913  2979 D DisplayManagerService: Ignore redundant display event 0/2 to 10153/11618
01-16 09:49:43.528  2913  2977 I HwActivityTaskSupervisorEx: handleVrDisplayChanged displayId = 0
01-16 09:49:43.528  2913  2977 W HwActivityTaskSupervisorEx: handleVrDisplayChanged other vr mode displayId: 0
01-16 09:49:43.530  2913  2979 D DisplayManagerService: Ignore redundant display event 0/2 to 10237/13856
01-16 09:49:43.531  2913  2979 D DisplayManagerService: Ignore redundant display event 0/2 to 10435/17070
01-16 09:49:43.531  2913  2979 D DisplayManagerService: Ignore redundant display event 0/2 to 10157/18779
01-16 09:49:43.531  2913  2979 D DisplayManagerService: Ignore redundant display event 0/2 to 10521/20646
01-16 09:49:43.531  2913  2979 D DisplayManagerService: Ignore redundant display event 0/2 to 10628/21244
01-16 09:49:43.531  2913  2979 D DisplayManagerService: Ignore redundant display event 0/2 to 10240/24496
01-16 09:49:43.531  2913  2979 D DisplayManagerService: Ignore redundant display event 0/2 to 10240/28158
01-16 09:49:43.531  2913  2979 D DisplayManagerService: Ignore redundant display event 0/2 to 10266/29039
01-16 09:49:43.531  2913  2979 D DisplayManagerService: Ignore redundant display event 0/2 to 10235/32198
01-16 09:49:43.532  2913  4841 I PowerManagerService: wakeLock.mDisabled:false, mDeviceIdleMode:false, mProcState:0
01-16 09:49:43.581  2913  3818 I HwFingersSnapshooter[GestureCollectionMotion]: reset mIsCollectionFinished:true, mIsMoreCollectionsFinished:true, isNeedUpdate:true, mCollectionService:null, mMoreCollectionsService:null
01-16 09:49:43.594  2913  3872 I ActivityManager: sendIntentSender target:PendingIntentRecord{2a38dd7 android startActivity}, intent:null
01-16 09:49:43.595  2913  3872 I ActivityTaskManager: START u0 {act=android.settings.APPLICATION_DEVELOPMENT_SETTINGS flg=0x10008000 hwFlg=0x2000000 pkg=com.android.settings cmp=com.android.settings/.Settings$DevelopmentSettingsActivity} with LAUNCH_MULTIPLE from uid 1000
01-16 09:49:43.596  2913  3872 I HwAddViewManager: getInstance.
01-16 09:49:43.596  2913  3872 E ProcessInfoCollector: getProcessInfo: proc should not less than zero.
01-16 09:49:43.596  2913  3872 I ActivityTaskManager: TaskLauncParamsModifier activity is null
01-16 09:49:43.596  2913  3872 D ActivityTaskManager: TaskLaunchParamsModifier:task=null activity=null display-from-option=0 display-id=0 task-display-area-windowing-mode=1 suggested-display-area=DefaultTaskDisplayArea@224084086
01-16 09:49:43.596  2913  3872 D HwGameAssistantController: isGameForeground? false
01-16 09:49:43.596  2913  3872 I ActivityTaskManager: ActivityRecord info: ActivityInfo{f19ecf8 com.android.settings.Settings$DevelopmentSettingsActivity}
01-16 09:49:43.596  2913  3005 D ActivityManager: unfreeze for speed up, uid: 1000 pkg: com.android.settings
01-16 09:49:43.597  2913  3872 D CompatChangeReporter: Compat change id reported: 151861875; UID 1000; state: ENABLED
01-16 09:49:43.597  2913  3872 W OptProp : Cannot read opt property android.window.PROPERTY_COMPAT_ALLOW_ORIENTATION_OVERRIDE
01-16 09:49:43.598  2913  3872 D CompatChangeReporter: Compat change id reported: 306666082; UID 1000; state: ENABLED
01-16 09:49:43.598  2913  3872 I TransitionController: first create transition: TransitionRecord{376d337 id=-1 type=OPEN flags=0x0}, caller: com.android.server.wm.ActivityStarter.startActivityUnchecked:2104 com.android.server.wm.ActivityStarter.executeRequest:1876 com.android.server.wm.HwActivityStarter.executeRequest:361 com.android.server.wm.ActivityStarter.execute:1060 com.android.server.wm.HwActivityStarter.execute:721 
01-16 09:49:43.598  2913  3872 D ActivityTaskManager: TaskLaunchParamsModifier:task=null activity=ActivityRecord{40da5d1 u0 com.android.settings/.Settings$DevelopmentSettingsActivity display-from-option=0 display-id=0 task-display-area-windowing-mode=1 suggested-display-area=DefaultTaskDisplayArea@224084086
01-16 09:49:43.598  2913  3872 I ActivityStarter: shouldShowFreeformWindow realCallingPackage = isRes= true rotation= 0 orientation = -1 isPortarait = false sourceRecord = null isMagicWin = false isForceRotation = false r.packageName = com.android.settings isAE= false sourceLaunchedFromPackage=  isInBlackList= false isInPartialSplitScreen= false r.info = ActivityInfo{f19ecf8 com.android.settings.Settings$DevelopmentSettingsActivity}
01-16 09:49:43.599  2913  3872 I HwActivityTaskManagerServiceEx: get container failed !!
01-16 09:49:43.599  2913  3872 D ActivityTaskManager: TaskLaunchParamsModifier:task=Task{c297994 #64743 type=standard A=1000:com.android.settings} activity=ActivityRecord{40da5d1 u0 com.android.settings/.Settings$DevelopmentSettingsActivity t-1} display-from-option=0 display-id=0 task-display-area-windowing-mode=1 suggested-display-area=DefaultTaskDisplayArea@224084086 inherit-from-task=fullscreen non-freeform-task-display-area display-area=DefaultTaskDisplayArea@224084086 default-portrait freeform-size-mismatch=Rect(323, 791 - 957, 2071)
01-16 09:49:43.599  2913  3872 I HwActivityTaskManagerServiceEx: isAppIsImportingData AMS return -> isCloningAppCloning=false
01-16 09:49:43.600  2913  3872 I CollectCenterUtils: is not Support CollectCenter Resizeable or activitiesStacks.size() != freeformNum return.
01-16 09:49:43.600  2913  3872 E HwActivityTaskManagerServiceEx: invalid ActivityRecord, error.
01-16 09:49:43.600  2913  3872 E HwActivityTaskManagerServiceEx: parse activity info error.
01-16 09:49:43.601  2913  3872 D ActivityTaskManager: setEnterOrExitFullScreenVideo isEnterOrExitFullScreenVideo = false
01-16 09:49:43.601  2913  3872 W OptProp : Cannot read opt property android.window.PROPERTY_COMPAT_ALLOW_MIN_ASPECT_RATIO_OVERRIDE
01-16 09:49:43.601  2913  3872 I HnPopOverState: shouldApply  Enabled check fail
01-16 09:49:43.601  2913  3872 I ActivityTaskManager: onConfigurationChanged recordWindowInformationForPerformance this = ActivityRecord{40da5d1 u0 com.android.settings/.Settings$DevelopmentSettingsActivity t64743}
01-16 09:49:43.602  2913  3872 D HwTaskEx: updateHwPCMultiCastOverrideConfiguration
01-16 09:49:43.602  2913  3872 I HwTaskEx: setIsEmptyTaskStartFromRecentForDesktop mStack: Task{c297994 #64743 type=standard A=1000:com.android.settings} isEmptyTaskStartFromRecentForDesktop:false
01-16 09:49:43.602  2913  3872 I ActivityTaskManager: task snapshot clear window but ForceRotateState is true!
01-16 09:49:43.603  2913  3872 D HwActivityRecordEx: changeSplashThemeIfNeeded, enableChangeSplashTheme=true, mTargetSdk=35, isNeededMainSplash=false, useLegacy=true, resolvedTheme=2132018362, resultTheme=2132018362
01-16 09:49:43.603  2913  3872 D TaskOrganizerController: addStartingWindow contains googlepatch
01-16 09:49:43.603  2913  3872 I HwTaskEx: setSideAndNotchFlagForSnapshot layoutInDisplaySideMode=1
01-16 09:49:43.603  2913  3872 I HwActivityTaskManagerServiceEx: [snapshot cache] activity = ActivityRecord{40da5d1 u0 com.android.settings/.Settings$DevelopmentSettingsActivity t64743} can not find SnapshotCache.
01-16 09:49:43.604  2913  3872 I ActivityTaskManager: shouldPauseImmediately = false
01-16 09:49:43.604  2913  3872 I PowerManagerService: wakeLock.mDisabled:false, mDeviceIdleMode:false, mProcState:0
01-16 09:49:43.604  4350  4579 I ShellStartingWindow: start add StartingWindow
01-16 09:49:43.605  2913  3872 I ActivityTaskManager:  (BAL_ALLOW_VISIBLE_WINDOW) result code=0
01-16 09:49:43.605  4350  4579 V WindowManagerShell: Transition requested (#305): android.os.BinderProxy@4f3ff24 TransitionRequestInfo { type = OPEN, triggerTask = TaskInfo{userId=0 taskId=64743 displayId=0 isRunning=true baseIntent=Intent { act=android.intent.action.MAIN cat=[android.intent.category.LAUNCHER] flg=0x10200000 cmp=com.android.settings/.HWSettings } baseActivity=ComponentInfo{com.android.settings/com.android.settings.Settings$DevelopmentSettingsActivity} topActivity=ComponentInfo{com.android.settings/com.android.settings.Settings$DevelopmentSettingsActivity} origActivity=ComponentInfo{com.android.settings/com.android.settings.HWSettings} realActivity=ComponentInfo{com.android.settings/com.android.settings.HWSettings} launchedFromPackage=com.hihonor.android.launcher forceRotateMode=-1 numActivities=1 lastActiveTime=35820887 isSupportsHwFreeForm=false supportsHnSplitScreenMultiWindow=false supportsHnTopBotSplitScreenfalse supportsMultiWindow=false resizeMode=2 isResizeable=false minWidth=-1 minHeight=-1 defaultMinSize=220 token=WCT{android.window.IWindowContainerToken$Stub$Proxy@d78ca8d} topActivityType=1 pictureInPictureParams=null isAutoRemoveRecents=false shouldDockBigOverlays=false launchIntoPipHostTaskId=-1 lastParentTaskIdBeforePip=-1 displayCutoutSafeInsets=Rect(0, 141 - 0, 0) topActivityInfo=ActivityInfo{336442 com.android.settings.Settings$DevelopmentSettingsActivity} windowMode=1 launchCookies=[] positionInParent=Point(0, 0) parentTaskId=-1 isFocused=false isVisible=false isFreeformEnterPip=false isVisibleRequested=false isSleeping=false locusId=null displayAreaFeatureId=1 isTopActivityTransparent=false appCompatTaskInfo=AppCompatTaskInfo { topActivityInSizeCompat=false topActivityEligibleForLetterboxEducation= falseisLetterboxEducationEnabled= false isLetterboxDoubleTapEnabled= false topActivityEligibleForUserAspectRatioButton= false topActivityBoundsLetterboxed= false isFromLetterboxDoubleTap= false topActivityLetterboxVerticalPosition= -1 topActivityLetterboxHorizontalPosition= -1 topActivityLetterboxWidth=1280 topActivityLetterboxHeight=2800 isUserFullscreenOverrideEnabled=false isSystemFullscreenOverrideEnabled=false cameraCompatTaskInfo=CameraCompatTaskInfo { cameraCompatControlState=hidden freeformCameraCompatMode=inactive}} hnTaskInfoEx=HnTaskInfoEx{freeformPaddingType=0 shouldFreeformSetSurfaceCorner=false affinity=1000:com.android.settings appOrientationPolicy=1 gridLimitedPolicy=-1 forceResize=-1 extraPackageName=null extraUserId=0 shouldExitMiniWindow=false mIsCustomizedFreeformWindow=false mCustomizedWindowProp=null isDeskTopFreeformAlive=false isSupportDesktopModeFreeform=true isNeedLaunchInSamePosition=false isDisableNotSupportToast=false isNeedLaunchInCaller=false isExitDesktopModeWhenStart=false isSupportLandScapeFreeform=false isEmptyTaskStartFromRecentForDesktop=false mIsLauncherFromHnEmbedded=false isSupportForceLandscapeFreeformForPad=false mCallerPackageName=android isSupportForceLaunchInFreeformInDesktopMode=false shouldHideWindowDecorForDesktop=false desktopTemplateSteplessRatio=0 isActivityUnSupportHnDesktopModeFreeForm=false mShouldNotHandledForDesktop=0} targetScaleForVerticalInwardFold=1.0}, pipTask = null, remoteTransition = null, displayChange = null, flags = 0, debugId = 305, displayMode = 0, hnTransitionRequestInfoEx = HnTransitionRequestInfoEx { isAllowAsyncStartTransitionfalsemIsCrossAppLaunchfalse} }
01-16 09:49:43.605  4350  4579 E HnFreeformController: mHnDesktopTasksController is null
01-16 09:49:43.607  2913  2979 I UsageStatsService: reportEvent : component= ComponentInfo{com.hihonor.android.launcher/com.hihonor.android.launcher.unihome.UniHomeLauncher} eventType= 2
01-16 09:49:43.607  2913  2944 I ActivityTaskManager: Making visible and scheduling visibility: ActivityRecord{40da5d1 u0 com.android.settings/.Settings$DevelopmentSettingsActivity t64743}
01-16 09:49:43.608  4350  4579 I PopOverTransitionHandler: handleRequest
01-16 09:49:43.609  2913  2944 W OptProp : Cannot read opt property android.window.PROPERTY_COMPAT_ENABLE_FAKE_FOCUS
01-16 09:49:43.609  2913  2944 D CompatChangeReporter: Compat change id reported: 324203798; UID 1000; state: ENABLED
01-16 09:49:43.610  2913  2944 I HwActivityTaskManagerServiceEx: handleFreeformBallForFocusChange
01-16 09:49:43.610  2913  2944 W HwActivityTaskManagerServiceEx: appSwitch from: com.hihonor.android.launcher to: com.android.settings
01-16 09:49:43.610  2913  2944 E HwActivityTaskManagerServiceEx: invalid ActivityRecord, error.
01-16 09:49:43.610  2913  2944 E HwActivityTaskManagerServiceEx: parse activity info error.
01-16 09:49:43.610  2913  2944 I HwMultiWindowManager: The SurfaceControl.setColorMgrInfo() interface has been deleted, please refer to SR000G5CKR description for details
01-16 09:49:43.610  2913  2944 W OptProp : Cannot read opt property android.window.PROPERTY_COMPAT_ALLOW_RESIZEABLE_ACTIVITY_OVERRIDES
01-16 09:49:43.611  2913  3729 I SWAP_SCENE: Entering notifySceneData notifySceneData. EventType:APP_SWITCH_FROM para:com.hihonor.android.launcher
01-16 09:49:43.611  2913  3729 I SWAP_SCENE: Entering notifySceneData notifySceneData. EventType:APP_SWITCH_TO para:com.android.settings
01-16 09:49:43.612  2913  3872 E HWMW_HwMagicWindowManagerImpl: service has not been started
01-16 09:49:43.612  2913  3872 D HwWindowStateEx: construct win com.android.server.wm.HwWindowStateEx@ddd580e,comp ComponentInfo{com.android.settings/com.android.settings.Settings$DevelopmentSettingsActivity},mLayoutInCutoutLandscape false
01-16 09:49:43.612  2913  5651 I SWAP_GkiKernelInterface: mkdir for com.android.settings failed
01-16 09:49:43.612  2913  5651 I SWAP_AppModel: setDailyUseCount pkgName:com.android.settings dailyUseCount:2
01-16 09:49:43.612  2913  5651 I SWAP_AppModel: getDailyUseCount. pkgName:com.android.settings dailyUseCount:2
01-16 09:49:43.612  2913  5651 I SWAP_AppScore: ParaConfig have no swapIndex parameters
01-16 09:49:43.612  2913  5651 I SWAP_AppScore: final ratio info: pkgName:com.android.settings, reclaime ratio:0, swap ratio:0
01-16 09:49:43.612  2913  5651 I SWAP_AppScore: setScoreAndRatioForeground::pkgName:com.android.settings score:0  write r-Ratio:0 s-Ratio:0 refault:50
01-16 09:49:43.612  2913  5504 D SWAP_BufferProc: handle app start, stop zswapd.
01-16 09:49:43.612  2913  5504 D SWAP_BufferProc: closeZswapd now.
01-16 09:49:43.612  2913  5651 I SWAP_AppModel: app switch to foreground,true
01-16 09:49:43.612  2913  4054 I AlarmManager: remove alarm reason:1 alarms:[Alarm{f79a03c type 0 origWhen 1768553531124 whenElapsed 36898079 PendingIntent{b81069e: PendingIntentRecord{228257f com.hihonor.awareness broadcastIntent}} com.hihonor.awareness procName com.hihonor.awareness}]
01-16 09:49:43.614  4350  4602 D FullScreenUtils: isNeedToHideStatusBar: splitscreenstate=0
01-16 09:49:43.614  2913  2979 V ActivityTaskManager: Activity idle: null
01-16 09:49:43.614  2913  2979 I ActivityTaskManager: animating need stay in stopping state: com.hihonor.android.launcher/.unihome.UniHomeLauncher
01-16 09:49:43.614  4350  4579 I CaptionWindowDecorViewModel: onTaskInfoChanged taskId=64761
01-16 09:49:43.614  4350  4579 E HnFreeformController: mHnDesktopTasksController is null
01-16 09:49:43.614  4350  4579 I CaptionWindowDecorViewModel: onTaskInfoChanged taskId=64743
01-16 09:49:43.614  2913  5504 I SWAP_GkiKernelInterface: change swapout switch: close, app start
01-16 09:49:43.615  2913  5504 D SWAP_GkiKernelInterface: writeRatioNew: idByPkg < 0
01-16 09:49:43.615  2913  5504 I SWAP_AppScore: finish msg processing!
01-16 09:49:43.615  2913  2979 I UsageStatsService: reportEvent : component= ComponentInfo{com.android.settings/com.android.settings.Settings$DevelopmentSettingsActivity} eventType= 1
01-16 09:49:43.616  2913  2979 I HnFrozenAppService: 21244 is frozen by HAware
01-16 09:49:43.616  4350  4350 D FullScreenUtils: isNeedToHideStatusBar: splitscreenstate=0
01-16 09:49:43.617  2913  3729 D HwActivityManagerServiceEx: getPackageNameForPid callingAppId: 1000
01-16 09:49:43.617  2913  4837 I WindowManager: Changing focus from Window{1440353 u0 NotificationShade} to null mode 0 displayId=0
01-16 09:49:43.617  2913  4837 I WindowManager: removeLeash, the window position need update Window{c5c55ba u0 NavigationBar0}
01-16 09:49:43.617  2913  4837 I WindowManager: removeLeash, the window position need update Window{99c60dd u0 StatusBar}
01-16 09:49:43.618  2913  4837 I HwDisplayContentEx: currentFocus windowstate null
01-16 09:49:43.618  2913  4837 I ZrHung.AppEyeFocusWindow: NFW check null
01-16 09:49:43.618  2913  3729 D HwActivityManagerServiceEx: getPackageNameForPid callingAppId: 1000
01-16 09:49:43.618  2913  3729 D HwActivityManagerServiceEx: notifyAppToTop pid:4114, enable:1
01-16 09:49:43.618  2913  3729 D HwActivityManagerServiceEx: notifyAppToTop pid:4350, enable:0
01-16 09:49:43.620  2913  2976 I HwAftPolicyService: Focus Change to null in middle state, ignore!
01-16 09:49:43.623  4700  4772 I HwNetworkPolicyManager: getHwUidPolicy uid = 1000 policy = 0
01-16 09:49:43.624  2913  4054 D HwNetworkManagementService: code == CODE_SET_CHR_REPORT_APP_LIST
01-16 09:49:43.625  2913  3022 I AppEyeTopApp: handleTopAppChange, fg, enable pid=4114, uid=1000 time:36750570
01-16 09:49:43.625  4350  4350 D RtgSched: resetRtgSchedHandle failed enable:0
01-16 09:49:43.626  2913  4054 I HwNetworkManagementService: chr appuid set succeeded
01-16 09:49:43.626  2913  4054 I HwNetworkManagementService: android.os.ServiceSpecificException: Operation not permitted (code 1)
01-16 09:49:43.626  2913  4054 I HwNetworkManagementService: 	at android.os.Parcel.createExceptionOrNull(Parcel.java:3276)
01-16 09:49:43.626  2913  4054 I HwNetworkManagementService: 	at android.os.Parcel.createException(Parcel.java:3246)
01-16 09:49:43.626  2913  4054 I HwNetworkManagementService: 	at android.os.Parcel.readException(Parcel.java:3229)
01-16 09:49:43.626  2913  4054 I HwNetworkManagementService: 	at android.os.Parcel.readException(Parcel.java:3171)
01-16 09:49:43.626  2913  4054 I HwNetworkManagementService: 	at com.android.internal.net.IOemNetd$Stub$Proxy.setChrAppUid(IOemNetd.java:1273)
01-16 09:49:43.626  2913  4054 I HwNetworkManagementService: 	at com.android.server.net.HwNetworkManagementService.setChrReportUid(HwNetworkManagementService.java:2888)
01-16 09:49:43.626  2913  4054 I HwNetworkManagementService: 	at com.android.server.net.HwNetworkManagementService.onTransact(HwNetworkManagementService.java:1113)
01-16 09:49:43.626  2913  4054 I HwNetworkManagementService: 	at android.os.Binder.execTransactInternal(Binder.java:1539)
01-16 09:49:43.626  2913  4054 I HwNetworkManagementService: 	at android.os.Binder.execTransact(Binder.java:1476)
01-16 09:49:43.627  2913  4054 I DE J DES: [effect] Pg pkg:com.android.settings
01-16 09:49:43.628  4350  4350 I VRI[NotificationShade]: send MSG_WINDOW_FOCUS_CHANGED msg
01-16 09:49:43.675  2913  4617 I HwAudioService: now type = 28,reportForegroundAppType = 255,pkg = null,systemload = 28VOIP_OPTIMIZE_IN_GAMEMODEfalse
01-16 09:49:43.688  4350  4603 I ShellStartingWindow: legacyDrawable: null ,finalType: 3
01-16 09:49:43.688  4350  4603 I ShellStartingWindow:  getFromCache,hash: 1523191665 ,packageName: com.android.settings ,result: ff000000 ,configHash: 765794847 ,windowBgColor: 0 ,windowBgResId: 33751314
01-16 09:49:43.696  4114  4114 I ActivityThread: Remove activity client record, r= ActivityRecord{9b122ca token=android.os.BinderProxy@a43ce35 {com.android.settings/com.android.settings.HWSettings}} token= android.os.BinderProxy@a43ce35
01-16 09:49:43.696  4114  4114 I VRI[HWSettings]: dispatchDetachedFromWindow in doDie
01-16 09:49:43.696  2913  4346 D CoreBackPreview: Window{f4dffa0 u0 com.android.settings/com.android.settings.HWSettings}: Setting back callback null
01-16 09:49:43.698  4350  4602 D FullScreenUtils: isNeedToHideStatusBar: splitscreenstate=0
01-16 09:49:43.698  2913  4346 I WindowManager: setSurfaceControl null, caller = com.android.server.wm.WindowContainer.removeImmediately:946 com.android.server.wm.WindowState.removeImmediately:2983 com.android.server.wm.WindowState.removeIfPossible:3171 com.android.server.wm.WindowManagerService.removeClientToken:2675 com.android.server.wm.Session.remove:308 android.view.IWindowSession$Stub.onTransact:887 com.android.server.wm.Session.onTransact:230 android.os.Binder.execTransactInternal:1539 android.os.Binder.execTransact:1476 <bottom of call stack> 
01-16 09:49:43.701  2913  2944 D CoreBackPreview: Window{e6f22f u0 Splash Screen com.android.settings}: Setting back callback OnBackInvokedCallbackInfo{mCallback=android.window.IOnBackInvokedCallback$Stub$Proxy@9f3b040, mPriority=0, mIsAnimationCallback=false}
01-16 09:49:43.701  4350  4602 D FullScreenUtils: isNeedToHideStatusBar: splitscreenstate=0
01-16 09:49:43.701  2913  2979 I UsageStatsService: reportEvent : component= ComponentInfo{com.android.settings/com.android.settings.HWSettings} eventType= 24
01-16 09:49:43.701  2913  4208 I ActivityTaskManager: destroy for ActivityRecord{919d6e8 u0 com.android.settings/.HWSettings t64743 f}}, mLetterbox: null
01-16 09:49:43.702  2913  3702 W UsageStatsService: Unexpected activity event reported! (com.android.settings/com.android.settings.HWSettings event : 23 instanceId : 220990525)
01-16 09:49:43.702  4350  4602 D FullScreenUtils: isNeedToHideStatusBar: splitscreenstate=0
01-16 09:49:43.702  2913  4208 I WindowManager: setSurfaceControl null, caller = com.android.server.wm.ActivityRecord.setSurfaceControl:2205 com.android.server.wm.WindowContainer.removeImmediately:946 com.android.server.wm.WindowToken.removeImmediately:392 com.android.server.wm.ActivityRecord.removeImmediately:5733 com.android.server.wm.ActivityRecord.removeIfPossible:5740 com.android.server.wm.ActivityRecord.onRemovedFromDisplay:5827 com.android.server.wm.DisplayContent.removeAppToken:1878 com.android.server.wm.ActivityRecord.removeFromHistory:5400 com.android.server.wm.ActivityRecord.destroyed:5479 com.android.server.wm.ActivityClientController.activityDestroyed:371 
01-16 09:49:43.702  4350  4602 D FullScreenUtils: isNeedToHideStatusBar: splitscreenstate=0
01-16 09:49:43.702  2913  4208 I removeFromHistory: ActivityRecord{919d6e8 u0 com.android.settings/.HWSettings t-1 f}} reason activityDestroyed Callers=com.android.server.wm.ActivityRecord.destroyed:5479 com.android.server.wm.ActivityClientController.activityDestroyed:371 android.app.IActivityClientController$Stub.onTransact:721 com.android.server.wm.ActivityClientController.onTransact:216 android.os.Binder.execTransactInternal:1539 android.os.Binder.execTransact:1476 <bottom of call stack> <bottom of call stack> 
01-16 09:49:43.706  2913  2980 I HnTransitionEx: reCalculateTransitionInfoForDesktopMode: isDesktopModeActiveTask setStartAbsBounds
01-16 09:49:43.707  2913  2980 I HnTransitionEx: reCalculateTransitionInfoForDesktopMode: isDesktopModeActiveTask setStartAbsBounds
01-16 09:49:43.707  2913  2980 D HwWindowManagerServiceEx: constructHnTransitionAnimationInfo wc size : 2
01-16 09:49:43.707  2913  2980 D HwWindowManagerServiceEx: constructHnTransitionAnimationInfo type: open activity : ActivityRecord{40da5d1 u0 com.android.settings/.Settings$DevelopmentSettingsActivity t64743}, isSplitMode : false
01-16 09:49:43.707  2913  2980 D HwWindowManagerServiceEx: mIntelligentCardPosition = null
01-16 09:49:43.707  2913  2980 D HwWindowManagerServiceEx: constructHnTransitionAnimationInfo type: close activity : ActivityRecord{8ad1767 u0 com.hihonor.android.launcher/.unihome.UniHomeLauncher t64762}, isSplitMode : false
01-16 09:49:43.707  2913  2980 D HwWindowManagerServiceEx: mIntelligentCardPosition = null
01-16 09:49:43.707  2913  2980 I HwWindowManagerServiceEx: isBackToParallelSpaceLauncher launcherOpen =false; isWallpaperNoAnimation false
01-16 09:49:43.707  2913  2980 D HwMultiWindowManager: setParticialSplitScreenStatus: status=false, partialSplitTaskId=-1
01-16 09:49:43.708  2913  2976 V WindowManager: Sent Transition (#305) createdAt=01-16 09:49:43.598 via request=TransitionRequestInfo { type = OPEN, triggerTask = TaskInfo{userId=0 taskId=64743 displayId=0 isRunning=true baseIntent=Intent { act=android.intent.action.MAIN cat=[android.intent.category.LAUNCHER] flg=0x10200000 cmp=com.android.settings/.HWSettings } baseActivity=ComponentInfo{com.android.settings/com.android.settings.Settings$DevelopmentSettingsActivity} topActivity=ComponentInfo{com.android.settings/com.android.settings.Settings$DevelopmentSettingsActivity} origActivity=ComponentInfo{com.android.settings/com.android.settings.HWSettings} realActivity=ComponentInfo{com.android.settings/com.android.settings.HWSettings} launchedFromPackage=com.hihonor.android.launcher forceRotateMode=-1 numActivities=1 lastActiveTime=35820887 isSupportsHwFreeForm=false supportsHnSplitScreenMultiWindow=false supportsHnTopBotSplitScreenfalse supportsMultiWindow=false resizeMode=2 isResizeable=false minWidth=-1 minHeight=-1 defaultMinSize=220 token=WCT{RemoteToken{d12c7eb Task{c297994 #64743 type=standard A=1000:com.android.settings}}} topActivityType=1 pictureInPictureParams=null isAutoRemoveRecents=false shouldDockBigOverlays=false launchIntoPipHostTaskId=-1 lastParentTaskIdBeforePip=-1 displayCutoutSafeInsets=Rect(0, 141 - 0, 0) topActivityInfo=ActivityInfo{f19ecf8 com.android.settings.Settings$DevelopmentSettingsActivity} windowMode=1 launchCookies=[] positionInParent=Point(0, 0) parentTaskId=-1 isFocused=false isVisible=false isFreeformEnterPip=false isVisibleRequested=false isSleeping=false locusId=null displayAreaFeatureId=1 isTopActivityTransparent=false appCompatTaskInfo=AppCompatTaskInfo { topActivityInSizeCompat=false topActivityEligibleForLetterboxEducation= falseisLetterboxEducationEnabled= false isLetterboxDoubleTapEnabled= false topActivityEligibleForUserAspectRatioButton= false topActivityBoundsLetterboxed= false isFromLetterboxDoubleTap= false topActivityLetterboxVerticalPosition= -1 topActivityLetterboxHorizontalPosition= -1 topActivityLetterboxWidth=1280 topActivityLetterboxHeight=2800 isUserFullscreenOverrideEnabled=false isSystemFullscreenOverrideEnabled=false cameraCompatTaskInfo=CameraCompatTaskInfo { cameraCompatControlState=hidden freeformCameraCompatMode=inactive}} hnTaskInfoEx=HnTaskInfoEx{freeformPaddingType=0 shouldFreeformSetSurfaceCorner=false affinity=1000:com.android.settings appOrientationPolicy=1 gridLimitedPolicy=-1 forceResize=-1 extraPackageName=null extraUserId=0 shouldExitMiniWindow=false mIsCustomizedFreeformWindow=false mCustomizedWindowProp=null isDeskTopFreeformAlive=false isSupportDesktopModeFreeform=true isNeedLaunchInSamePosition=false isDisableNotSupportToast=false isNeedLaunchInCaller=false isExitDesktopModeWhenStart=false isSupportLandScapeFreeform=false isEmptyTaskStartFromRecentForDesktop=false mIsLauncherFromHnEmbedded=false isSupportForceLandscapeFreeformForPad=false mCallerPackageName=android isSupportForceLaunchInFreeformInDesktopMode=false shouldHideWindowDecorForDesktop=false desktopTemplateSteplessRatio=0 isActivityUnSupportHnDesktopModeFreeForm=false mShouldNotHandledForDesktop=0} targetScaleForVerticalInwardFold=1.0}, pipTask = null, remoteTransition = null, displayChange = null, flags = 0, debugId = 305, displayMode = 0, hnTransitionRequestInfoEx = HnTransitionRequestInfoEx { isAllowAsyncStartTransitionfalsemIsCrossAppLaunchfalse} }
01-16 09:49:43.708  2913  2976 V WindowManager:     startWCT=WindowContainerTransaction { changes = {} hops = [] hnProperties = {} errorCallbackToken=null taskFragmentOrganizer=null }
01-16 09:49:43.708  4350  5889 V WindowManagerShell: onTransitionReady(transaction=12511239767167)
01-16 09:49:43.708  2913  2976 V WindowManager:     info={id=305 t=OPEN f=0x0 trk=0 includeEmbeddedWindow=false isKeyGuardLocked=false r=[0@Point(0, 0)#false] c=[
01-16 09:49:43.708  2913  2976 V WindowManager:         {WCT{RemoteToken{d12c7eb Task{c297994 #64743 type=standard A=1000:com.android.settings}}} m=TO_FRONT f=MOVE_TO_TOP leash=Surface(name=Task=64743)/@0x4aae948 sb=Rect(0, 0 - 1280, 2800) eb=Rect(0, 0 - 1280, 2800) d=0 taskParent=-1 mSkipAnimation=false taskId = 0},
01-16 09:49:43.708  2913  2976 V WindowManager:         {WCT{RemoteToken{c71a38a Task{3e057b2 #64761 type=home}}} m=TO_BACK f=SHOW_WALLPAPER leash=Surface(name=Task=64761)/@0xa442d7e sb=Rect(0, 0 - 1280, 2800) eb=Rect(0, 0 - 1280, 2800) d=0 taskParent=-1 mSkipAnimation=false taskId = 0}
01-16 09:49:43.708  2913  2976 V WindowManager:     ]}
01-16 09:49:43.708  4350  4579 V WindowManagerShell: onTransitionReady android.os.BinderProxy@4f3ff24: {id=305 t=OPEN f=0x0 trk=0 includeEmbeddedWindow=false isKeyGuardLocked=false r=[0@Point(0, 0)#false] c=[{WCT{android.window.IWindowContainerToken$Stub$Proxy@3bb5fee} m=TO_FRONT f=MOVE_TO_TOP leash=Surface(name=Task=64743)/@0xbc22ba2 sb=Rect(0, 0 - 1280, 2800) eb=Rect(0, 0 - 1280, 2800) d=0 taskParent=-1 mSkipAnimation=false taskId = 0},{WCT{android.window.IWindowContainerToken$Stub$Proxy@e168c8f} m=TO_BACK f=SHOW_WALLPAPER leash=Surface(name=Task=64761)/@0xc442033 sb=Rect(0, 0 - 1280, 2800) eb=Rect(0, 0 - 1280, 2800) d=0 taskParent=-1 mSkipAnimation=false taskId = 0}]}
01-16 09:49:43.708  4350  4579 I FreeformTaskTransitionObserver: onTransitionReady mode=3,taskId=64743
01-16 09:49:43.708  4350  4579 I CaptionWindowDecorViewModel: onTaskChanging taskId=64743
01-16 09:49:43.708  4350  4579 I CaptionWindowDecorViewModel: Prepare to update decoration for task : 64743
01-16 09:49:43.708  4350  4579 I CaptionWindowDecorViewModel: shouldn't show window decoration.
01-16 09:49:43.708  4350  4579 I FreeformTaskTransitionObserver: onTransitionReady mode=4,taskId=64761
01-16 09:49:43.708  4350  4579 I ShellTransitions: Transition ready: (#305) android.os.BinderProxy@4f3ff24@0 abort? false and playing: null
01-16 09:49:43.708  4350  4579 I WindowManagerShell: Playing animation for (#305) android.os.BinderProxy@4f3ff24@0
01-16 09:49:43.708  4350  4579 V WindowManagerShell:  try handler com.android.wm.shell.hnmagicwindow.HnMagicWindowTransitionController@e1f49ae
01-16 09:49:43.708  4350  4579 V WindowManagerShell:  try handler com.android.wm.shell.hnmultiwindow.MultiWindowTransitionHandler@659934f
01-16 09:49:43.708  4350  4579 I MultiWindowTransitionHandler: shouldStartAnimation: false
01-16 09:49:43.708  4350  4579 V WindowManagerShell:  try handler com.android.wm.shell.transition.DefaultMixedHandler@d1ffadc
01-16 09:49:43.708  4350  4579 V WindowManagerShell:  try handler com.android.wm.shell.activityembedding.HnActivityEmbeddingController@73507e5
01-16 09:49:43.708  4350  4579 V WindowManagerShell:  try handler com.android.wm.shell.keyguard.KeyguardTransitionHandler@a1a52ba
01-16 09:49:43.708  4350  4579 V WindowManagerShell:  try handler com.android.wm.shell.pip.PipTransition@f922756
01-16 09:49:43.708  4350  4579 V WindowManagerShell:  try handler com.android.wm.shell.splitscreen.StageCoordinator@e9d7dde
01-16 09:49:43.708  4350  4579 V WindowManagerShell:  try handler com.android.wm.shell.recents.RecentsTransitionHandler@57e930b
01-16 09:49:43.708  4350  4579 I ShellRecents: RecentsTransitionHandler.startAnimation: no controller found
01-16 09:49:43.708  4350  4579 V WindowManagerShell:  try handler com.android.wm.shell.popover.PopOverTransitionHandler@bbb23d7
01-16 09:49:43.708  4350  4579 I PopOverTransitionHandler: startAnimation
01-16 09:49:43.708  4350  4579 I PopOverTransitionHandler: startAnimation  does not hasPopOverChange, returning false
01-16 09:49:43.708  4350  4579 V WindowManagerShell:  try handler com.android.wm.shell.freeform.FreeformTaskTransitionHandler@2e3f4c4
01-16 09:49:43.708  4350  4579 V WindowManagerShell:  try handler com.android.wm.shell.transition.RemoteTransitionHandler@33b1fad
01-16 09:49:43.708  4350  4579 V WindowManagerShell: Transition doesn't have explicit remote, search filters for match for {id=305 t=OPEN f=0x0 trk=0 includeEmbeddedWindow=false isKeyGuardLocked=false r=[0@Point(0, 0)#false] c=[{WCT{android.window.IWindowContainerToken$Stub$Proxy@3bb5fee} m=TO_FRONT f=MOVE_TO_TOP leash=Surface(name=Task=64743)/@0xbc22ba2 sb=Rect(0, 0 - 1280, 2800) eb=Rect(0, 0 - 1280, 2800) d=0 taskParent=-1 mSkipAnimation=false taskId = 0},{WCT{android.window.IWindowContainerToken$Stub$Proxy@e168c8f} m=TO_BACK f=SHOW_WALLPAPER leash=Surface(name=Task=64761)/@0xc442033 sb=Rect(0, 0 - 1280, 2800) eb=Rect(0, 0 - 1280, 2800) d=0 taskParent=-1 mSkipAnimation=false taskId = 0}]}
01-16 09:49:43.709  4350  4579 V WindowManagerShell:  Checking filter Pair{{types=[] flags=0x0] notFlags=0x100 checks=[{atype=home independent=true modes=[OPEN,TO_FRONT] flags=NONE mustBeTask=false order=ANY topActivity=ComponentInfo{com.hihonor.android.launcher/com.hihonor.android.launcher.unihome.UniHomeLauncher} launchCookie=null},{atype=standard independent=true modes=[CLOSE,TO_BACK] flags=NONE mustBeTask=false order=ANY topActivity=null launchCookie=null},{NOT atype=standard independent=true modes=[] flags=TRANSLUCENT mustBeTask=false order=ANY topActivity=null launchCookie=null}]} RemoteTransition { remoteTransition = android.window.IRemoteTransition$Stub$Proxy@6e7c3af, backRemoteTransition = , appThread = android.app.IApplicationThread$Stub$Proxy@6a7d3bc, debugName = QuickstepLaunchHome }}
01-16 09:49:43.709  4350  4579 V WindowManagerShell:  Delegate animation for (#305) to null
01-16 09:49:43.709  4350  4579 E RemoteTransitionHandler: pending remote null
01-16 09:49:43.709  4350  4579 V WindowManagerShell:  try handler com.android.wm.shell.transition.DefaultTransitionHandler@28d9930
01-16 09:49:43.709  4350  4579 V WindowManagerShell: start default transition animation, info = {id=305 t=OPEN f=0x0 trk=0 includeEmbeddedWindow=false isKeyGuardLocked=false r=[0@Point(0, 0)#false] c=[{WCT{android.window.IWindowContainerToken$Stub$Proxy@3bb5fee} m=TO_FRONT f=MOVE_TO_TOP leash=Surface(name=Task=64743)/@0xbc22ba2 sb=Rect(0, 0 - 1280, 2800) eb=Rect(0, 0 - 1280, 2800) d=0 taskParent=-1 mSkipAnimation=false taskId = 0},{WCT{android.window.IWindowContainerToken$Stub$Proxy@e168c8f} m=TO_BACK f=SHOW_WALLPAPER leash=Surface(name=Task=64761)/@0xc442033 sb=Rect(0, 0 - 1280, 2800) eb=Rect(0, 0 - 1280, 2800) d=0 taskParent=-1 mSkipAnimation=false taskId = 0}]}
01-16 09:49:43.709  4350  4579 I DefaultTransitionHandler: start default transition, wallpaperTransit: 2
01-16 09:49:43.709  4350  4579 I DefaultTransitionHandler: isActivityTranWithWallPaper: false
01-16 09:49:43.709  4350  4579 I DefaultTransitionHandler: loadAnimation: type=OPEN flags=0 changeMode=4 changeFlags=SHOW_WALLPAPER isOpeningType=true enter=false isTask=true overrideType=0 endBounds=Rect(0, 0 - 1280, 2800) options =  null 
01-16 09:49:43.709  4350  4579 D HnTransitionAnimationAdapter: Bundle : Bundle[{wallpaper_transit=2, isSpltMode=false, local_anim_config=false}]
01-16 09:49:43.709  4114  4114 I ActivityThread: Remove activity client record, r= ActivityRecord{647210a token=android.os.BinderProxy@e15dd75 {com.android.settings/com.android.settings.Settings$HwSystemDashboardActivity}} token= android.os.BinderProxy@e15dd75
01-16 09:49:43.710  4114  4114 I VRI[Settings$HwSystemDashboardActivity]: dispatchDetachedFromWindow in doDie
01-16 09:49:43.710  4350  4579 V WindowManagerShell: loadAnimation: anim=android.view.animation.AnimationSet@2f962ab animAttr=0x13 type=OPEN isEntrance=false
01-16 09:49:43.710  4350  4579 I DefaultTransitionHandler: loadAnimation: type=OPEN flags=0 changeMode=3 changeFlags=MOVE_TO_TOP isOpeningType=true enter=true isTask=true overrideType=0 endBounds=Rect(0, 0 - 1280, 2800) options =  null 
01-16 09:49:43.710  2913  4208 D CoreBackPreview: Window{1bbd352 u0 com.android.settings/com.android.settings.Settings$HwSystemDashboardActivity}: Setting back callback null
01-16 09:49:43.710  4350  4579 D HnTransitionAnimationAdapter: Bundle : Bundle[{wallpaper_transit=2, isSpltMode=false, local_anim_config=false}]
01-16 09:49:43.711  4350  4579 V WindowManagerShell: loadAnimation: anim=android.view.animation.AnimationSet@ed57c23 animAttr=0x12 type=OPEN isEntrance=true
01-16 09:49:43.711  2913  4208 I WindowManager: setSurfaceControl null, caller = com.android.server.wm.WindowContainer.removeImmediately:946 com.android.server.wm.WindowState.removeImmediately:2983 com.android.server.wm.WindowState.removeIfPossible:3171 com.android.server.wm.WindowManagerService.removeClientToken:2675 com.android.server.wm.Session.remove:308 android.view.IWindowSession$Stub.onTransact:887 com.android.server.wm.Session.onTransact:230 android.os.Binder.execTransactInternal:1539 android.os.Binder.execTransact:1476 <bottom of call stack> 
01-16 09:49:43.712  4350  4579 I WindowManagerShell:  animated by com.android.wm.shell.transition.DefaultTransitionHandler@28d9930
01-16 09:49:43.712  4350  4579 E HnFreeformController: mHnDesktopTasksController is null
01-16 09:49:43.712  4350  4579 I CaptionWindowDecorViewModel: onTaskInfoChanged taskId=64743
01-16 09:49:43.712  2913  4208 I WindowManager: removeLeash, the window position need update Window{99c60dd u0 StatusBar}
01-16 09:49:43.713  2913  2979 I UsageStatsService: reportEvent : component= ComponentInfo{com.android.settings/com.android.settings.Settings$HwSystemDashboardActivity} eventType= 24
01-16 09:49:43.713  2913  4208 I ActivityTaskManager: destroy for ActivityRecord{cada184 u0 com.android.settings/.Settings$HwSystemDashboardActivity t64743 f}}, mLetterbox: null
01-16 09:49:43.713  2913  3702 W UsageStatsService: Unexpected activity event reported! (com.android.settings/com.android.settings.Settings$HwSystemDashboardActivity event : 23 instanceId : 232278579)
01-16 09:49:43.714  2913  4208 I WindowManager: setSurfaceControl null, caller = com.android.server.wm.ActivityRecord.setSurfaceControl:2205 com.android.server.wm.WindowContainer.removeImmediately:946 com.android.server.wm.WindowToken.removeImmediately:392 com.android.server.wm.ActivityRecord.removeImmediately:5733 com.android.server.wm.ActivityRecord.removeIfPossible:5740 com.android.server.wm.ActivityRecord.onRemovedFromDisplay:5827 com.android.server.wm.DisplayContent.removeAppToken:1878 com.android.server.wm.ActivityRecord.removeFromHistory:5400 com.android.server.wm.ActivityRecord.destroyed:5479 com.android.server.wm.ActivityClientController.activityDestroyed:371 
01-16 09:49:43.714  2913  4208 I removeFromHistory: ActivityRecord{cada184 u0 com.android.settings/.Settings$HwSystemDashboardActivity t-1 f}} reason activityDestroyed Callers=com.android.server.wm.ActivityRecord.destroyed:5479 com.android.server.wm.ActivityClientController.activityDestroyed:371 android.app.IActivityClientController$Stub.onTransact:721 com.android.server.wm.ActivityClientController.onTransact:216 android.os.Binder.execTransactInternal:1539 android.os.Binder.execTransact:1476 <bottom of call stack> <bottom of call stack> 
01-16 09:49:43.714  2913  4617 W UserManagerService: Requested status bar icon for non-badged user 0
01-16 09:49:43.719  4114  4114 I ActivityThread: Remove activity client record, r= ActivityRecord{de77d45 token=android.os.BinderProxy@5a769bc {com.android.settings/com.android.settings.Settings$DevelopmentSettingsActivity}} token= android.os.BinderProxy@5a769bc
01-16 09:49:43.719  2913  3872 I BLASTSyncEngine: transaction commit callback: 305
01-16 09:49:43.719  4114  4114 I VRI[Settings$DevelopmentSettingsActivity]: dispatchDetachedFromWindow in doDie
01-16 09:49:43.719  2913  4346 D CoreBackPreview: Window{d195c9 u0 com.android.settings/com.android.settings.Settings$DevelopmentSettingsActivity}: Setting back callback null
01-16 09:49:43.723  2913  2944 I WindowManager: setSurfaceControl null, caller = com.android.server.wm.WindowContainer.removeImmediately:946 com.android.server.wm.WindowState.removeImmediately:2983 com.android.server.wm.WindowState.removeIfPossible:3171 com.android.server.wm.WindowManagerService.removeClientToken:2675 com.android.server.wm.Session.remove:308 android.view.IWindowSession$Stub.onTransact:887 com.android.server.wm.Session.onTransact:230 android.os.Binder.execTransactInternal:1539 android.os.Binder.execTransact:1476 <bottom of call stack> 
01-16 09:49:43.725  2913  2979 I UsageStatsService: reportEvent : component= ComponentInfo{com.android.settings/com.android.settings.Settings$DevelopmentSettingsActivity} eventType= 24
01-16 09:49:43.725  2913  4054 I ActivityTaskManager: destroy for ActivityRecord{e28ae9c u0 com.android.settings/.Settings$DevelopmentSettingsActivity t64743 f}}, mLetterbox: null
01-16 09:49:43.725  2913  3702 W UsageStatsService: Unexpected activity event reported! (com.android.settings/com.android.settings.Settings$DevelopmentSettingsActivity event : 23 instanceId : 204352555)
01-16 09:49:43.725  2913  4054 I WindowManager: setSurfaceControl null, caller = com.android.server.wm.ActivityRecord.setSurfaceControl:2205 com.android.server.wm.WindowContainer.removeImmediately:946 com.android.server.wm.WindowToken.removeImmediately:392 com.android.server.wm.ActivityRecord.removeImmediately:5733 com.android.server.wm.ActivityRecord.removeIfPossible:5740 com.android.server.wm.ActivityRecord.onRemovedFromDisplay:5827 com.android.server.wm.DisplayContent.removeAppToken:1878 com.android.server.wm.ActivityRecord.removeFromHistory:5400 com.android.server.wm.ActivityRecord.destroyed:5479 com.android.server.wm.ActivityClientController.activityDestroyed:371 
01-16 09:49:43.725  2913  4054 I removeFromHistory: ActivityRecord{e28ae9c u0 com.android.settings/.Settings$DevelopmentSettingsActivity t-1 f}} reason activityDestroyed Callers=com.android.server.wm.ActivityRecord.destroyed:5479 com.android.server.wm.ActivityClientController.activityDestroyed:371 android.app.IActivityClientController$Stub.onTransact:721 com.android.server.wm.ActivityClientController.onTransact:216 android.os.Binder.execTransactInternal:1539 android.os.Binder.execTransact:1476 <bottom of call stack> <bottom of call stack> 
01-16 09:49:43.728  4114  4114 I ActivityThread: Remove activity client record, r= ActivityRecord{355bdb1 token=android.os.BinderProxy@555f858 {com.android.settings/com.hihonor.settingslib.SubSettings}} token= android.os.BinderProxy@555f858
01-16 09:49:43.728  4114  4114 I VRI[SubSettings]: dispatchDetachedFromWindow in doDie
01-16 09:49:43.728  2913  4054 D CoreBackPreview: Window{ef32081 u0 com.android.settings/com.hihonor.settingslib.SubSettings}: Setting back callback null
01-16 09:49:43.729  2913  2944 I WindowManager: setSurfaceControl null, caller = com.android.server.wm.WindowContainer.removeImmediately:946 com.android.server.wm.WindowState.removeImmediately:2983 com.android.server.wm.WindowState.removeIfPossible:3171 com.android.server.wm.WindowManagerService.removeClientToken:2675 com.android.server.wm.Session.remove:308 android.view.IWindowSession$Stub.onTransact:887 com.android.server.wm.Session.onTransact:230 android.os.Binder.execTransactInternal:1539 android.os.Binder.execTransact:1476 <bottom of call stack> 
01-16 09:49:43.731  2913  2979 I UsageStatsService: reportEvent : component= ComponentInfo{com.android.settings/com.hihonor.settingslib.SubSettings} eventType= 24
01-16 09:49:43.731  2913  4346 I ActivityTaskManager: destroy for ActivityRecord{b23c095 u0 com.android.settings/com.hihonor.settingslib.SubSettings t64743 f}}, mLetterbox: null
01-16 09:49:43.731  2913  3702 W UsageStatsService: Unexpected activity event reported! (com.android.settings/com.hihonor.settingslib.SubSettings event : 23 instanceId : 24755512)
01-16 09:49:43.731  2913  4346 I WindowManager: setSurfaceControl null, caller = com.android.server.wm.ActivityRecord.setSurfaceControl:2205 com.android.server.wm.WindowContainer.removeImmediately:946 com.android.server.wm.WindowToken.removeImmediately:392 com.android.server.wm.ActivityRecord.removeImmediately:5733 com.android.server.wm.ActivityRecord.removeIfPossible:5740 com.android.server.wm.ActivityRecord.onRemovedFromDisplay:5827 com.android.server.wm.DisplayContent.removeAppToken:1878 com.android.server.wm.ActivityRecord.removeFromHistory:5400 com.android.server.wm.ActivityRecord.destroyed:5479 com.android.server.wm.ActivityClientController.activityDestroyed:371 
01-16 09:49:43.731  2913  4346 I removeFromHistory: ActivityRecord{b23c095 u0 com.android.settings/com.hihonor.settingslib.SubSettings t-1 f}} reason activityDestroyed Callers=com.android.server.wm.ActivityRecord.destroyed:5479 com.android.server.wm.ActivityClientController.activityDestroyed:371 android.app.IActivityClientController$Stub.onTransact:721 com.android.server.wm.ActivityClientController.onTransact:216 android.os.Binder.execTransactInternal:1539 android.os.Binder.execTransact:1476 <bottom of call stack> <bottom of call stack> 
01-16 09:49:43.732  4114  4114 V ActivityThread: Handling launch of ActivityRecord{5322fbe token=android.os.BinderProxy@f65e679 {com.android.settings/com.android.settings.Settings$DevelopmentSettingsActivity}}
01-16 09:49:43.735  4114  4114 V ActivityThread: callActivityOnCreate
01-16 09:49:43.736  2913  4054 D ActivityTaskManager: setThreadScheduler: for com.android.systemui, policy:1073741825 pri:1
01-16 09:49:43.736  2913  4054 D ActivityTaskManager: setThreadScheduler: for it's RenderThread too.
01-16 09:49:43.784  2913  3872 E UserRestrictionsUtils: Unknown restriction queried by uid 1000 (com.hihonor.iaware et al): null
01-16 09:49:43.784  2913  3872 E UserRestrictionsUtils: Unknown restriction queried by uid 1000 (com.hihonor.iaware et al): null
01-16 09:49:43.786  2913  3872 E UserRestrictionsUtils: Unknown restriction queried by uid 1000 (com.hihonor.iaware et al): null
01-16 09:49:43.788  2913  3872 E UserRestrictionsUtils: Unknown restriction queried by uid 1000 (com.hihonor.iaware et al): null
01-16 09:49:43.788  2913  3872 E UserRestrictionsUtils: Unknown restriction queried by uid 1000 (com.hihonor.iaware et al): null
01-16 09:49:43.788  2913  3872 E UserRestrictionsUtils: Unknown restriction queried by uid 1000 (com.hihonor.iaware et al): null
01-16 09:49:43.789  2913  3872 E UserRestrictionsUtils: Unknown restriction queried by uid 1000 (com.hihonor.iaware et al): null
01-16 09:49:43.789  2913  3872 E UserRestrictionsUtils: Unknown restriction queried by uid 1000 (com.hihonor.iaware et al): null
01-16 09:49:43.790  2913  3872 E UserRestrictionsUtils: Unknown restriction queried by uid 1000 (com.hihonor.iaware et al): null
01-16 09:49:43.791  2913  3872 E UserRestrictionsUtils: Unknown restriction queried by uid 1000 (com.hihonor.iaware et al): null
01-16 09:49:43.791  2913  3872 E UserRestrictionsUtils: Unknown restriction queried by uid 1000 (com.hihonor.iaware et al): null
01-16 09:49:43.791  2913  3872 E UserRestrictionsUtils: Unknown restriction queried by uid 1000 (com.hihonor.iaware et al): null
01-16 09:49:43.791  2913  3872 E UserRestrictionsUtils: Unknown restriction queried by uid 1000 (com.hihonor.iaware et al): null
01-16 09:49:43.791  2913  3872 E UserRestrictionsUtils: Unknown restriction queried by uid 1000 (com.hihonor.iaware et al): null
01-16 09:49:43.792  2913  3872 E UserRestrictionsUtils: Unknown restriction queried by uid 1000 (com.hihonor.iaware et al): null
01-16 09:49:43.792  2913  3872 E UserRestrictionsUtils: Unknown restriction queried by uid 1000 (com.hihonor.iaware et al): null
01-16 09:49:43.792  2913  3872 E UserRestrictionsUtils: Unknown restriction queried by uid 1000 (com.hihonor.iaware et al): null
01-16 09:49:43.792  2913  3872 E UserRestrictionsUtils: Unknown restriction queried by uid 1000 (com.hihonor.iaware et al): null
01-16 09:49:43.793  2913  3872 E UserRestrictionsUtils: Unknown restriction queried by uid 1000 (com.hihonor.iaware et al): null
01-16 09:49:43.793  2913  3872 E UserRestrictionsUtils: Unknown restriction queried by uid 1000 (com.hihonor.iaware et al): null
01-16 09:49:43.793  2913  3872 E UserRestrictionsUtils: Unknown restriction queried by uid 1000 (com.hihonor.iaware et al): null
01-16 09:49:43.794  2913  3872 E UserRestrictionsUtils: Unknown restriction queried by uid 1000 (com.hihonor.iaware et al): null
01-16 09:49:43.794  2913  3872 E UserRestrictionsUtils: Unknown restriction queried by uid 1000 (com.hihonor.iaware et al): null
