01-16 09:49:46.609  2913  4054 W OptProp : Cannot read opt property android.window.PROPERTY_COMPAT_ALLOW_RESIZEABLE_ACTIVITY_OVERRIDES
01-16 09:49:46.610  2913  2979 V ActivityTaskManager: Activity idle: null
01-16 09:49:46.610  2913  2979 I ActivityTaskManager: animating need stay in stopping state: com.android.settings/.Settings$DevelopmentSettingsActivity
01-16 09:49:46.611  2913  2979 I UsageStatsService: reportEvent : component= ComponentInfo{com.android.settings/com.hihonor.settingslib.SubSettings} eventType= 1
01-16 09:49:46.612  2913  2979 I HnFrozenAppService: 21244 is frozen by HAware
01-16 09:49:46.612  4114  4114 V ActivityThread: Handling launch of ActivityRecord{3af8e87 token=android.os.BinderProxy@a1fcec6 {com.android.settings/com.hihonor.settingslib.SubSettings}}
01-16 09:49:46.613  4114  4114 V ActivityThread: callActivityOnCreate
01-16 09:49:46.625  2913  4054 E UserRestrictionsUtils: Unknown restriction queried by uid 1000 (com.hihonor.iaware et al): null
01-16 09:49:46.626  2913  4054 E UserRestrictionsUtils: Unknown restriction queried by uid 1000 (com.hihonor.iaware et al): null
01-16 09:49:46.626  2913  4054 E UserRestrictionsUtils: Unknown restriction queried by uid 1000 (com.hihonor.iaware et al): null
01-16 09:49:46.626  2913  4054 E UserRestrictionsUtils: Unknown restriction queried by uid 1000 (com.hihonor.iaware et al): null
01-16 09:49:46.627  2913  4054 E UserRestrictionsUtils: Unknown restriction queried by uid 1000 (com.hihonor.iaware et al): null
01-16 09:49:46.629  4114  4114 I ActivityThread: add activity client record, r= ActivityRecord{3af8e87 token=android.os.BinderProxy@a1fcec6 {com.android.settings/com.hihonor.settingslib.SubSettings}} token= android.os.BinderProxy@a1fcec6
01-16 09:49:46.631  2913  4054 I HnVibratorManagerService: isSupportHwVibrator type:haptic.common.long_press_context_menu, isSupport:0
01-16 09:49:46.642  2913  4617 I PackageManager: setEnabledSetting pkg:com.android.settings, className:com.android.settings.fingerprint.FingerprintSettingsActivity, newState:1, flags:1, userId:0, CallingPid:4114, CallingUid:1000
01-16 09:49:46.643  2913  4208 I PackageManager: setEnabledSetting pkg:com.android.settings, className:com.android.settings.fingerprint.FingerprintMainSettingsActivity, newState:1, flags:1, userId:0, CallingPid:4114, CallingUid:1000
01-16 09:49:46.644  2913  4208 W AdbDebuggingManager: Ignoring tag 'keyStore'. Not recognized.
01-16 09:49:46.647  2913  4208 W AdbDebuggingManager: Ignoring tag 'keyStore'. Not recognized.
01-16 09:49:46.650  2913  2944 E HWMW_HwMagicWindowManagerImpl: service has not been started
01-16 09:49:46.650  2913  2944 D HwWindowStateEx: construct win com.android.server.wm.HwWindowStateEx@28dff43,comp ComponentInfo{com.android.settings/com.hihonor.settingslib.SubSettings},mLayoutInCutoutLandscape false
01-16 09:49:46.651  4114  4114 D FullScreenUtils: isNeedToHideStatusBar: splitscreenstate=-1
01-16 09:49:46.653  4350  4579 E HnFreeformController: mHnDesktopTasksController is null
01-16 09:49:46.653  4350  4579 I CaptionWindowDecorViewModel: onTaskInfoChanged taskId=64743
01-16 09:49:46.653  4114  4114 I VRI[Settings$DevelopmentSettingsActivity]: send MSG_WINDOW_FOCUS_CHANGED msg
01-16 09:49:46.658  4114  4114 D FullScreenUtils: isNeedToHideStatusBar: splitscreenstate=-1
01-16 09:49:46.659  2913  2944 D CoreBackPreview: Window{b0e49c0 u0 com.android.settings/com.hihonor.settingslib.SubSettings}: Setting back callback OnBackInvokedCallbackInfo{mCallback=android.window.IOnBackInvokedCallback$Stub$Proxy@ae6ac31, mPriority=0, mIsAnimationCallback=false}
01-16 09:49:46.665  2913  4054 I WindowManager: Changing focus from null to Window{b0e49c0 u0 com.android.settings/com.hihonor.settingslib.SubSettings} mode 0 displayId=0
01-16 09:49:46.665  2913  4054 I WindowManager: removeLeash, the window position need update Window{c5c55ba u0 NavigationBar0}
01-16 09:49:46.665  2913  4054 I WindowManager: removeLeash, the window position need update Window{99c60dd u0 StatusBar}
01-16 09:49:46.666  2913  4054 I HwDisplayContentEx: currentFocus windowstate not null
01-16 09:49:46.666  2913  4054 E ZrHung.AppEyeFocusWindow: cancel check
01-16 09:49:46.666  2913  4054 I HwDisplayContentEx: trans currentFocus windowstate not null
01-16 09:49:46.667  4114  4114 D FullScreenUtils: isNeedToHideStatusBar: splitscreenstate=-1
01-16 09:49:46.690  4114  4114 I ViewRootImpl: focus window changed, set pointer icon to default
01-16 09:49:46.690  2913  2944 I InputManager: setPointerIcon icon = PointerIcon{type=10001, hotspotX=0.0, hotspotY=0.0, center[-1.0,-1.0], bimtap:null, mFocusView:0, mWidth:0.0, mHeight:0.0, mRadiusX:0.0, mRadiusY:0.0, mScale:-1.0, mTargetColor:0, mClickColor:0, mChanged:false} mPointerIconId = 10001 mPointerIconAnimatorEnable = true mSingleHandIsRunning = falsedisplayId = -999 deviceId = -999 pointerId = -999
01-16 09:49:46.691  2913  2980 I ActivityTaskManager: send PROCESS_STOPPING_AND_FINISHING_MSG
01-16 09:49:46.691  2913  2980 I HnTransitionEx: reCalculateTransitionInfoForDesktopMode: isDesktopModeActiveTask setStartAbsBounds
01-16 09:49:46.691  2913  2980 I HnTransitionEx: reCalculateTransitionInfoForDesktopMode: isDesktopModeActiveTask setStartAbsBounds
01-16 09:49:46.691  2913  2980 D HwWindowManagerServiceEx: constructHnTransitionAnimationInfo wc size : 2
01-16 09:49:46.691  2913  2980 D HwWindowManagerServiceEx: constructHnTransitionAnimationInfo type: open activity : ActivityRecord{e3b7678 u0 com.android.settings/com.hihonor.settingslib.SubSettings t64743}, isSplitMode : false
01-16 09:49:46.691  2913  2980 D HwWindowManagerServiceEx: mIntelligentCardPosition = null
01-16 09:49:46.691  2913  2980 D HwWindowManagerServiceEx: constructHnTransitionAnimationInfo type: close activity : ActivityRecord{40da5d1 u0 com.android.settings/.Settings$DevelopmentSettingsActivity t64743}, isSplitMode : false
01-16 09:49:46.692  2913  2980 D HwWindowManagerServiceEx: mIntelligentCardPosition = null
01-16 09:49:46.692  2913  2980 I HwWindowManagerServiceEx: isBackToParallelSpaceLauncher launcherOpen =false; isWallpaperNoAnimation false
01-16 09:49:46.692  2913  2980 D HwMultiWindowManager: setParticialSplitScreenStatus: status=false, partialSplitTaskId=-1
01-16 09:49:46.692  4350  5607 V WindowManagerShell: onTransitionReady(transaction=12511239767236)
01-16 09:49:46.692  4350  4579 V WindowManagerShell: onTransitionReady android.os.BinderProxy@58ca0be: {id=306 t=OPEN f=0x0 trk=0 includeEmbeddedWindow=false isKeyGuardLocked=false r=[0@Point(0, 0)#true] c=[{null m=OPEN f=FILLS_TASK leash=Surface(name=ActivityRecord{e3b7678 u0 com.android.settings/com.hihonor.settingslib.SubSettings t64743})/@0x6435635 sb=Rect(0, 0 - 0, 0) eb=Rect(0, 0 - 1280, 2800) d=-1->0 r=-1->0:-1 bc=ff000000 component=com.android.settings/com.hihonor.settingslib.SubSettings mSkipAnimation=false taskId = 64743},{null m=TO_BACK f=FILLS_TASK leash=Surface(name=ActivityRecord{40da5d1 u0 com.android.settings/.Settings$DevelopmentSettingsActivity t64743})/@0xee0aca sb=Rect(0, 0 - 1280, 2800) eb=Rect(0, 0 - 1280, 2800) d=0 bc=ff000000 component=com.android.settings/.Settings$DevelopmentSettingsActivity mSkipAnimation=false taskId = 64743}]}
01-16 09:49:46.692  4350  4579 I ShellTransitions: Transition ready: (#306) android.os.BinderProxy@58ca0be@0 abort? false and playing: null
01-16 09:49:46.692  4350  4579 I WindowManagerShell: Playing animation for (#306) android.os.BinderProxy@58ca0be@0
01-16 09:49:46.692  4350  4579 V WindowManagerShell:  try handler com.android.wm.shell.hnmagicwindow.HnMagicWindowTransitionController@e1f49ae
01-16 09:49:46.692  4350  4579 V WindowManagerShell:  try handler com.android.wm.shell.hnmultiwindow.MultiWindowTransitionHandler@659934f
01-16 09:49:46.693  4350  4579 I MultiWindowTransitionHandler: shouldStartAnimation: false
01-16 09:49:46.693  4350  4579 V WindowManagerShell:  try handler com.android.wm.shell.transition.DefaultMixedHandler@d1ffadc
01-16 09:49:46.693  4350  4579 V WindowManagerShell:  try handler com.android.wm.shell.activityembedding.HnActivityEmbeddingController@73507e5
01-16 09:49:46.693  4350  4579 V WindowManagerShell:  try handler com.android.wm.shell.keyguard.KeyguardTransitionHandler@a1a52ba
01-16 09:49:46.693  4350  4579 V WindowManagerShell:  try handler com.android.wm.shell.pip.PipTransition@f922756
01-16 09:49:46.693  4350  4579 V WindowManagerShell:  try handler com.android.wm.shell.splitscreen.StageCoordinator@e9d7dde
01-16 09:49:46.693  4350  4579 V WindowManagerShell:  try handler com.android.wm.shell.recents.RecentsTransitionHandler@57e930b
01-16 09:49:46.693  4350  4579 I ShellRecents: RecentsTransitionHandler.startAnimation: no controller found
01-16 09:49:46.693  4350  4579 V WindowManagerShell:  try handler com.android.wm.shell.popover.PopOverTransitionHandler@bbb23d7
01-16 09:49:46.693  4350  4579 I PopOverTransitionHandler: startAnimation
01-16 09:49:46.693  4350  4579 I PopOverTransitionHandler: startAnimation  does not hasPopOverChange, returning false
01-16 09:49:46.693  4350  4579 V WindowManagerShell:  try handler com.android.wm.shell.freeform.FreeformTaskTransitionHandler@2e3f4c4
01-16 09:49:46.693  4350  4579 V WindowManagerShell:  try handler com.android.wm.shell.transition.RemoteTransitionHandler@33b1fad
01-16 09:49:46.693  4350  4579 V WindowManagerShell: Transition doesn't have explicit remote, search filters for match for {id=306 t=OPEN f=0x0 trk=0 includeEmbeddedWindow=false isKeyGuardLocked=false r=[0@Point(0, 0)#true] c=[{null m=OPEN f=FILLS_TASK leash=Surface(name=ActivityRecord{e3b7678 u0 com.android.settings/com.hihonor.settingslib.SubSettings t64743})/@0x6435635 sb=Rect(0, 0 - 0, 0) eb=Rect(0, 0 - 1280, 2800) d=-1->0 r=-1->0:-1 bc=ff000000 component=com.android.settings/com.hihonor.settingslib.SubSettings mSkipAnimation=false taskId = 64743},{null m=TO_BACK f=FILLS_TASK leash=Surface(name=ActivityRecord{40da5d1 u0 com.android.settings/.Settings$DevelopmentSettingsActivity t64743})/@0xee0aca sb=Rect(0, 0 - 1280, 2800) eb=Rect(0, 0 - 1280, 2800) d=0 bc=ff000000 component=com.android.settings/.Settings$DevelopmentSettingsActivity mSkipAnimation=false taskId = 64743}]}
01-16 09:49:46.693  4350  4579 V WindowManagerShell:  Checking filter Pair{{types=[] flags=0x0] notFlags=0x100 checks=[{atype=home independent=true modes=[OPEN,TO_FRONT] flags=NONE mustBeTask=false order=ANY topActivity=ComponentInfo{com.hihonor.android.launcher/com.hihonor.android.launcher.unihome.UniHomeLauncher} launchCookie=null},{atype=standard independent=true modes=[CLOSE,TO_BACK] flags=NONE mustBeTask=false order=ANY topActivity=null launchCookie=null},{NOT atype=standard independent=true modes=[] flags=TRANSLUCENT mustBeTask=false order=ANY topActivity=null launchCookie=null}]} RemoteTransition { remoteTransition = android.window.IRemoteTransition$Stub$Proxy@6e7c3af, backRemoteTransition = , appThread = android.app.IApplicationThread$Stub$Proxy@6a7d3bc, debugName = QuickstepLaunchHome }}
01-16 09:49:46.693  4350  4579 V WindowManagerShell:  Delegate animation for (#306) to null
01-16 09:49:46.693  4350  4579 E RemoteTransitionHandler: pending remote null
01-16 09:49:46.693  4350  4579 V WindowManagerShell:  try handler com.android.wm.shell.transition.DefaultTransitionHandler@28d9930
01-16 09:49:46.693  4350  4579 V WindowManagerShell: start default transition animation, info = {id=306 t=OPEN f=0x0 trk=0 includeEmbeddedWindow=false isKeyGuardLocked=false r=[0@Point(0, 0)#true] c=[{null m=OPEN f=FILLS_TASK leash=Surface(name=ActivityRecord{e3b7678 u0 com.android.settings/com.hihonor.settingslib.SubSettings t64743})/@0x6435635 sb=Rect(0, 0 - 0, 0) eb=Rect(0, 0 - 1280, 2800) d=-1->0 r=-1->0:-1 bc=ff000000 component=com.android.settings/com.hihonor.settingslib.SubSettings mSkipAnimation=false taskId = 64743},{null m=TO_BACK f=FILLS_TASK leash=Surface(name=ActivityRecord{40da5d1 u0 com.android.settings/.Settings$DevelopmentSettingsActivity t64743})/@0xee0aca sb=Rect(0, 0 - 1280, 2800) eb=Rect(0, 0 - 1280, 2800) d=0 bc=ff000000 component=com.android.settings/.Settings$DevelopmentSettingsActivity mSkipAnimation=false taskId = 64743}]}
01-16 09:49:46.693  4350  4579 I DefaultTransitionHandler: start default transition, wallpaperTransit: 0
01-16 09:49:46.693  4350  4579 I DefaultTransitionHandler: loadAnimation: type=OPEN flags=0 changeMode=4 changeFlags=FILLS_TASK isOpeningType=true enter=false isTask=false overrideType=1 endBounds=Rect(0, 0 - 1280, 2800) options = {t=CUSTOM overrideTask=true enterResId=34209800 exitResId=34209808}
01-16 09:49:46.693  4350  4579 I DefaultTransitionHandler: load custom animation=0x34209808, pkg=androidhnext
01-16 09:49:46.693  2913  2944 I InputManager: setVendorPointerIconTypeImpl mPointerIconId = 10001  iconId = 10001
01-16 09:49:46.694  2913  2979 I ActivityTaskManager: animating need stay in stopping state: com.android.settings/.Settings$DevelopmentSettingsActivity
01-16 09:49:46.694  4350  4579 I DefaultTransitionHandler: loadAnimation: type=OPEN flags=0 changeMode=1 changeFlags=FILLS_TASK isOpeningType=true enter=true isTask=false overrideType=1 endBounds=Rect(0, 0 - 1280, 2800) options = {t=CUSTOM overrideTask=true enterResId=34209800 exitResId=34209808}
01-16 09:49:46.694  4350  4579 I DefaultTransitionHandler: load custom animation=0x34209800, pkg=androidhnext
01-16 09:49:46.694  4350  4579 D DefaultTransitionHandler: boost leash Surface(name=ActivityRecord{e3b7678 u0 com.android.settings/com.hihonor.settingslib.SubSettings t64743})/@0x6435635 ZOrder 6
01-16 09:49:46.695  4350  4579 I WindowManagerShell:  animated by com.android.wm.shell.transition.DefaultTransitionHandler@28d9930
01-16 09:49:46.696  2913  2976 V WindowManager: Sent Transition (#306) createdAt=01-16 09:49:46.576 via request=TransitionRequestInfo { type = OPEN, triggerTask = TaskInfo{userId=0 taskId=64743 displayId=0 isRunning=true baseIntent=Intent { act=android.intent.action.MAIN cat=[android.intent.category.LAUNCHER] flg=0x10200000 cmp=com.android.settings/.HWSettings } baseActivity=ComponentInfo{com.android.settings/com.android.settings.Settings$DevelopmentSettingsActivity} topActivity=ComponentInfo{com.android.settings/com.hihonor.settingslib.SubSettings} origActivity=ComponentInfo{com.android.settings/com.android.settings.HWSettings} realActivity=ComponentInfo{com.android.settings/com.android.settings.HWSettings} launchedFromPackage=com.hihonor.android.launcher forceRotateMode=-1 numActivities=2 lastActiveTime=36753533 isSupportsHwFreeForm=false supportsHnSplitScreenMultiWindow=false supportsHnTopBotSplitScreenfalse supportsMultiWindow=false resizeMode=2 isResizeable=false minWidth=-1 minHeight=-1 defaultMinSize=220 token=WCT{RemoteToken{d12c7eb Task{c297994 #64743 type=standard A=1000:com.android.settings}}} topActivityType=1 pictureInPictureParams=null isAutoRemoveRecents=false shouldDockBigOverlays=false launchIntoPipHostTaskId=-1 lastParentTaskIdBeforePip=-1 displayCutoutSafeInsets=null topActivityInfo=ActivityInfo{c658bdb com.hihonor.settingslib.SubSettings} windowMode=1 launchCookies=[] positionInParent=Point(0, 0) parentTaskId=-1 isFocused=true isVisible=true isFreeformEnterPip=false isVisibleRequested=true isSleeping=false locusId=null displayAreaFeatureId=1 isTopActivityTransparent=false appCompatTaskInfo=AppCompatTaskInfo { topActivityInSizeCompat=false topActivityEligibleForLetterboxEducation= falseisLetterboxEducationEnabled= false isLetterboxDoubleTapEnabled= false topActivityEligibleForUserAspectRatioButton= false topActivityBoundsLetterboxed= false isFromLetterboxDoubleTap= false topActivityLetterboxVerticalPosition= -1 topActivityLetterboxHorizontalPosition= -1 topActivityLetterboxWidth=1280 topActivityLetterboxHeight=2800 isUserFullscreenOverrideEnabled=false isSystemFullscreenOverrideEnabled=false cameraCompatTaskInfo=CameraCompatTaskInfo { cameraCompatControlState=hidden freeformCameraCompatMode=inactive}} hnTaskInfoEx=HnTaskInfoEx{freeformPaddingType=0 shouldFreeformSetSurfaceCorner=false affinity=1000:com.android.settings appOrientationPolicy=1 gridLimitedPolicy=-1 forceResize=-1 extraPackageName=null extraUserId=0 shouldExitMiniWindow=false mIsCustomizedFreeformWindow=false mCustomizedWindowProp=null isDeskTopFreeformAlive=false isSupportDesktopModeFreeform=true isNeedLaunchInSamePosition=false isDisableNotSupportToast=false isNeedLaunchInCaller=false isExitDesktopModeWhenStart=false isSupportLandScapeFreeform=false isEmptyTaskStartFromRecentForDesktop=false mIsLauncherFromHnEmbedded=false isSupportForceLandscapeFreeformForPad=false mCallerPackageName=com.android.settings isSupportForceLaunchInFreeformInDesktopMode=false shouldHideWindowDecorForDesktop=false desktopTemplateSteplessRatio=0 isActivityUnSupportHnDesktopModeFreeForm=false mShouldNotHandledForDesktop=0} targetScaleForVerticalInwardFold=1.0}, pipTask = null, remoteTransition = null, displayChange = null, flags = 0, debugId = 306, displayMode = 0, hnTransitionRequestInfoEx = HnTransitionRequestInfoEx { isAllowAsyncStartTransitionfalsemIsCrossAppLaunchfalse} }
01-16 09:49:46.697  2913  2976 V WindowManager:     startWCT=WindowContainerTransaction { changes = {} hops = [] hnProperties = {} errorCallbackToken=null taskFragmentOrganizer=null }
01-16 09:49:46.697  2913  2976 V WindowManager:     info={id=306 t=OPEN f=0x0 trk=0 includeEmbeddedWindow=false isKeyGuardLocked=false r=[0@Point(0, 0)#true] c=[
01-16 09:49:46.697  2913  2976 V WindowManager:         {null m=OPEN f=FILLS_TASK leash=Surface(name=ActivityRecord{e3b7678 u0 com.android.settings/com.hihonor.settingslib.SubSettings t64743})/@0xa25b069 sb=Rect(0, 0 - 0, 0) eb=Rect(0, 0 - 1280, 2800) d=-1->0 r=-1->0:-1 bc=ff000000 component=com.android.settings/com.hihonor.settingslib.SubSettings mSkipAnimation=false taskId = 64743},
01-16 09:49:46.697  2913  2976 V WindowManager:         {null m=TO_BACK f=FILLS_TASK leash=Surface(name=ActivityRecord{40da5d1 u0 com.android.settings/.Settings$DevelopmentSettingsActivity t64743})/@0x8024aee sb=Rect(0, 0 - 1280, 2800) eb=Rect(0, 0 - 1280, 2800) d=0 bc=ff000000 component=com.android.settings/.Settings$DevelopmentSettingsActivity mSkipAnimation=false taskId = 64743}
01-16 09:49:46.697  2913  2976 V WindowManager:     ]}
01-16 09:49:46.697  2913  4208 W UserManagerService: Requested status bar icon for non-badged user 0
01-16 09:49:46.697  2913  2944 I HnVibratorManagerService: isSupportHwVibrator type:haptic.common.click_medium, isSupport:0
01-16 09:49:46.703  2913  4617 I BLASTSyncEngine: transaction commit callback: 306
01-16 09:49:46.704  4114  4114 I VRI[SubSettings]: send MSG_WINDOW_FOCUS_CHANGED msg
01-16 09:49:46.709  2913  3831 I InputMethodManagerService: userId=0,mCurrentUserId=0
01-16 09:49:46.710  2913  3831 V InputMethodManagerService: startInputOrWindowGainedFocusInternalLocked: reason=WINDOW_FOCUS_GAIN client=android.os.BinderProxy@5ce44c3 inputContext=null editorInfo=android.view.inputmethod.EditorInfo@47bfe1c startInputFlags=VIEW_HAS_FOCUS|INITIAL_CONNECTION softInputMode=STATE_UNSPECIFIED|ADJUST_RESIZE|IS_FORWARD_NAVIGATION windowFlags=#81810100 unverifiedTargetSdkVersion=35 bindingController=com.android.server.inputmethod.InputMethodBindingController@5e695e imeDispatcher=android.window.ImeOnBackInvokedDispatcher@5dfea25 cs=ClientState{40a6a35 mUid=1000 mPid=4114 mSelfReportedDisplayId=0}
01-16 09:49:46.710  2913  3831 I PreventAccidentalTouchManager: updateFocusedWindow: focusedWindowForHideIme=null
01-16 09:49:46.710  2913  3831 I InputMethodManagerService: hideCurrentInputLocked: reason 12
01-16 09:49:46.710  2913  3831 V InputMethodManagerService: Creating new accessibility sessions for client ClientState{40a6a35 mUid=1000 mPid=4114 mSelfReportedDisplayId=0}
01-16 09:49:46.712  2913  4617 I WindowManager: removeLeash, the window position need update Window{f9d1ed5 u0 InputMethod}
01-16 09:49:46.714  2913  2944 W PackageConfigPersister: App-specific configuration not found for packageName: com.android.settings and userId: 0
01-16 09:49:46.724  2913  2944 I HwInputMethodManagerService: removeImeSurfaceFromWindowAsync.android.os.BinderProxy@d799607
01-16 09:49:46.724  2913  2944 D InputMethodManagerService: IME window vis: 0 active: 0 inv: 0 displayId: 0
01-16 09:49:46.724  2913  2944 I HwInputMethodManagerService: removeImeSurfaceFromWindowAsync.android.os.BinderProxy@93adcf2
01-16 09:49:46.732  4350  4350 D FullScreenUtils: isNeedToHideStatusBar: splitscreenstate=0
01-16 09:49:46.733  2913  4617 I WindowManager: handleTopActivityLaunchingInDifferentOrientation background visible activity to cover config
01-16 09:49:46.944  2913  2984 W Watchdog: waitState=[0] waitedHalf=[false]
01-16 09:49:46.944  2913  2984 W Watchdog: watchdogKick kickCounter=[150]
01-16 09:49:47.163  2913  2979 W AccessibilityWindowsPopulator: Windows change within in 2 frames continuously over 500 ms and notify windows changed immediately
01-16 09:49:47.208  4350  4582 I DefaultTransitionHandler: onAnimationEnd, ActivityRecord{40da5d1 u0 com.android.settings/.Settings$DevelopmentSettingsActivity t64743}
01-16 09:49:47.209  4350  4582 I DefaultTransitionHandler: onAnimationEnd, ActivityRecord{e3b7678 u0 com.android.settings/com.hihonor.settingslib.SubSettings t64743}
01-16 09:49:47.210  4350  4579 I ShellTransitions: Active animation finished=(#306) android.os.BinderProxy@58ca0be@0, merged=null, aborted=false
01-16 09:49:47.210  4350  4579 I HnFreeformController: freeform_tag, removeRecentsTransition: android.os.BinderProxy@58ca0be
01-16 09:49:47.210  4350  4579 I HnFreeformController: freeform_tag, setRecentsTransitionToHome transition: android.os.BinderProxy@58ca0be, toHome: false
01-16 09:49:47.210  4350  4579 V WindowManagerShell: Transition animation finished (aborted=false), notifying core (#306) android.os.BinderProxy@58ca0be@0
01-16 09:49:47.211  2913  4054 I TransitionController: finishTransition TransitionRecord{773ddb6 id=306 type=OPEN flags=0x0}
01-16 09:49:47.211  2913  4054 V WindowManager: Loading animations: layout params pkg=com.android.settings resId=0x1030304
01-16 09:49:47.211  2913  4054 V WindowManager: Loading animations: picked package=android
01-16 09:49:47.211  2913  2976 V WindowManager: Finish Transition (#306): created at 01-16 09:49:46.576 collect-started=0.177ms request-sent=3.719ms started=4.642ms ready=33.824ms sent=116.183ms finished=635.092ms
01-16 09:49:47.212  2913  4054 I ActivityTaskManager: send PROCESS_STOPPING_AND_FINISHING_MSG
01-16 09:49:47.212  2913  4054 D HnMultiWindowAnimation: getDoingHnAnimType: 0
01-16 09:49:47.212  2913  4054 E HWMW_HwMagicWindowManagerImpl: service has not been started
01-16 09:49:47.212  4350  4579 I WindowManagerShell: Track 0 became idle
01-16 09:49:47.212  4350  4579 I WindowManagerShell: All active transition animations finished
01-16 09:49:47.214  2913  4617 W UserManagerService: Requested status bar icon for non-badged user 0
01-16 09:49:47.214  2913  4617 W UserManagerService: Requested status bar icon for non-badged user 0
01-16 09:49:47.227  2913  4054 I WindowManager: handleTopActivityLaunchingInDifferentOrientation background visible activity to cover config
01-16 09:49:47.227  4114  4114 D FullScreenUtils: isNeedToHideStatusBar: splitscreenstate=-1
01-16 09:49:47.229  2913  2979 I UsageStatsService: reportEvent : component= ComponentInfo{com.android.settings/com.android.settings.Settings$DevelopmentSettingsActivity} eventType= 23
01-16 09:49:47.229  2913  4054 I HnFrozenAppService: 21244 is frozen by HAware
01-16 09:49:47.231  2913  4054 V ActivityTaskManager: Activity idle: ActivityRecord{40da5d1 u0 com.android.settings/.Settings$DevelopmentSettingsActivity t64743}
01-16 09:49:47.231  2913  4054 V ActivityTaskManager: Activity idle: ActivityRecord{e3b7678 u0 com.android.settings/com.hihonor.settingslib.SubSettings t64743}
01-16 09:49:47.231  2913  2979 I HnFrozenAppService: 21244 is frozen by HAware
01-16 09:49:47.231  2913  4054 I PowerManagerService: need release WakeLockSuspendBlocker
01-16 09:49:47.231  2913  4054 I PowerManagerService: Releasing suspend blocker "PowerManagerService.WakeLocks".
01-16 09:49:47.234  2913  2979 I HnFrozenAppService: 21244 is frozen by HAware
01-16 09:49:47.301  2913  2979 V LocalDisplayAdapter: getDisplayDeviceInfoLocked called,1280x2800, 1280x2800displayCutout DisplayCutout{insets=Rect(0, 141 - 0, 0) waterfall=Insets{left=0, top=0, right=0, bottom=0} decoRect=null decoSafeInset=null boundingRect={Bounds=[Rect(0, 0 - 0, 0), Rect(499, 0 - 781, 141), Rect(0, 0 - 0, 0), Rect(0, 0 - 0, 0)]} cutoutPathParserInfo={CutoutPathParserInfo{displayWidth=1280 displayHeight=2800 physicalDisplayWidth=1280 physicalDisplayHeight=2800 density={3.5} cutoutSpec={M-141,0h282v141h-282} rotation={0} scale={1.0} physicalPixelDisplaySizeRatio={1.0}}} sideOverrides={}}, roundedCorners RoundedCorners{[RoundedCorner{position=TopLeft, radius=158, center=Point(158, 158)}, RoundedCorner{position=TopRight, radius=158, center=Point(1122, 158)}, RoundedCorner{position=BottomRight, radius=151, center=Point(1129, 2649)}, RoundedCorner{position=BottomLeft, radius=151, center=Point(151, 2649)}]}
01-16 09:49:47.301  2913  2979 I DisplayDeviceRepository: Display device changed render timings: "Integrierter Bildschirm", renderFrameRate=60.000004, presentationDeadlineNanos=16666666, appVsyncOffsetNanos=1000000
01-16 09:49:47.303  2913  3030 D BrightnessThermalClamper: Thermal status observer already started
01-16 09:49:47.303  2913  3030 D BrightnessPowerClamper: Power throttling data is missing for configuration data.
01-16 09:49:47.304  2913  2977 E SystemGestures: The HwFoldScreenManagerInternal is null.
01-16 09:49:47.305  2913  2913 I HwMultiDisplayManager: onDisplayChanged: 0
01-16 09:49:47.305  2913  2979 D DisplayManagerService: Ignore redundant display event 0/2 to 10233/5214
01-16 09:49:47.305  2913  2979 D DisplayManagerService: Ignore redundant display event 0/2 to 10159/7388
01-16 09:49:47.305  2913  2979 D DisplayManagerService: Ignore redundant display event 0/2 to 10157/11313
01-16 09:49:47.305  2913  2979 D DisplayManagerService: Ignore redundant display event 0/2 to 10153/11618
01-16 09:49:47.306  2913  2977 I LogicalDisplay: configureDisplayLocked mTempLayerStackRect=Rect(0, 0 - 1280, 2800) mTempDisplayRect=Rect(0, 0 - 1280, 2800) orientation = 0 mDisplayId=0
01-16 09:49:47.306  2913  2979 D DisplayManagerService: Ignore redundant display event 0/2 to 10237/13856
01-16 09:49:47.306  2913  2977 I HwActivityTaskSupervisorEx: handleVrDisplayChanged displayId = 0
01-16 09:49:47.306  2913  2977 W HwActivityTaskSupervisorEx: handleVrDisplayChanged other vr mode displayId: 0
01-16 09:49:47.306  2913  2979 D DisplayManagerService: Ignore redundant display event 0/2 to 10435/17070
01-16 09:49:47.306  2913  2979 D DisplayManagerService: Ignore redundant display event 0/2 to 10157/18779
01-16 09:49:47.306  2913  2979 D DisplayManagerService: Ignore redundant display event 0/2 to 10521/20646
01-16 09:49:47.307  2913  2979 D DisplayManagerService: Ignore redundant display event 0/2 to 10628/21244
01-16 09:49:47.307  2913  2979 D DisplayManagerService: Ignore redundant display event 0/2 to 10240/24496
01-16 09:49:47.307  2913  2979 D DisplayManagerService: Ignore redundant display event 0/2 to 10240/28158
01-16 09:49:47.307  2913  2979 D DisplayManagerService: Ignore redundant display event 0/2 to 10266/29039
01-16 09:49:47.307  2913  2979 D DisplayManagerService: Ignore redundant display event 0/2 to 10235/32198
01-16 09:49:47.311  2913  5129 I PowerManagerService: wakeLock.mDisabled:false, mDeviceIdleMode:false, mProcState:0
01-16 09:49:47.311  2913  5129 I PowerManagerService: need acquire WakeLockSuspendBlocker
01-16 09:49:47.311  2913  5129 I PowerManagerService: Acquiring suspend blocker "PowerManagerService.WakeLocks".
01-16 09:49:47.315  2913  4919 I PowerManagerService: need release WakeLockSuspendBlocker
01-16 09:49:47.315  2913  4919 I PowerManagerService: Releasing suspend blocker "PowerManagerService.WakeLocks".
01-16 09:49:47.955  2913  4208 I AlarmManager: remove alarm reason:1 alarms:[Alarm{849264c type 3 origWhen 315396747625 whenElapsed 315396747625 PendingIntent{7880edb: PendingIntentRecord{1d73d78 com.google.android.gms/com.google.android.gms.container startService}} com.google.android.gms procName com.google.android.gms.persistent}]
01-16 09:49:48.546  2913  4208 I AlarmManager: remove alarm reason:1 alarms:[Alarm{b98a695 type 3 origWhen 315396747703 whenElapsed 315396747703 PendingIntent{e140548: PendingIntentRecord{5d25fe1 com.google.android.gms/com.google.android.gms.container startService}} com.google.android.gms procName com.google.android.gms}]
01-16 09:49:48.551  2913  4919 I PowerManagerService: wakeLock.mDisabled:false, mDeviceIdleMode:false, mProcState:0
01-16 09:49:48.551  2913  4919 I PowerManagerService: need acquire WakeLockSuspendBlocker
01-16 09:49:48.551  2913  4919 I PowerManagerService: Acquiring suspend blocker "PowerManagerService.WakeLocks".
01-16 09:49:48.555  2913  4919 I HnBroadcastQueueImpl:  procName: com.tencent.mm pid: 13718 delay to FZ: 0
01-16 09:49:48.555  2913  4919 I HnBroadcastQueueImpl:  procName: com.tencent.mm:push pid: 14115 delay to FZ: 0
01-16 09:49:48.555  2913  4919 I HnBroadcastQueueImpl:  procName: com.tencent.mm:appbrand0 pid: 11951 delay to FZ: 0
01-16 09:49:48.555  2913  4919 I HnBroadcastQueueImpl:  procName: com.tencent.mm pid: 13718 delay to FZ: 0
01-16 09:49:48.556  2913  4919 I HnBroadcastQueueImpl:  procName: com.tencent.mm:push pid: 14115 delay to FZ: 0
01-16 09:49:48.556  2913  4919 I HnBroadcastQueueImpl:  procName: com.tencent.mm:appbrand0 pid: 11951 delay to FZ: 0
01-16 09:49:48.556  2913  4919 W HnBroadcastQueueImpl: pkg: com.tencent.mm procName: com.google.android.webview:sandboxed_process0:org.chromium.content.app.SandboxedProcessService0:0 pid: 21845 queue or queue.app is null!
01-16 09:49:48.556  2913  4919 W HnBroadcastQueueImpl: pkg: com.tencent.mm procName: com.google.android.webview:sandboxed_process0:org.chromium.content.app.SandboxedProcessService0:0 pid: 21845 queue or queue.app is null!
01-16 09:49:48.564  2913  4346 I SWAP_SCENE: Entering notifySceneData notifySceneData. EventType:FREEZE para:com.tencent.mm
01-16 09:49:48.565  2913  5651 I SWAP_AppScore: freeze and will always active, 999 com.tencent.mm
01-16 09:49:48.565  2913  5651 D SWAP_AppModel: setDailyFreezeTime pkgName:com.tencent.mm DailyFreezeTime:66
01-16 09:49:48.565  2913  5651 D SWAP_AppModel: getDailyFreezeTime. pkgName:com.tencent.mm dailyFreezeTimes:66
01-16 09:49:48.565  2913  5651 I SWAP_AppScore: updateNewBgActiveAppMap:freezeTimes:66 appName:com.tencent.mm
01-16 09:49:48.565  2913  5651 I SWAP_GkiKernelInterface: set score to 999 for pkg com.tencent.mm groupId 113, success
01-16 09:49:48.565  2913  5651 I SWAP_AppScore: getFreezeRatioAndRefault, pkg:com.tencent.mm
01-16 09:49:48.565  2913  5651 I SWAP_AppScore: getFreezeRatioAndRefault, anno ram:0
01-16 09:49:48.565  2913  5651 I SWAP_AppScore: adjustSwapRatio:pkg:com.tencent.mm
01-16 09:49:48.565  2913  5651 I SWAP_AppScore: getSwapRatioForFastSetApp pkg:com.tencent.mm Ratio:10
01-16 09:49:48.565  2913  5651 I SWAP_AppScore: adjustSwapRatio:fastSetAppMap:swapratio10 pkgName:com.tencent.mm
01-16 09:49:48.565  2913  5651 I SWAP_AppScore: ParaConfig have no swapIndex parameters
01-16 09:49:48.565  2913  5651 I SWAP_AppScore: final ratio info: pkgName:com.tencent.mm, reclaime ratio:80, swap ratio:10
01-16 09:49:48.565  2913  5651 I SWAP_GkiKernelInterface: In reclaimCurrentApp, shrinkRatio is 20, shrinkMax is 100
01-16 09:49:48.566  2913  5504 D SWAP_GkiKernelInterface: writeRatioNew success, pkgName = com.tencent.mm, memZramRatio = 80, zramEswapRatio = 10, reclaimRefault = 100
01-16 09:49:48.566  2913  5504 I SWAP_AppScore: finish msg processing!
01-16 09:49:48.573  2913  5129 I PowerManagerService: need release WakeLockSuspendBlocker
01-16 09:49:48.573  2913  5129 I PowerManagerService: Releasing suspend blocker "PowerManagerService.WakeLocks".
01-16 09:49:48.619  2913  3725 I ActivityManager: sendIntentSender target:PendingIntentRecord{62bbad4 com.hihonor.awareness broadcastIntent}, intent:flg=0x4 hwFlg=0x110
01-16 09:49:48.622  2913  3005 D ActivityManager: sync unfroze 16634 com.hihonor.awareness:dp.ofdb for 10
01-16 09:49:48.623  2913  3725 I PowerManagerService: wakeLock.mDisabled:false, mDeviceIdleMode:false, mProcState:0
01-16 09:49:48.623  2913  3725 I PowerManagerService: need acquire WakeLockSuspendBlocker
01-16 09:49:48.623  2913  3725 I PowerManagerService: Acquiring suspend blocker "PowerManagerService.WakeLocks".
01-16 09:49:48.629  2913  2913 I PowerManagerService: need release WakeLockSuspendBlocker
01-16 09:49:48.629  2913  2913 I PowerManagerService: Releasing suspend blocker "PowerManagerService.WakeLocks".
01-16 09:49:48.707  2913  5651 D SWAP_GkiKernelInterface: reclaimCurrentApp success, pkgName = com.tencent.mm, memcgid = 113, toReclaim = 104857600
01-16 09:49:48.707  2913  5651 I SWAP_AppScore: setScoreAndRatioFreeze::pkgName:com.tencent.mm score:999[RatioParm] swapRatio:10, reclaimRatio:80, reclaimRefault:100 unfreezeTimes:34
01-16 09:49:49.490  2913  4208 I PowerManagerService: wakeLock.mDisabled:false, mDeviceIdleMode:false, mProcState:0
01-16 09:49:49.490  2913  4208 I PowerManagerService: need acquire WakeLockSuspendBlocker
01-16 09:49:49.490  2913  4208 I PowerManagerService: Acquiring suspend blocker "PowerManagerService.WakeLocks".
01-16 09:49:49.568  2913  4208 I PowerManagerService: wakeLock.mDisabled:false, mDeviceIdleMode:false, mProcState:0
01-16 09:49:49.571  2913  4208 I PowerManagerService: wakeLock.mDisabled:false, mDeviceIdleMode:false, mProcState:0
01-16 09:49:49.769  2913  4346 I PowerManagerService: need release WakeLockSuspendBlocker
01-16 09:49:49.769  2913  4346 I PowerManagerService: Releasing suspend blocker "PowerManagerService.WakeLocks".
01-16 09:49:49.796  2913  4346 I PowerManagerService: wakeLock.mDisabled:false, mDeviceIdleMode:false, mProcState:0
01-16 09:49:49.796  2913  4346 I PowerManagerService: need acquire WakeLockSuspendBlocker
01-16 09:49:49.796  2913  4346 I PowerManagerService: Acquiring suspend blocker "PowerManagerService.WakeLocks".
01-16 09:49:49.800  2913  4208 I PowerManagerService: wakeLock.mDisabled:false, mDeviceIdleMode:false, mProcState:0
01-16 09:49:49.807  2913  4346 I PowerManagerService: wakeLock.mDisabled:false, mDeviceIdleMode:false, mProcState:0
01-16 09:49:49.814  2913  4208 I PowerManagerService: wakeLock.mDisabled:false, mDeviceIdleMode:false, mProcState:0
01-16 09:49:49.868  2913  5129 I PowerManagerService: wakeLock.mDisabled:false, mDeviceIdleMode:false, mProcState:0
01-16 09:49:49.871  2913  4208 I PowerManagerService: wakeLock.mDisabled:false, mDeviceIdleMode:false, mProcState:0
01-16 09:49:49.975  2913  3725 I PowerManagerService: wakeLock.mDisabled:false, mDeviceIdleMode:false, mProcState:0
01-16 09:49:49.975  2913  3725 I ActivityManager: sendIntentSender target:PendingIntentRecord{93071c5 com.google.android.gms/com.google.android.gms.scheduler broadcastIntent}, intent:flg=0x4 hwFlg=0x110
01-16 09:49:49.977  2913  3725 I ActivityManager: App 10042/com.google.android.gms on idle whitelist; not restricted in background
01-16 09:49:49.978  2913  3725 I ActivityManager: sendIntentSender target:PendingIntentRecord{a1b00df com.hihonor.hiview broadcastIntent}, intent:flg=0x4 hwFlg=0x110
01-16 09:49:49.978  2913  3005 I ActivityManager: App 10042/com.google.android.gms on idle whitelist; not restricted in background
01-16 09:49:49.983  2913  3725 I ActivityManager: App 1000/com.hihonor.hiview on idle whitelist; not restricted in background
01-16 09:49:49.984  2913  3725 I ActivityManager: sendIntentSender target:PendingIntentRecord{835d36f com.tencent.mm broadcastIntent}, intent:flg=0x4 hwFlg=0x110
01-16 09:49:49.985  2913  3725 I ActivityManager: sendIntentSender target:PendingIntentRecord{32567e2 com.burockgames.timeclocker broadcastIntent}, intent:flg=0x4 hwFlg=0x110
01-16 09:49:49.989  2913  3005 I ActivityManager: App 1000/com.hihonor.hiview on idle whitelist; not restricted in background
01-16 09:49:49.989  2913  3005 E ProcessInfoCollector: getProcessInfo: proc should not less than zero.
01-16 09:49:49.990  2913  4919 I UsageStatsService: queryEvents beginTime : 1768549783617 endTime : 1768553389989 callingPackage : com.burockgames.timeclocker
01-16 09:49:49.990  2913  4919 D UsageStatsService: User[0] SELECT * FROM 0 WHERE beginTime >= 1768549783617 AND endTime < 1768553389989
01-16 09:49:49.990  2913  4919 D UsageStatsService: Got 0 results from disk
01-16 09:49:49.990  2913  4919 D UsageStatsService: Current stats beginTime=1768518000000 endTime=1768553387748
01-16 09:49:49.990  2913  4919 I UsageStatsService: User[0] Results: 257
01-16 09:49:49.991  2913  3725 I ActivityManager: App 10379/com.burockgames.timeclocker targets O+, restricted
01-16 09:49:49.992  2913  3725 I ActivityManager: sendIntentSender target:PendingIntentRecord{fb5a630 com.burockgames.timeclocker broadcastIntent}, intent:flg=0x4 hwFlg=0x110
01-16 09:49:49.993  2913  3725 I ActivityManager: App 10379/com.burockgames.timeclocker targets O+, restricted
01-16 09:49:49.993  2913  3725 I ActivityManager: sendIntentSender target:PendingIntentRecord{a4734d7 com.burockgames.timeclocker broadcastIntent}, intent:flg=0x4 hwFlg=0x110
01-16 09:49:49.994  2913  3005 I ActivityManager: App 10379/com.burockgames.timeclocker targets O+, restricted
01-16 09:49:49.994  2913  3005 E ProcessInfoCollector: getProcessInfo: proc should not less than zero.
01-16 09:49:49.997  2913  3725 I ActivityManager: App 10379/com.burockgames.timeclocker targets O+, restricted
01-16 09:49:49.998  2913  3703 I JobScheduler.Time: realNextDelayExpiredElapsedMillis: 36856934 mNextDelayExpiredElapsedMillis:36856934
01-16 09:49:49.999  2913  3703 E ProcessInfoCollector: getProcessInfo: proc should not less than zero.
01-16 09:49:50.000  2913  4919 I ActivityManager: App 10379/com.burockgames.timeclocker targets O+, restricted
01-16 09:49:50.000  2913  4919 E ProcessInfoCollector: getProcessInfo: proc should not less than zero.
01-16 09:49:50.001  2913  3703 I PowerManagerService: wakeLock.mDisabled:false, mDeviceIdleMode:false, mProcState:0
01-16 09:49:50.002  2913  3703 I PowerManagerService: wakeLock.mDisabled:false, mDeviceIdleMode:false, mProcState:0
01-16 09:49:50.002  2913  3703 W ProcBatteryStats: timer is running , not start, name: com.burockgames.timeclocker, uid: 10379, tag: *job*/@androidx.work.systemjobscheduler@com.burockgames.timeclocker/androidx.work.impl.background.systemjob.SystemJobService
01-16 09:49:50.003  2913  4208 I PowerManagerService: wakeLock.mDisabled:false, mDeviceIdleMode:false, mProcState:4
01-16 09:49:50.003  2913  4642 I ActivityManager: App 10379/com.burockgames.timeclocker targets O+, restricted
01-16 09:49:50.003  2913  4642 E ProcessInfoCollector: getProcessInfo: proc should not less than zero.
01-16 09:49:50.006  2913  3703 E ProcessInfoCollector: getProcessInfo: failed to find this proc: 2913
01-16 09:49:50.032  2913  4642 I PowerManagerService: wakeLock.mDisabled:false, mDeviceIdleMode:false, mProcState:4
01-16 09:49:50.066  2913  4919 W ProcBatteryStats: timer is not running , not stop, name: com.burockgames.timeclocker, uid: 10379, tag: *job*/@androidx.work.systemjobscheduler@com.burockgames.timeclocker/androidx.work.impl.background.systemjob.SystemJobService
01-16 09:49:50.066  2913  4919 W JobScheduler: Job didn't exist in JobStore: b03955c {androidx.work.systemjobscheduler} #u0a379/526222 @androidx.work.systemjobscheduler@com.burockgames.timeclocker/androidx.work.impl.background.systemjob.SystemJobService
01-16 09:49:50.068  2913  4919 I PowerManagerService: need release WakeLockSuspendBlocker
01-16 09:49:50.068  2913  4919 I PowerManagerService: Releasing suspend blocker "PowerManagerService.WakeLocks".
01-16 09:49:50.068  2913  4208 I PowerManagerService: wakeLock.mDisabled:false, mDeviceIdleMode:false, mProcState:4
01-16 09:49:50.068  2913  4208 I PowerManagerService: need acquire WakeLockSuspendBlocker
01-16 09:49:50.068  2913  4208 I PowerManagerService: Acquiring suspend blocker "PowerManagerService.WakeLocks".
01-16 09:49:50.071  2913  4208 I PowerManagerService: need release WakeLockSuspendBlocker
01-16 09:49:50.071  2913  4208 I PowerManagerService: Releasing suspend blocker "PowerManagerService.WakeLocks".
01-16 09:49:50.072  2913  4642 I PowerManagerService: wakeLock.mDisabled:false, mDeviceIdleMode:false, mProcState:4
01-16 09:49:50.072  2913  4642 I PowerManagerService: need acquire WakeLockSuspendBlocker
01-16 09:49:50.072  2913  4642 I PowerManagerService: Acquiring suspend blocker "PowerManagerService.WakeLocks".
01-16 09:49:50.074  2913  4642 I AlarmManager: remove alarm reason:1 alarms:[Alarm{94b62e3 type 3 origWhen 36757579 whenElapsed 36761993 PendingIntent{41ec3e5: PendingIntentRecord{93071c5 com.google.android.gms/com.google.android.gms.scheduler broadcastIntent}} com.google.android.gms procName com.google.android.gms.persistent}]
01-16 09:49:50.076  2913  5129 I PowerManagerService: need release WakeLockSuspendBlocker
01-16 09:49:50.076  2913  5129 I PowerManagerService: Releasing suspend blocker "PowerManagerService.WakeLocks".
01-16 09:49:50.080  2913  5129 I PowerManagerService: wakeLock.mDisabled:false, mDeviceIdleMode:false, mProcState:0
01-16 09:49:50.080  2913  5129 I PowerManagerService: need acquire WakeLockSuspendBlocker
01-16 09:49:50.080  2913  5129 I PowerManagerService: Acquiring suspend blocker "PowerManagerService.WakeLocks".
01-16 09:49:50.084  2913  4642 I AlarmManager: remove alarm reason:0 alarms:[Alarm{a33ff0c type 3 origWhen 36856934 whenElapsed 36856934 android android procName system}]
01-16 09:49:50.084  2913  4642 I JobScheduler.Time: realNextDelayExpiredElapsedMillis: 36786929 mNextDelayExpiredElapsedMillis:36786929
01-16 09:49:50.282  2913  4208 I PowerManagerService: need release WakeLockSuspendBlocker
01-16 09:49:50.283  2913  4208 I PowerManagerService: Releasing suspend blocker "PowerManagerService.WakeLocks".
01-16 09:49:50.350  2913  4919 W ProcessStats: Tracking association SourceState{94ea17d system/1000 BFgs #12771167} whose proc state 4 is better than process ProcessState{5196e5f com.anonymous.breakloopnative/10616 pkg=com.anonymous.breakloopnative} proc state 5 (7873 skipped)
01-16 09:49:50.355  2913  5129 I PowerManagerService: wakeLock.mDisabled:false, mDeviceIdleMode:false, mProcState:0
01-16 09:49:50.355  2913  5129 I PowerManagerService: need acquire WakeLockSuspendBlocker
01-16 09:49:50.355  2913  5129 I PowerManagerService: Acquiring suspend blocker "PowerManagerService.WakeLocks".
01-16 09:49:50.369  2913  4208 I PowerManagerService: wakeLock.mDisabled:false, mDeviceIdleMode:false, mProcState:0
01-16 09:49:50.371  2913  4919 I PowerManagerService: wakeLock.mDisabled:false, mDeviceIdleMode:false, mProcState:0
01-16 09:49:50.382  2913  5129 I PowerManagerService: wakeLock.mDisabled:false, mDeviceIdleMode:false, mProcState:0
01-16 09:49:50.390  2913  5129 I PowerManagerService: wakeLock.mDisabled:false, mDeviceIdleMode:false, mProcState:0
01-16 09:49:50.391  2913  4346 I PowerManagerService: wakeLock.mDisabled:false, mDeviceIdleMode:false, mProcState:0
01-16 09:49:50.403  2913  4346 I PowerManagerService: wakeLock.mDisabled:false, mDeviceIdleMode:false, mProcState:0
01-16 09:49:50.421  2913  4919 I PowerManagerService: wakeLock.mDisabled:false, mDeviceIdleMode:false, mProcState:0
01-16 09:49:50.424  2913  4919 I PowerManagerService: wakeLock.mDisabled:false, mDeviceIdleMode:false, mProcState:0
01-16 09:49:50.429  2913  4642 I PowerManagerService: wakeLock.mDisabled:false, mDeviceIdleMode:false, mProcState:0
01-16 09:49:50.441  2913  4346 D HwNetworkManagementService: code == CODE_SET_CHR_REPORT_APP_LIST
01-16 09:49:50.442  2913  4346 I HwNetworkManagementService: chr appuid set succeeded
01-16 09:49:50.442  2913  4346 I HwNetworkManagementService: android.os.ServiceSpecificException: Operation not permitted (code 1)
01-16 09:49:50.442  2913  4346 I HwNetworkManagementService: 	at android.os.Parcel.createExceptionOrNull(Parcel.java:3276)
01-16 09:49:50.442  2913  4346 I HwNetworkManagementService: 	at android.os.Parcel.createException(Parcel.java:3246)
01-16 09:49:50.442  2913  4346 I HwNetworkManagementService: 	at android.os.Parcel.readException(Parcel.java:3229)
01-16 09:49:50.442  2913  4346 I HwNetworkManagementService: 	at android.os.Parcel.readException(Parcel.java:3171)
01-16 09:49:50.442  2913  4346 I HwNetworkManagementService: 	at com.android.internal.net.IOemNetd$Stub$Proxy.setChrAppUid(IOemNetd.java:1273)
01-16 09:49:50.442  2913  4346 I HwNetworkManagementService: 	at com.android.server.net.HwNetworkManagementService.setChrReportUid(HwNetworkManagementService.java:2888)
01-16 09:49:50.442  2913  4346 I HwNetworkManagementService: 	at com.android.server.net.HwNetworkManagementService.onTransact(HwNetworkManagementService.java:1113)
01-16 09:49:50.442  2913  4346 I HwNetworkManagementService: 	at android.os.Binder.execTransactInternal(Binder.java:1539)
01-16 09:49:50.442  2913  4346 I HwNetworkManagementService: 	at android.os.Binder.execTransact(Binder.java:1476)
01-16 09:49:50.444  2913  4919 W ContextImpl: Calling a method in the system process without a qualified user: android.app.ContextImpl.sendBroadcastMultiplePermissions:1430 android.content.Context.sendBroadcastMultiplePermissions:2523 com.android.server.TelephonyRegistry.broadcastServiceStateChanged:3793 com.android.server.TelephonyRegistry.notifyServiceStateForPhoneId:1819 com.android.internal.telephony.ITelephonyRegistry$Stub.onTransact:546 
01-16 09:49:50.446  2913  4919 I ActivityManager: App 10185/com.google.android.cellbroadcastreceiver on idle whitelist; not restricted in background
01-16 09:49:50.446  2913  4919 W ContextImpl: Calling a method in the system process without a qualified user: android.app.ContextImpl.sendBroadcastMultiplePermissions:1463 com.android.server.TelephonyRegistry.broadcastServiceStateChanged:3798 com.android.server.TelephonyRegistry.notifyServiceStateForPhoneId:1819 com.android.internal.telephony.ITelephonyRegistry$Stub.onTransact:546 android.os.Binder.execTransactInternal:1539 
01-16 09:49:50.452  2913  4919 I ActivityManager: App 10185/com.google.android.cellbroadcastreceiver on idle whitelist; not restricted in background
01-16 09:49:50.452  2913  4919 W ContextImpl: Calling a method in the system process without a qualified user: android.app.ContextImpl.sendBroadcastMultiplePermissions:1463 com.android.server.TelephonyRegistry.broadcastServiceStateChanged:3807 com.android.server.TelephonyRegistry.notifyServiceStateForPhoneId:1819 com.android.internal.telephony.ITelephonyRegistry$Stub.onTransact:546 android.os.Binder.execTransactInternal:1539 
01-16 09:49:50.453  2913  4919 I ActivityManager: App 10185/com.google.android.cellbroadcastreceiver on idle whitelist; not restricted in background
01-16 09:49:50.453  2913  4919 W ContextImpl: Calling a method in the system process without a qualified user: android.app.ContextImpl.sendBroadcastMultiplePermissions:1463 com.android.server.TelephonyRegistry.broadcastServiceStateChanged:3813 com.android.server.TelephonyRegistry.notifyServiceStateForPhoneId:1819 com.android.internal.telephony.ITelephonyRegistry$Stub.onTransact:546 android.os.Binder.execTransactInternal:1539 
01-16 09:49:50.455  2913  4919 I ActivityManager: App 10185/com.google.android.cellbroadcastreceiver on idle whitelist; not restricted in background
01-16 09:49:50.456  2913  3005 D ActivityManager: sync unfroze 30288 com.google.android.cellbroadcastreceiver for 3
01-16 09:49:50.457  2913  3005 I ActivityManager: App 10185/com.google.android.cellbroadcastreceiver on idle whitelist; not restricted in background
01-16 09:49:50.457  2913  3005 E ProcessInfoCollector: getProcessInfo: failed to find this proc: 2913
01-16 09:49:50.483  2913  4919 I PowerManagerService: wakeLock.mDisabled:false, mDeviceIdleMode:false, mProcState:0
01-16 09:49:50.485  2913  4837 I PowerManagerService: wakeLock.mDisabled:false, mDeviceIdleMode:false, mProcState:0
01-16 09:49:50.644  2913  4346 I PowerManagerService: need release WakeLockSuspendBlocker
01-16 09:49:50.644  2913  4346 I PowerManagerService: Releasing suspend blocker "PowerManagerService.WakeLocks".
01-16 09:49:50.839  2913  3713 D ActivityManager: freezing 31412 com.hihonor.health
01-16 09:49:51.448  1248 15409 I keystore2: system/security/keystore2/watchdog/src/lib.rs:319 - Watchdog thread idle -> terminating. Have a great day.
01-16 09:49:51.968  2913  4045 I HwDualSensorEventListenerImpl: updateBackSensorStateMsg,isDisableBackSensor=true,mIsBackEnable=true,delayTime=5000
01-16 09:49:52.422  2913  2982 I AppEyeFwkBlock: do monitor
01-16 09:49:52.578  2913  4837 I PowerManagerService: wakeLock.mDisabled:false, mDeviceIdleMode:false, mProcState:0
01-16 09:49:52.578  2913  4837 I PowerManagerService: need acquire WakeLockSuspendBlocker
01-16 09:49:52.578  2913  4837 I PowerManagerService: Acquiring suspend blocker "PowerManagerService.WakeLocks".
01-16 09:49:52.581  2913  4837 I HnBroadcastQueueImpl:  procName: com.facebook.orca pid: 11822 delay to FZ: 0
01-16 09:49:52.581  2913  4837 W HnBroadcastQueueImpl: pkg: com.facebook.orca procName: com.facebook.orca pid: 11822 queue or queue.app is null!
01-16 09:49:52.588  2913  4919 I SWAP_SCENE: Entering notifySceneData notifySceneData. EventType:FREEZE para:com.facebook.orca
01-16 09:49:52.590  2913  5651 I SWAP_AppScore: freeze and will always active, 999 com.facebook.orca
01-16 09:49:52.590  2913  5651 D SWAP_AppModel: setDailyFreezeTime pkgName:com.facebook.orca DailyFreezeTime:21
01-16 09:49:52.590  2913  5651 D SWAP_AppModel: getDailyFreezeTime. pkgName:com.facebook.orca dailyFreezeTimes:21
01-16 09:49:52.590  2913  5651 I SWAP_AppScore: updateNewBgActiveAppMap:freezeTimes:21 appName:com.facebook.orca
