01-15 23:48:34.255  2913  5829 D HwBatteryService: charge line pull out, try to cancel non_standard charge line notification
01-15 23:48:34.255  2913  5829 I BatteryService: Processing new values: info={chargerAcOnline=false,chargerUsbOnline=false,chargerWirelessOnline=false,maxChargingCurrent=0,maxChargingVoltage=0,batteryStatus=3=DISCHARGING,batteryHealth=2=GOOD,batteryPresent=true,batteryLevel=18,batteryVoltage=3702,batteryTemperature=310,batteryFullCharge=5265000,batteryChargeCounter=1160000,batteryTechnology=Li-ion,batteryCapacityLevel=3=NORMAL,chargerDockOnline=false}, mBatteryLevelCritical=false, mPlugType=0, mLastPlugType=0
01-15 23:48:34.256  2913  5829 I BatteryService: check conditions changed
01-15 23:48:34.261  2913  5829 D HwBatteryService: charge line pull out, try to cancel non_standard charge line notification
01-15 23:48:34.261  2913  5829 I BatteryService: Processing new values: info={chargerAcOnline=false,chargerUsbOnline=false,chargerWirelessOnline=false,maxChargingCurrent=0,maxChargingVoltage=0,batteryStatus=3=DISCHARGING,batteryHealth=2=GOOD,batteryPresent=true,batteryLevel=18,batteryVoltage=3702,batteryTemperature=310,batteryFullCharge=5265000,batteryChargeCounter=1160000,batteryTechnology=Li-ion,batteryCapacityLevel=3=NORMAL,chargerDockOnline=false}, mBatteryLevelCritical=false, mPlugType=0, mLastPlugType=0
01-15 23:48:34.262  2913  5829 I BatteryService: check conditions changed
01-15 23:48:34.265  2913  5829 D OomAdjuster: Not killing cached processes
01-15 23:48:34.267  2913  4919 D HwBatteryService: charge line pull out, try to cancel non_standard charge line notification
01-15 23:48:34.268  2913  4919 I BatteryService: Processing new values: info={chargerAcOnline=false,chargerUsbOnline=false,chargerWirelessOnline=false,maxChargingCurrent=0,maxChargingVoltage=0,batteryStatus=3=DISCHARGING,batteryHealth=2=GOOD,batteryPresent=true,batteryLevel=18,batteryVoltage=3702,batteryTemperature=310,batteryFullCharge=5265000,batteryChargeCounter=1160000,batteryTechnology=Li-ion,batteryCapacityLevel=3=NORMAL,chargerDockOnline=false}, mBatteryLevelCritical=false, mPlugType=0, mLastPlugType=0
01-15 23:48:34.268  2913  4919 I BatteryService: check conditions changed
01-15 23:48:34.272  2913  4919 D HwBatteryService: charge line pull out, try to cancel non_standard charge line notification
01-15 23:48:34.273  2913  4919 I BatteryService: Processing new values: info={chargerAcOnline=false,chargerUsbOnline=false,chargerWirelessOnline=false,maxChargingCurrent=0,maxChargingVoltage=0,batteryStatus=3=DISCHARGING,batteryHealth=2=GOOD,batteryPresent=true,batteryLevel=18,batteryVoltage=3702,batteryTemperature=310,batteryFullCharge=5265000,batteryChargeCounter=1160000,batteryTechnology=Li-ion,batteryCapacityLevel=3=NORMAL,chargerDockOnline=false}, mBatteryLevelCritical=false, mPlugType=0, mLastPlugType=0
01-15 23:48:34.273  2913  4919 I BatteryService: check conditions changed
01-15 23:48:35.396  2913  3697 I HwBatteryService: power_ui state= 0 mQuickChargeStatus=0
01-15 23:48:35.396  2913  3697 I HwBatteryService: handleWirelessTxStatus
01-15 23:48:35.396  2913  3697 I HwBatteryService: switch not open, return, mWirelessTxFlag : 0
01-15 23:48:35.408  2913  3697 I HwBatteryService: power_ui state= 0 mQuickChargeStatus=0
01-15 23:48:35.408  2913  3697 I HwBatteryService: handleWirelessTxStatus
01-15 23:48:35.408  2913  3697 I HwBatteryService: switch not open, return, mWirelessTxFlag : 0
01-15 23:48:35.413  2913  4919 D HwBatteryService: charge line pull out, try to cancel non_standard charge line notification
01-15 23:48:35.413  2913  4919 I BatteryService: Processing new values: info={chargerAcOnline=false,chargerUsbOnline=false,chargerWirelessOnline=false,maxChargingCurrent=0,maxChargingVoltage=0,batteryStatus=3=DISCHARGING,batteryHealth=2=GOOD,batteryPresent=true,batteryLevel=18,batteryVoltage=3701,batteryTemperature=310,batteryFullCharge=5265000,batteryChargeCounter=1160000,batteryTechnology=Li-ion,batteryCapacityLevel=3=NORMAL,chargerDockOnline=false}, mBatteryLevelCritical=false, mPlugType=0, mLastPlugType=0
01-15 23:48:35.413  2913  4919 I BatteryService: check conditions changed
01-15 23:48:35.418  2913  4642 D HwBatteryService: charge line pull out, try to cancel non_standard charge line notification
01-15 23:48:35.418  2913  4642 I BatteryService: Processing new values: info={chargerAcOnline=false,chargerUsbOnline=false,chargerWirelessOnline=false,maxChargingCurrent=0,maxChargingVoltage=0,batteryStatus=3=DISCHARGING,batteryHealth=2=GOOD,batteryPresent=true,batteryLevel=18,batteryVoltage=3701,batteryTemperature=310,batteryFullCharge=5265000,batteryChargeCounter=1160000,batteryTechnology=Li-ion,batteryCapacityLevel=3=NORMAL,chargerDockOnline=false}, mBatteryLevelCritical=false, mPlugType=0, mLastPlugType=0
01-15 23:48:35.418  2913  4642 I BatteryService: check conditions changed
01-15 23:48:35.424  2913  4642 D HwBatteryService: charge line pull out, try to cancel non_standard charge line notification
01-15 23:48:35.424  2913  4642 I BatteryService: Processing new values: info={chargerAcOnline=false,chargerUsbOnline=false,chargerWirelessOnline=false,maxChargingCurrent=0,maxChargingVoltage=0,batteryStatus=3=DISCHARGING,batteryHealth=2=GOOD,batteryPresent=true,batteryLevel=18,batteryVoltage=3701,batteryTemperature=310,batteryFullCharge=5265000,batteryChargeCounter=1160000,batteryTechnology=Li-ion,batteryCapacityLevel=3=NORMAL,chargerDockOnline=false}, mBatteryLevelCritical=false, mPlugType=0, mLastPlugType=0
01-15 23:48:35.424  2913  4642 I BatteryService: check conditions changed
01-15 23:48:35.429  2913  4919 D HwBatteryService: charge line pull out, try to cancel non_standard charge line notification
01-15 23:48:35.429  2913  4919 I BatteryService: Processing new values: info={chargerAcOnline=false,chargerUsbOnline=false,chargerWirelessOnline=false,maxChargingCurrent=0,maxChargingVoltage=0,batteryStatus=3=DISCHARGING,batteryHealth=2=GOOD,batteryPresent=true,batteryLevel=18,batteryVoltage=3701,batteryTemperature=310,batteryFullCharge=5265000,batteryChargeCounter=1160000,batteryTechnology=Li-ion,batteryCapacityLevel=3=NORMAL,chargerDockOnline=false}, mBatteryLevelCritical=false, mPlugType=0, mLastPlugType=0
01-15 23:48:35.430  2913  4919 I BatteryService: check conditions changed
01-15 23:48:35.431  2913  3713 D ActivityManager: freezing 7752 com.hihonor.searchservice
01-15 23:48:35.433  2913  3713 D ActivityManager: freezing 8115 com.android.keychain
01-15 23:48:35.435  2913  3713 D ActivityManager: freezing 11788 com.android.dynsystem:dynsystem
01-15 23:48:35.436  2913  3713 D ActivityManager: freezing 11740 com.android.dynsystem
01-15 23:48:35.436  2913  3713 D ActivityManager: freezing 8463 com.android.localtransport
01-15 23:48:35.437  2913  3713 D ActivityManager: freezing 6066 com.hihonor.systemmanager
01-15 23:48:36.926  2913  3697 I HwBatteryService: power_ui state= 0 mQuickChargeStatus=0
01-15 23:48:36.926  2913  3697 I HwBatteryService: handleWirelessTxStatus
01-15 23:48:36.926  2913  3697 I HwBatteryService: switch not open, return, mWirelessTxFlag : 0
01-15 23:48:36.928  2913  3697 I HwBatteryService: power_ui state= 0 mQuickChargeStatus=0
01-15 23:48:36.928  2913  3697 I HwBatteryService: handleWirelessTxStatus
01-15 23:48:36.928  2913  3697 I HwBatteryService: switch not open, return, mWirelessTxFlag : 0
01-15 23:48:36.932  2913  5134 D HwBatteryService: charge line pull out, try to cancel non_standard charge line notification
01-15 23:48:36.932  2913  5134 I BatteryService: Processing new values: info={chargerAcOnline=false,chargerUsbOnline=false,chargerWirelessOnline=false,maxChargingCurrent=0,maxChargingVoltage=0,batteryStatus=3=DISCHARGING,batteryHealth=2=GOOD,batteryPresent=true,batteryLevel=18,batteryVoltage=3700,batteryTemperature=310,batteryFullCharge=5265000,batteryChargeCounter=1160000,batteryTechnology=Li-ion,batteryCapacityLevel=3=NORMAL,chargerDockOnline=false}, mBatteryLevelCritical=false, mPlugType=0, mLastPlugType=0
01-15 23:48:36.932  2913  5134 I BatteryService: check conditions changed
01-15 23:48:36.938  2913  5134 D HwBatteryService: charge line pull out, try to cancel non_standard charge line notification
01-15 23:48:36.938  2913  5134 I BatteryService: Processing new values: info={chargerAcOnline=false,chargerUsbOnline=false,chargerWirelessOnline=false,maxChargingCurrent=0,maxChargingVoltage=0,batteryStatus=3=DISCHARGING,batteryHealth=2=GOOD,batteryPresent=true,batteryLevel=18,batteryVoltage=3700,batteryTemperature=310,batteryFullCharge=5265000,batteryChargeCounter=1160000,batteryTechnology=Li-ion,batteryCapacityLevel=3=NORMAL,chargerDockOnline=false}, mBatteryLevelCritical=false, mPlugType=0, mLastPlugType=0
01-15 23:48:36.938  2913  5134 I BatteryService: check conditions changed
01-15 23:48:36.944  2913  6982 D HwBatteryService: charge line pull out, try to cancel non_standard charge line notification
01-15 23:48:36.945  2913  6982 I BatteryService: Processing new values: info={chargerAcOnline=false,chargerUsbOnline=false,chargerWirelessOnline=false,maxChargingCurrent=0,maxChargingVoltage=0,batteryStatus=3=DISCHARGING,batteryHealth=2=GOOD,batteryPresent=true,batteryLevel=18,batteryVoltage=3700,batteryTemperature=310,batteryFullCharge=5265000,batteryChargeCounter=1160000,batteryTechnology=Li-ion,batteryCapacityLevel=3=NORMAL,chargerDockOnline=false}, mBatteryLevelCritical=false, mPlugType=0, mLastPlugType=0
01-15 23:48:36.945  2913  6982 I BatteryService: check conditions changed
01-15 23:48:36.950  2913  5134 D HwBatteryService: charge line pull out, try to cancel non_standard charge line notification
01-15 23:48:36.950  2913  5134 I BatteryService: Processing new values: info={chargerAcOnline=false,chargerUsbOnline=false,chargerWirelessOnline=false,maxChargingCurrent=0,maxChargingVoltage=0,batteryStatus=3=DISCHARGING,batteryHealth=2=GOOD,batteryPresent=true,batteryLevel=18,batteryVoltage=3700,batteryTemperature=310,batteryFullCharge=5265000,batteryChargeCounter=1160000,batteryTechnology=Li-ion,batteryCapacityLevel=3=NORMAL,chargerDockOnline=false}, mBatteryLevelCritical=false, mPlugType=0, mLastPlugType=0
01-15 23:48:36.950  2913  5134 I BatteryService: check conditions changed
01-15 23:48:38.096  2913  3697 I HwBatteryService: power_ui state= 0 mQuickChargeStatus=0
01-15 23:48:38.096  2913  3697 I HwBatteryService: handleWirelessTxStatus
01-15 23:48:38.096  2913  3697 I HwBatteryService: switch not open, return, mWirelessTxFlag : 0
01-15 23:48:38.099  2913  3697 I HwBatteryService: power_ui state= 0 mQuickChargeStatus=0
01-15 23:48:38.099  2913  3697 I HwBatteryService: handleWirelessTxStatus
01-15 23:48:38.099  2913  3697 I HwBatteryService: switch not open, return, mWirelessTxFlag : 0
01-15 23:48:38.104  2913  6982 D HwBatteryService: charge line pull out, try to cancel non_standard charge line notification
01-15 23:48:38.105  2913  6982 I BatteryService: Processing new values: info={chargerAcOnline=false,chargerUsbOnline=false,chargerWirelessOnline=false,maxChargingCurrent=0,maxChargingVoltage=0,batteryStatus=3=DISCHARGING,batteryHealth=2=GOOD,batteryPresent=true,batteryLevel=18,batteryVoltage=3702,batteryTemperature=310,batteryFullCharge=5265000,batteryChargeCounter=1160000,batteryTechnology=Li-ion,batteryCapacityLevel=3=NORMAL,chargerDockOnline=false}, mBatteryLevelCritical=false, mPlugType=0, mLastPlugType=0
01-15 23:48:38.105  2913  6982 I BatteryService: check conditions changed
01-15 23:48:38.109  2913  6982 D HwBatteryService: charge line pull out, try to cancel non_standard charge line notification
01-15 23:48:38.110  2913  6982 I BatteryService: Processing new values: info={chargerAcOnline=false,chargerUsbOnline=false,chargerWirelessOnline=false,maxChargingCurrent=0,maxChargingVoltage=0,batteryStatus=3=DISCHARGING,batteryHealth=2=GOOD,batteryPresent=true,batteryLevel=18,batteryVoltage=3702,batteryTemperature=310,batteryFullCharge=5265000,batteryChargeCounter=1160000,batteryTechnology=Li-ion,batteryCapacityLevel=3=NORMAL,chargerDockOnline=false}, mBatteryLevelCritical=false, mPlugType=0, mLastPlugType=0
01-15 23:48:38.110  2913  6982 I BatteryService: check conditions changed
01-15 23:48:38.116  2913  6982 D HwBatteryService: charge line pull out, try to cancel non_standard charge line notification
01-15 23:48:38.116  2913  6982 I BatteryService: Processing new values: info={chargerAcOnline=false,chargerUsbOnline=false,chargerWirelessOnline=false,maxChargingCurrent=0,maxChargingVoltage=0,batteryStatus=3=DISCHARGING,batteryHealth=2=GOOD,batteryPresent=true,batteryLevel=18,batteryVoltage=3702,batteryTemperature=310,batteryFullCharge=5265000,batteryChargeCounter=1160000,batteryTechnology=Li-ion,batteryCapacityLevel=3=NORMAL,chargerDockOnline=false}, mBatteryLevelCritical=false, mPlugType=0, mLastPlugType=0
01-15 23:48:38.116  2913  6982 I BatteryService: check conditions changed
01-15 23:48:38.122  2913  6982 D HwBatteryService: charge line pull out, try to cancel non_standard charge line notification
01-15 23:48:38.122  2913  6982 I BatteryService: Processing new values: info={chargerAcOnline=false,chargerUsbOnline=false,chargerWirelessOnline=false,maxChargingCurrent=0,maxChargingVoltage=0,batteryStatus=3=DISCHARGING,batteryHealth=2=GOOD,batteryPresent=true,batteryLevel=18,batteryVoltage=3702,batteryTemperature=310,batteryFullCharge=5265000,batteryChargeCounter=1160000,batteryTechnology=Li-ion,batteryCapacityLevel=3=NORMAL,chargerDockOnline=false}, mBatteryLevelCritical=false, mPlugType=0, mLastPlugType=0
01-15 23:48:38.122  2913  6982 I BatteryService: check conditions changed
01-15 23:48:39.285  2913  2982 I AppEyeFwkBlock: do monitor
01-15 23:48:39.354  2913  3697 I HwBatteryService: power_ui state= 0 mQuickChargeStatus=0
01-15 23:48:39.354  2913  3697 I HwBatteryService: handleWirelessTxStatus
01-15 23:48:39.354  2913  3697 I HwBatteryService: switch not open, return, mWirelessTxFlag : 0
01-15 23:48:39.358  2913  3697 I HwBatteryService: power_ui state= 0 mQuickChargeStatus=0
01-15 23:48:39.358  2913  3697 I HwBatteryService: handleWirelessTxStatus
01-15 23:48:39.359  2913  3697 I HwBatteryService: switch not open, return, mWirelessTxFlag : 0
01-15 23:48:39.365  2913  5829 D HwBatteryService: charge line pull out, try to cancel non_standard charge line notification
01-15 23:48:39.366  2913  5829 I BatteryService: Processing new values: info={chargerAcOnline=false,chargerUsbOnline=false,chargerWirelessOnline=false,maxChargingCurrent=0,maxChargingVoltage=0,batteryStatus=3=DISCHARGING,batteryHealth=2=GOOD,batteryPresent=true,batteryLevel=18,batteryVoltage=3702,batteryTemperature=310,batteryFullCharge=5265000,batteryChargeCounter=1160000,batteryTechnology=Li-ion,batteryCapacityLevel=3=NORMAL,chargerDockOnline=false}, mBatteryLevelCritical=false, mPlugType=0, mLastPlugType=0
01-15 23:48:39.366  2913  5829 I BatteryService: check conditions changed
01-15 23:48:39.372  2913  4919 D HwBatteryService: charge line pull out, try to cancel non_standard charge line notification
01-15 23:48:39.372  2913  4919 I BatteryService: Processing new values: info={chargerAcOnline=false,chargerUsbOnline=false,chargerWirelessOnline=false,maxChargingCurrent=0,maxChargingVoltage=0,batteryStatus=3=DISCHARGING,batteryHealth=2=GOOD,batteryPresent=true,batteryLevel=18,batteryVoltage=3702,batteryTemperature=310,batteryFullCharge=5265000,batteryChargeCounter=1160000,batteryTechnology=Li-ion,batteryCapacityLevel=3=NORMAL,chargerDockOnline=false}, mBatteryLevelCritical=false, mPlugType=0, mLastPlugType=0
01-15 23:48:39.372  2913  4919 I BatteryService: check conditions changed
01-15 23:48:39.377  2913  6982 D HwBatteryService: charge line pull out, try to cancel non_standard charge line notification
01-15 23:48:39.377  2913  6982 I BatteryService: Processing new values: info={chargerAcOnline=false,chargerUsbOnline=false,chargerWirelessOnline=false,maxChargingCurrent=0,maxChargingVoltage=0,batteryStatus=3=DISCHARGING,batteryHealth=2=GOOD,batteryPresent=true,batteryLevel=18,batteryVoltage=3702,batteryTemperature=310,batteryFullCharge=5265000,batteryChargeCounter=1160000,batteryTechnology=Li-ion,batteryCapacityLevel=3=NORMAL,chargerDockOnline=false}, mBatteryLevelCritical=false, mPlugType=0, mLastPlugType=0
01-15 23:48:39.377  2913  6982 I BatteryService: check conditions changed
01-15 23:48:39.382  2913  6982 D HwBatteryService: charge line pull out, try to cancel non_standard charge line notification
01-15 23:48:39.382  2913  6982 I BatteryService: Processing new values: info={chargerAcOnline=false,chargerUsbOnline=false,chargerWirelessOnline=false,maxChargingCurrent=0,maxChargingVoltage=0,batteryStatus=3=DISCHARGING,batteryHealth=2=GOOD,batteryPresent=true,batteryLevel=18,batteryVoltage=3702,batteryTemperature=310,batteryFullCharge=5265000,batteryChargeCounter=1160000,batteryTechnology=Li-ion,batteryCapacityLevel=3=NORMAL,chargerDockOnline=false}, mBatteryLevelCritical=false, mPlugType=0, mLastPlugType=0
01-15 23:48:39.382  2913  6982 I BatteryService: check conditions changed
01-15 23:48:40.397  2913  3005 I HwActivityManagerServiceEx: attempt to unfreeze proc: 7368 for binder transaction
01-15 23:48:40.414  2913  3697 I HwBatteryService: power_ui state= 0 mQuickChargeStatus=0
01-15 23:48:40.414  2913  3697 I HwBatteryService: handleWirelessTxStatus
01-15 23:48:40.414  2913  3697 I HwBatteryService: switch not open, return, mWirelessTxFlag : 0
01-15 23:48:40.414  2913  3697 I HwBatteryService: power_ui state= 0 mQuickChargeStatus=0
01-15 23:48:40.414  2913  3697 I HwBatteryService: handleWirelessTxStatus
01-15 23:48:40.414  2913  3697 I HwBatteryService: switch not open, return, mWirelessTxFlag : 0
01-15 23:48:40.418  2913  4642 D HwBatteryService: charge line pull out, try to cancel non_standard charge line notification
01-15 23:48:40.418  2913  4642 I BatteryService: Processing new values: info={chargerAcOnline=false,chargerUsbOnline=false,chargerWirelessOnline=false,maxChargingCurrent=0,maxChargingVoltage=0,batteryStatus=3=DISCHARGING,batteryHealth=2=GOOD,batteryPresent=true,batteryLevel=18,batteryVoltage=3699,batteryTemperature=310,batteryFullCharge=5265000,batteryChargeCounter=1160000,batteryTechnology=Li-ion,batteryCapacityLevel=3=NORMAL,chargerDockOnline=false}, mBatteryLevelCritical=false, mPlugType=0, mLastPlugType=0
01-15 23:48:40.418  2913  4642 I BatteryService: check conditions changed
01-15 23:48:40.423  2913  4642 D HwBatteryService: charge line pull out, try to cancel non_standard charge line notification
01-15 23:48:40.423  2913  4642 I BatteryService: Processing new values: info={chargerAcOnline=false,chargerUsbOnline=false,chargerWirelessOnline=false,maxChargingCurrent=0,maxChargingVoltage=0,batteryStatus=3=DISCHARGING,batteryHealth=2=GOOD,batteryPresent=true,batteryLevel=18,batteryVoltage=3699,batteryTemperature=310,batteryFullCharge=5265000,batteryChargeCounter=1160000,batteryTechnology=Li-ion,batteryCapacityLevel=3=NORMAL,chargerDockOnline=false}, mBatteryLevelCritical=false, mPlugType=0, mLastPlugType=0
01-15 23:48:40.423  2913  4642 I BatteryService: check conditions changed
01-15 23:48:40.428  2913  6982 D HwBatteryService: charge line pull out, try to cancel non_standard charge line notification
01-15 23:48:40.428  2913  6982 I BatteryService: Processing new values: info={chargerAcOnline=false,chargerUsbOnline=false,chargerWirelessOnline=false,maxChargingCurrent=0,maxChargingVoltage=0,batteryStatus=3=DISCHARGING,batteryHealth=2=GOOD,batteryPresent=true,batteryLevel=18,batteryVoltage=3699,batteryTemperature=310,batteryFullCharge=5265000,batteryChargeCounter=1160000,batteryTechnology=Li-ion,batteryCapacityLevel=3=NORMAL,chargerDockOnline=false}, mBatteryLevelCritical=false, mPlugType=0, mLastPlugType=0
01-15 23:48:40.428  2913  6982 I BatteryService: check conditions changed
01-15 23:48:40.433  2913  6982 D HwBatteryService: charge line pull out, try to cancel non_standard charge line notification
01-15 23:48:40.434  2913  6982 I BatteryService: Processing new values: info={chargerAcOnline=false,chargerUsbOnline=false,chargerWirelessOnline=false,maxChargingCurrent=0,maxChargingVoltage=0,batteryStatus=3=DISCHARGING,batteryHealth=2=GOOD,batteryPresent=true,batteryLevel=18,batteryVoltage=3699,batteryTemperature=310,batteryFullCharge=5265000,batteryChargeCounter=1160000,batteryTechnology=Li-ion,batteryCapacityLevel=3=NORMAL,chargerDockOnline=false}, mBatteryLevelCritical=false, mPlugType=0, mLastPlugType=0
01-15 23:48:40.434  2913  6982 I BatteryService: check conditions changed
01-15 23:48:42.005  2913  3697 I HwBatteryService: power_ui state= 0 mQuickChargeStatus=0
01-15 23:48:42.005  2913  3697 I HwBatteryService: handleWirelessTxStatus
01-15 23:48:42.005  2913  3697 I HwBatteryService: switch not open, return, mWirelessTxFlag : 0
01-15 23:48:42.015  2913  3697 I HwBatteryService: power_ui state= 0 mQuickChargeStatus=0
01-15 23:48:42.015  2913  3697 I HwBatteryService: handleWirelessTxStatus
01-15 23:48:42.015  2913  3697 I HwBatteryService: switch not open, return, mWirelessTxFlag : 0
01-15 23:48:42.017  2913  4642 D HwBatteryService: charge line pull out, try to cancel non_standard charge line notification
01-15 23:48:42.017  2913  6982 I UsageStatsService: queryEvents beginTime : 1768513404339 endTime : 1768517322017 callingPackage : com.burockgames.timeclocker
01-15 23:48:42.017  2913  4642 I BatteryService: Processing new values: info={chargerAcOnline=false,chargerUsbOnline=false,chargerWirelessOnline=false,maxChargingCurrent=0,maxChargingVoltage=0,batteryStatus=3=DISCHARGING,batteryHealth=2=GOOD,batteryPresent=true,batteryLevel=18,batteryVoltage=3702,batteryTemperature=310,batteryFullCharge=5265000,batteryChargeCounter=1160000,batteryTechnology=Li-ion,batteryCapacityLevel=3=NORMAL,chargerDockOnline=false}, mBatteryLevelCritical=false, mPlugType=0, mLastPlugType=0
01-15 23:48:42.017  2913  6982 D UsageStatsService: User[0] SELECT * FROM 0 WHERE beginTime >= 1768513404339 AND endTime < 1768517322017
01-15 23:48:42.017  2913  6982 D UsageStatsService: Got 0 results from disk
01-15 23:48:42.017  2913  6982 D UsageStatsService: Current stats beginTime=1768431600000 endTime=1768517320403
01-15 23:48:42.017  2913  4642 I BatteryService: check conditions changed
01-15 23:48:42.018  2913  6982 I UsageStatsService: User[0] Results: 794
01-15 23:48:42.022  2913  6982 D HwBatteryService: charge line pull out, try to cancel non_standard charge line notification
01-15 23:48:42.023  2913  6982 I BatteryService: Processing new values: info={chargerAcOnline=false,chargerUsbOnline=false,chargerWirelessOnline=false,maxChargingCurrent=0,maxChargingVoltage=0,batteryStatus=3=DISCHARGING,batteryHealth=2=GOOD,batteryPresent=true,batteryLevel=18,batteryVoltage=3702,batteryTemperature=310,batteryFullCharge=5265000,batteryChargeCounter=1160000,batteryTechnology=Li-ion,batteryCapacityLevel=3=NORMAL,chargerDockOnline=false}, mBatteryLevelCritical=false, mPlugType=0, mLastPlugType=0
01-15 23:48:42.023  2913  6982 I BatteryService: check conditions changed
01-15 23:48:42.028  2913  6982 D HwBatteryService: charge line pull out, try to cancel non_standard charge line notification
01-15 23:48:42.029  2913  6982 I BatteryService: Processing new values: info={chargerAcOnline=false,chargerUsbOnline=false,chargerWirelessOnline=false,maxChargingCurrent=0,maxChargingVoltage=0,batteryStatus=3=DISCHARGING,batteryHealth=2=GOOD,batteryPresent=true,batteryLevel=18,batteryVoltage=3702,batteryTemperature=310,batteryFullCharge=5265000,batteryChargeCounter=1160000,batteryTechnology=Li-ion,batteryCapacityLevel=3=NORMAL,chargerDockOnline=false}, mBatteryLevelCritical=false, mPlugType=0, mLastPlugType=0
01-15 23:48:42.029  2913  6982 I BatteryService: check conditions changed
01-15 23:48:42.033  2913  6982 D HwBatteryService: charge line pull out, try to cancel non_standard charge line notification
01-15 23:48:42.033  2913  6982 I BatteryService: Processing new values: info={chargerAcOnline=false,chargerUsbOnline=false,chargerWirelessOnline=false,maxChargingCurrent=0,maxChargingVoltage=0,batteryStatus=3=DISCHARGING,batteryHealth=2=GOOD,batteryPresent=true,batteryLevel=18,batteryVoltage=3702,batteryTemperature=310,batteryFullCharge=5265000,batteryChargeCounter=1160000,batteryTechnology=Li-ion,batteryCapacityLevel=3=NORMAL,chargerDockOnline=false}, mBatteryLevelCritical=false, mPlugType=0, mLastPlugType=0
01-15 23:48:42.033  2913  6982 I BatteryService: check conditions changed
01-15 23:48:42.080  2913  6982 I AlarmManager: remove alarm reason:0 alarms:[Alarm{ff42039 type 2 origWhen 5400000 whenElapsed 5400000 android android procName system}]
01-15 23:48:42.080  2913  6982 I JobScheduler.Time: realNextJobExpiredElapsedMillis: 27000000mNextJobExpiredElapsedMillis26855114
01-15 23:48:42.081  2913  3703 I AlarmManager: remove alarm reason:0 alarms:[Alarm{1d9467e type 2 origWhen 27000000 whenElapsed 27000000 android android procName system}]
01-15 23:48:42.082  2913  3703 I JobScheduler.Time: realNextJobExpiredElapsedMillis: 5400000mNextJobExpiredElapsedMillis5195110
01-15 23:48:43.131  2913  3697 I HwBatteryService: power_ui state= 0 mQuickChargeStatus=0
01-15 23:48:43.132  2913  3697 I HwBatteryService: handleWirelessTxStatus
01-15 23:48:43.132  2913  3697 I HwBatteryService: switch not open, return, mWirelessTxFlag : 0
01-15 23:48:43.137  2913  3697 I HwBatteryService: power_ui state= 0 mQuickChargeStatus=0
01-15 23:48:43.137  2913  3697 I HwBatteryService: handleWirelessTxStatus
01-15 23:48:43.137  2913  3697 I HwBatteryService: switch not open, return, mWirelessTxFlag : 0
01-15 23:48:43.142  2913  6982 D HwBatteryService: charge line pull out, try to cancel non_standard charge line notification
01-15 23:48:43.142  2913  6982 I BatteryService: Processing new values: info={chargerAcOnline=false,chargerUsbOnline=false,chargerWirelessOnline=false,maxChargingCurrent=0,maxChargingVoltage=0,batteryStatus=3=DISCHARGING,batteryHealth=2=GOOD,batteryPresent=true,batteryLevel=18,batteryVoltage=3702,batteryTemperature=310,batteryFullCharge=5265000,batteryChargeCounter=1160000,batteryTechnology=Li-ion,batteryCapacityLevel=3=NORMAL,chargerDockOnline=false}, mBatteryLevelCritical=false, mPlugType=0, mLastPlugType=0
01-15 23:48:43.142  2913  6982 I BatteryService: check conditions changed
01-15 23:48:43.147  2913  4919 D HwBatteryService: charge line pull out, try to cancel non_standard charge line notification
01-15 23:48:43.147  2913  4919 I BatteryService: Processing new values: info={chargerAcOnline=false,chargerUsbOnline=false,chargerWirelessOnline=false,maxChargingCurrent=0,maxChargingVoltage=0,batteryStatus=3=DISCHARGING,batteryHealth=2=GOOD,batteryPresent=true,batteryLevel=18,batteryVoltage=3702,batteryTemperature=310,batteryFullCharge=5265000,batteryChargeCounter=1160000,batteryTechnology=Li-ion,batteryCapacityLevel=3=NORMAL,chargerDockOnline=false}, mBatteryLevelCritical=false, mPlugType=0, mLastPlugType=0
01-15 23:48:43.147  2913  4919 I BatteryService: check conditions changed
01-15 23:48:43.154  2913  6982 D HwBatteryService: charge line pull out, try to cancel non_standard charge line notification
01-15 23:48:43.154  2913  6982 I BatteryService: Processing new values: info={chargerAcOnline=false,chargerUsbOnline=false,chargerWirelessOnline=false,maxChargingCurrent=0,maxChargingVoltage=0,batteryStatus=3=DISCHARGING,batteryHealth=2=GOOD,batteryPresent=true,batteryLevel=18,batteryVoltage=3702,batteryTemperature=310,batteryFullCharge=5265000,batteryChargeCounter=1160000,batteryTechnology=Li-ion,batteryCapacityLevel=3=NORMAL,chargerDockOnline=false}, mBatteryLevelCritical=false, mPlugType=0, mLastPlugType=0
01-15 23:48:43.154  2913  6982 I BatteryService: check conditions changed
01-15 23:48:43.157  2913  6982 D HwBatteryService: charge line pull out, try to cancel non_standard charge line notification
01-15 23:48:43.158  2913  6982 I BatteryService: Processing new values: info={chargerAcOnline=false,chargerUsbOnline=false,chargerWirelessOnline=false,maxChargingCurrent=0,maxChargingVoltage=0,batteryStatus=3=DISCHARGING,batteryHealth=2=GOOD,batteryPresent=true,batteryLevel=18,batteryVoltage=3702,batteryTemperature=310,batteryFullCharge=5265000,batteryChargeCounter=1160000,batteryTechnology=Li-ion,batteryCapacityLevel=3=NORMAL,chargerDockOnline=false}, mBatteryLevelCritical=false, mPlugType=0, mLastPlugType=0
01-15 23:48:43.158  2913  6982 I BatteryService: check conditions changed
01-15 23:48:44.197  2913  3697 I HwBatteryService: power_ui state= 0 mQuickChargeStatus=0
01-15 23:48:44.197  2913  3697 I HwBatteryService: handleWirelessTxStatus
01-15 23:48:44.197  2913  3697 I HwBatteryService: switch not open, return, mWirelessTxFlag : 0
01-15 23:48:44.199  2913  3697 I HwBatteryService: power_ui state= 0 mQuickChargeStatus=0
01-15 23:48:44.199  2913  3697 I HwBatteryService: handleWirelessTxStatus
01-15 23:48:44.199  2913  3697 I HwBatteryService: switch not open, return, mWirelessTxFlag : 0
01-15 23:48:44.203  2913  4919 D HwBatteryService: charge line pull out, try to cancel non_standard charge line notification
01-15 23:48:44.203  2913  4919 I BatteryService: Processing new values: info={chargerAcOnline=false,chargerUsbOnline=false,chargerWirelessOnline=false,maxChargingCurrent=0,maxChargingVoltage=0,batteryStatus=3=DISCHARGING,batteryHealth=2=GOOD,batteryPresent=true,batteryLevel=18,batteryVoltage=3702,batteryTemperature=310,batteryFullCharge=5265000,batteryChargeCounter=1160000,batteryTechnology=Li-ion,batteryCapacityLevel=3=NORMAL,chargerDockOnline=false}, mBatteryLevelCritical=false, mPlugType=0, mLastPlugType=0
01-15 23:48:44.203  2913  4919 I BatteryService: check conditions changed
01-15 23:48:44.208  2913  6982 D HwBatteryService: charge line pull out, try to cancel non_standard charge line notification
01-15 23:48:44.208  2913  6982 I BatteryService: Processing new values: info={chargerAcOnline=false,chargerUsbOnline=false,chargerWirelessOnline=false,maxChargingCurrent=0,maxChargingVoltage=0,batteryStatus=3=DISCHARGING,batteryHealth=2=GOOD,batteryPresent=true,batteryLevel=18,batteryVoltage=3702,batteryTemperature=310,batteryFullCharge=5265000,batteryChargeCounter=1160000,batteryTechnology=Li-ion,batteryCapacityLevel=3=NORMAL,chargerDockOnline=false}, mBatteryLevelCritical=false, mPlugType=0, mLastPlugType=0
01-15 23:48:44.208  2913  6982 I BatteryService: check conditions changed
01-15 23:48:44.213  2913  4919 D HwBatteryService: charge line pull out, try to cancel non_standard charge line notification
01-15 23:48:44.213  2913  4919 I BatteryService: Processing new values: info={chargerAcOnline=false,chargerUsbOnline=false,chargerWirelessOnline=false,maxChargingCurrent=0,maxChargingVoltage=0,batteryStatus=3=DISCHARGING,batteryHealth=2=GOOD,batteryPresent=true,batteryLevel=18,batteryVoltage=3702,batteryTemperature=310,batteryFullCharge=5265000,batteryChargeCounter=1160000,batteryTechnology=Li-ion,batteryCapacityLevel=3=NORMAL,chargerDockOnline=false}, mBatteryLevelCritical=false, mPlugType=0, mLastPlugType=0
01-15 23:48:44.213  2913  4919 I BatteryService: check conditions changed
01-15 23:48:44.218  2913  6982 D HwBatteryService: charge line pull out, try to cancel non_standard charge line notification
01-15 23:48:44.218  2913  6982 I BatteryService: Processing new values: info={chargerAcOnline=false,chargerUsbOnline=false,chargerWirelessOnline=false,maxChargingCurrent=0,maxChargingVoltage=0,batteryStatus=3=DISCHARGING,batteryHealth=2=GOOD,batteryPresent=true,batteryLevel=18,batteryVoltage=3702,batteryTemperature=310,batteryFullCharge=5265000,batteryChargeCounter=1160000,batteryTechnology=Li-ion,batteryCapacityLevel=3=NORMAL,chargerDockOnline=false}, mBatteryLevelCritical=false, mPlugType=0, mLastPlugType=0
01-15 23:48:44.218  2913  6982 I BatteryService: check conditions changed
01-15 23:48:45.729  2913  3697 I HwBatteryService: power_ui state= 0 mQuickChargeStatus=0
01-15 23:48:45.729  2913  3697 I HwBatteryService: handleWirelessTxStatus
01-15 23:48:45.729  2913  3697 I HwBatteryService: switch not open, return, mWirelessTxFlag : 0
01-15 23:48:45.730  2913  3697 I HwBatteryService: power_ui state= 0 mQuickChargeStatus=0
01-15 23:48:45.730  2913  3697 I HwBatteryService: handleWirelessTxStatus
01-15 23:48:45.730  2913  3697 I HwBatteryService: switch not open, return, mWirelessTxFlag : 0
01-15 23:48:45.735  2913  6982 D HwBatteryService: charge line pull out, try to cancel non_standard charge line notification
01-15 23:48:45.735  2913  6982 I BatteryService: Processing new values: info={chargerAcOnline=false,chargerUsbOnline=false,chargerWirelessOnline=false,maxChargingCurrent=0,maxChargingVoltage=0,batteryStatus=3=DISCHARGING,batteryHealth=2=GOOD,batteryPresent=true,batteryLevel=18,batteryVoltage=3701,batteryTemperature=310,batteryFullCharge=5265000,batteryChargeCounter=1160000,batteryTechnology=Li-ion,batteryCapacityLevel=3=NORMAL,chargerDockOnline=false}, mBatteryLevelCritical=false, mPlugType=0, mLastPlugType=0
01-15 23:48:45.735  2913  6982 I BatteryService: check conditions changed
01-15 23:48:45.740  2913  6982 D HwBatteryService: charge line pull out, try to cancel non_standard charge line notification
01-15 23:48:45.740  2913  6982 I BatteryService: Processing new values: info={chargerAcOnline=false,chargerUsbOnline=false,chargerWirelessOnline=false,maxChargingCurrent=0,maxChargingVoltage=0,batteryStatus=3=DISCHARGING,batteryHealth=2=GOOD,batteryPresent=true,batteryLevel=18,batteryVoltage=3701,batteryTemperature=310,batteryFullCharge=5265000,batteryChargeCounter=1160000,batteryTechnology=Li-ion,batteryCapacityLevel=3=NORMAL,chargerDockOnline=false}, mBatteryLevelCritical=false, mPlugType=0, mLastPlugType=0
01-15 23:48:45.741  2913  6982 I BatteryService: check conditions changed
01-15 23:48:45.745  2913  6982 D HwBatteryService: charge line pull out, try to cancel non_standard charge line notification
01-15 23:48:45.745  2913  6982 I BatteryService: Processing new values: info={chargerAcOnline=false,chargerUsbOnline=false,chargerWirelessOnline=false,maxChargingCurrent=0,maxChargingVoltage=0,batteryStatus=3=DISCHARGING,batteryHealth=2=GOOD,batteryPresent=true,batteryLevel=18,batteryVoltage=3701,batteryTemperature=310,batteryFullCharge=5265000,batteryChargeCounter=1160000,batteryTechnology=Li-ion,batteryCapacityLevel=3=NORMAL,chargerDockOnline=false}, mBatteryLevelCritical=false, mPlugType=0, mLastPlugType=0
01-15 23:48:45.745  2913  6982 I BatteryService: check conditions changed
01-15 23:48:45.750  2913  6982 D HwBatteryService: charge line pull out, try to cancel non_standard charge line notification
01-15 23:48:45.750  2913  6982 I BatteryService: Processing new values: info={chargerAcOnline=false,chargerUsbOnline=false,chargerWirelessOnline=false,maxChargingCurrent=0,maxChargingVoltage=0,batteryStatus=3=DISCHARGING,batteryHealth=2=GOOD,batteryPresent=true,batteryLevel=18,batteryVoltage=3701,batteryTemperature=310,batteryFullCharge=5265000,batteryChargeCounter=1160000,batteryTechnology=Li-ion,batteryCapacityLevel=3=NORMAL,chargerDockOnline=false}, mBatteryLevelCritical=false, mPlugType=0, mLastPlugType=0
01-15 23:48:45.751  2913  6982 I BatteryService: check conditions changed
01-15 23:48:47.309  2913  3697 I HwBatteryService: power_ui state= 0 mQuickChargeStatus=0
01-15 23:48:47.309  2913  3697 I HwBatteryService: handleWirelessTxStatus
01-15 23:48:47.309  2913  3697 I HwBatteryService: switch not open, return, mWirelessTxFlag : 0
01-15 23:48:47.313  2913  3697 I HwBatteryService: power_ui state= 0 mQuickChargeStatus=0
01-15 23:48:47.314  2913  3697 I HwBatteryService: handleWirelessTxStatus
01-15 23:48:47.314  2913  3697 I HwBatteryService: switch not open, return, mWirelessTxFlag : 0
01-15 23:48:47.319  2913  6982 D HwBatteryService: charge line pull out, try to cancel non_standard charge line notification
01-15 23:48:47.319  2913  6982 I BatteryService: Processing new values: info={chargerAcOnline=false,chargerUsbOnline=false,chargerWirelessOnline=false,maxChargingCurrent=0,maxChargingVoltage=0,batteryStatus=3=DISCHARGING,batteryHealth=2=GOOD,batteryPresent=true,batteryLevel=18,batteryVoltage=3702,batteryTemperature=310,batteryFullCharge=5265000,batteryChargeCounter=1160000,batteryTechnology=Li-ion,batteryCapacityLevel=3=NORMAL,chargerDockOnline=false}, mBatteryLevelCritical=false, mPlugType=0, mLastPlugType=0
01-15 23:48:47.319  2913  6982 I BatteryService: check conditions changed
01-15 23:48:47.324  2913  6982 D HwBatteryService: charge line pull out, try to cancel non_standard charge line notification
01-15 23:48:47.325  2913  6982 I BatteryService: Processing new values: info={chargerAcOnline=false,chargerUsbOnline=false,chargerWirelessOnline=false,maxChargingCurrent=0,maxChargingVoltage=0,batteryStatus=3=DISCHARGING,batteryHealth=2=GOOD,batteryPresent=true,batteryLevel=18,batteryVoltage=3702,batteryTemperature=310,batteryFullCharge=5265000,batteryChargeCounter=1160000,batteryTechnology=Li-ion,batteryCapacityLevel=3=NORMAL,chargerDockOnline=false}, mBatteryLevelCritical=false, mPlugType=0, mLastPlugType=0
01-15 23:48:47.325  2913  6982 I BatteryService: check conditions changed
01-15 23:48:47.330  2913  6982 D HwBatteryService: charge line pull out, try to cancel non_standard charge line notification
01-15 23:48:47.330  2913  6982 I BatteryService: Processing new values: info={chargerAcOnline=false,chargerUsbOnline=false,chargerWirelessOnline=false,maxChargingCurrent=0,maxChargingVoltage=0,batteryStatus=3=DISCHARGING,batteryHealth=2=GOOD,batteryPresent=true,batteryLevel=18,batteryVoltage=3702,batteryTemperature=310,batteryFullCharge=5265000,batteryChargeCounter=1160000,batteryTechnology=Li-ion,batteryCapacityLevel=3=NORMAL,chargerDockOnline=false}, mBatteryLevelCritical=false, mPlugType=0, mLastPlugType=0
01-15 23:48:47.330  2913  6982 I BatteryService: check conditions changed
01-15 23:48:47.336  2913  6982 D HwBatteryService: charge line pull out, try to cancel non_standard charge line notification
01-15 23:48:47.337  2913  6982 I BatteryService: Processing new values: info={chargerAcOnline=false,chargerUsbOnline=false,chargerWirelessOnline=false,maxChargingCurrent=0,maxChargingVoltage=0,batteryStatus=3=DISCHARGING,batteryHealth=2=GOOD,batteryPresent=true,batteryLevel=18,batteryVoltage=3702,batteryTemperature=310,batteryFullCharge=5265000,batteryChargeCounter=1160000,batteryTechnology=Li-ion,batteryCapacityLevel=3=NORMAL,chargerDockOnline=false}, mBatteryLevelCritical=false, mPlugType=0, mLastPlugType=0
01-15 23:48:47.337  2913  6982 I BatteryService: check conditions changed
01-15 23:48:48.402  2913  4642 D OomAdjuster: Not killing cached processes
01-15 23:48:48.464  2913  3697 I HwBatteryService: power_ui state= 0 mQuickChargeStatus=0
01-15 23:48:48.464  2913  3697 I HwBatteryService: handleWirelessTxStatus
01-15 23:48:48.464  2913  3697 I HwBatteryService: switch not open, return, mWirelessTxFlag : 0
01-15 23:48:48.469  2913  3697 I HwBatteryService: power_ui state= 0 mQuickChargeStatus=0
01-15 23:48:48.469  2913  3697 I HwBatteryService: handleWirelessTxStatus
01-15 23:48:48.469  2913  3697 I HwBatteryService: switch not open, return, mWirelessTxFlag : 0
01-15 23:48:48.472  2913  6972 D HwBatteryService: charge line pull out, try to cancel non_standard charge line notification
01-15 23:48:48.472  2913  6972 I BatteryService: Processing new values: info={chargerAcOnline=false,chargerUsbOnline=false,chargerWirelessOnline=false,maxChargingCurrent=0,maxChargingVoltage=0,batteryStatus=3=DISCHARGING,batteryHealth=2=GOOD,batteryPresent=true,batteryLevel=18,batteryVoltage=3699,batteryTemperature=310,batteryFullCharge=5265000,batteryChargeCounter=1160000,batteryTechnology=Li-ion,batteryCapacityLevel=3=NORMAL,chargerDockOnline=false}, mBatteryLevelCritical=false, mPlugType=0, mLastPlugType=0
01-15 23:48:48.472  2913  6972 I BatteryService: check conditions changed
01-15 23:48:48.478  2913  6972 D HwBatteryService: charge line pull out, try to cancel non_standard charge line notification
01-15 23:48:48.478  2913  6972 I BatteryService: Processing new values: info={chargerAcOnline=false,chargerUsbOnline=false,chargerWirelessOnline=false,maxChargingCurrent=0,maxChargingVoltage=0,batteryStatus=3=DISCHARGING,batteryHealth=2=GOOD,batteryPresent=true,batteryLevel=18,batteryVoltage=3699,batteryTemperature=310,batteryFullCharge=5265000,batteryChargeCounter=1160000,batteryTechnology=Li-ion,batteryCapacityLevel=3=NORMAL,chargerDockOnline=false}, mBatteryLevelCritical=false, mPlugType=0, mLastPlugType=0
01-15 23:48:48.479  2913  6972 I BatteryService: check conditions changed
01-15 23:48:48.484  2913  6982 D HwBatteryService: charge line pull out, try to cancel non_standard charge line notification
01-15 23:48:48.484  2913  6982 I BatteryService: Processing new values: info={chargerAcOnline=false,chargerUsbOnline=false,chargerWirelessOnline=false,maxChargingCurrent=0,maxChargingVoltage=0,batteryStatus=3=DISCHARGING,batteryHealth=2=GOOD,batteryPresent=true,batteryLevel=18,batteryVoltage=3699,batteryTemperature=310,batteryFullCharge=5265000,batteryChargeCounter=1160000,batteryTechnology=Li-ion,batteryCapacityLevel=3=NORMAL,chargerDockOnline=false}, mBatteryLevelCritical=false, mPlugType=0, mLastPlugType=0
01-15 23:48:48.484  2913  6982 I BatteryService: check conditions changed
01-15 23:48:48.490  2913  6982 D HwBatteryService: charge line pull out, try to cancel non_standard charge line notification
01-15 23:48:48.490  2913  6982 I BatteryService: Processing new values: info={chargerAcOnline=false,chargerUsbOnline=false,chargerWirelessOnline=false,maxChargingCurrent=0,maxChargingVoltage=0,batteryStatus=3=DISCHARGING,batteryHealth=2=GOOD,batteryPresent=true,batteryLevel=18,batteryVoltage=3699,batteryTemperature=310,batteryFullCharge=5265000,batteryChargeCounter=1160000,batteryTechnology=Li-ion,batteryCapacityLevel=3=NORMAL,chargerDockOnline=false}, mBatteryLevelCritical=false, mPlugType=0, mLastPlugType=0
01-15 23:48:48.490  2913  6982 I BatteryService: check conditions changed
01-15 23:48:49.571  2913  3697 I HwBatteryService: power_ui state= 0 mQuickChargeStatus=0
01-15 23:48:49.572  2913  3697 I HwBatteryService: handleWirelessTxStatus
01-15 23:48:49.572  2913  3697 I HwBatteryService: switch not open, return, mWirelessTxFlag : 0
01-15 23:48:49.575  2913  3697 I HwBatteryService: power_ui state= 0 mQuickChargeStatus=0
01-15 23:48:49.575  2913  3697 I HwBatteryService: handleWirelessTxStatus
01-15 23:48:49.575  2913  3697 I HwBatteryService: switch not open, return, mWirelessTxFlag : 0
01-15 23:48:49.580  2913  4919 D HwBatteryService: charge line pull out, try to cancel non_standard charge line notification
01-15 23:48:49.580  2913  4919 I BatteryService: Processing new values: info={chargerAcOnline=false,chargerUsbOnline=false,chargerWirelessOnline=false,maxChargingCurrent=0,maxChargingVoltage=0,batteryStatus=3=DISCHARGING,batteryHealth=2=GOOD,batteryPresent=true,batteryLevel=18,batteryVoltage=3693,batteryTemperature=310,batteryFullCharge=5265000,batteryChargeCounter=1160000,batteryTechnology=Li-ion,batteryCapacityLevel=3=NORMAL,chargerDockOnline=false}, mBatteryLevelCritical=false, mPlugType=0, mLastPlugType=0
01-15 23:48:49.580  2913  4919 I BatteryService: check conditions changed
01-15 23:48:49.586  2913  6972 D HwBatteryService: charge line pull out, try to cancel non_standard charge line notification
01-15 23:48:49.586  2913  6972 I BatteryService: Processing new values: info={chargerAcOnline=false,chargerUsbOnline=false,chargerWirelessOnline=false,maxChargingCurrent=0,maxChargingVoltage=0,batteryStatus=3=DISCHARGING,batteryHealth=2=GOOD,batteryPresent=true,batteryLevel=18,batteryVoltage=3693,batteryTemperature=310,batteryFullCharge=5265000,batteryChargeCounter=1160000,batteryTechnology=Li-ion,batteryCapacityLevel=3=NORMAL,chargerDockOnline=false}, mBatteryLevelCritical=false, mPlugType=0, mLastPlugType=0
01-15 23:48:49.586  2913  6972 I BatteryService: check conditions changed
01-15 23:48:49.591  2913  4642 D HwBatteryService: charge line pull out, try to cancel non_standard charge line notification
01-15 23:48:49.591  2913  4642 I BatteryService: Processing new values: info={chargerAcOnline=false,chargerUsbOnline=false,chargerWirelessOnline=false,maxChargingCurrent=0,maxChargingVoltage=0,batteryStatus=3=DISCHARGING,batteryHealth=2=GOOD,batteryPresent=true,batteryLevel=18,batteryVoltage=3693,batteryTemperature=310,batteryFullCharge=5265000,batteryChargeCounter=1160000,batteryTechnology=Li-ion,batteryCapacityLevel=3=NORMAL,chargerDockOnline=false}, mBatteryLevelCritical=false, mPlugType=0, mLastPlugType=0
01-15 23:48:49.591  2913  4642 I BatteryService: check conditions changed
01-15 23:48:49.596  2913  4642 D HwBatteryService: charge line pull out, try to cancel non_standard charge line notification
01-15 23:48:49.596  2913  4642 I BatteryService: Processing new values: info={chargerAcOnline=false,chargerUsbOnline=false,chargerWirelessOnline=false,maxChargingCurrent=0,maxChargingVoltage=0,batteryStatus=3=DISCHARGING,batteryHealth=2=GOOD,batteryPresent=true,batteryLevel=18,batteryVoltage=3693,batteryTemperature=310,batteryFullCharge=5265000,batteryChargeCounter=1160000,batteryTechnology=Li-ion,batteryCapacityLevel=3=NORMAL,chargerDockOnline=false}, mBatteryLevelCritical=false, mPlugType=0, mLastPlugType=0
01-15 23:48:49.596  2913  4642 I BatteryService: check conditions changed
01-15 23:48:50.707  2913  3697 I HwBatteryService: power_ui state= 0 mQuickChargeStatus=0
01-15 23:48:50.707  2913  3697 I HwBatteryService: handleWirelessTxStatus
01-15 23:48:50.707  2913  3697 I HwBatteryService: switch not open, return, mWirelessTxFlag : 0
01-15 23:48:50.711  2913  3697 I HwBatteryService: power_ui state= 0 mQuickChargeStatus=0
01-15 23:48:50.711  2913  3697 I HwBatteryService: handleWirelessTxStatus
01-15 23:48:50.711  2913  3697 I HwBatteryService: switch not open, return, mWirelessTxFlag : 0
01-15 23:48:50.714  2913  6972 D HwBatteryService: charge line pull out, try to cancel non_standard charge line notification
01-15 23:48:50.716  2913  6972 I BatteryService: Processing new values: info={chargerAcOnline=false,chargerUsbOnline=false,chargerWirelessOnline=false,maxChargingCurrent=0,maxChargingVoltage=0,batteryStatus=3=DISCHARGING,batteryHealth=2=GOOD,batteryPresent=true,batteryLevel=18,batteryVoltage=3677,batteryTemperature=310,batteryFullCharge=5265000,batteryChargeCounter=1160000,batteryTechnology=Li-ion,batteryCapacityLevel=3=NORMAL,chargerDockOnline=false}, mBatteryLevelCritical=false, mPlugType=0, mLastPlugType=0
01-15 23:48:50.716  2913  6972 I BatteryService: check conditions changed
01-15 23:48:50.719  2913  6972 D HwBatteryService: charge line pull out, try to cancel non_standard charge line notification
01-15 23:48:50.719  2913  6972 I BatteryService: Processing new values: info={chargerAcOnline=false,chargerUsbOnline=false,chargerWirelessOnline=false,maxChargingCurrent=0,maxChargingVoltage=0,batteryStatus=3=DISCHARGING,batteryHealth=2=GOOD,batteryPresent=true,batteryLevel=18,batteryVoltage=3677,batteryTemperature=310,batteryFullCharge=5265000,batteryChargeCounter=1160000,batteryTechnology=Li-ion,batteryCapacityLevel=3=NORMAL,chargerDockOnline=false}, mBatteryLevelCritical=false, mPlugType=0, mLastPlugType=0
01-15 23:48:50.719  2913  6972 I BatteryService: check conditions changed
01-15 23:48:50.724  2913  6972 D HwBatteryService: charge line pull out, try to cancel non_standard charge line notification
01-15 23:48:50.725  2913  6972 I BatteryService: Processing new values: info={chargerAcOnline=false,chargerUsbOnline=false,chargerWirelessOnline=false,maxChargingCurrent=0,maxChargingVoltage=0,batteryStatus=3=DISCHARGING,batteryHealth=2=GOOD,batteryPresent=true,batteryLevel=18,batteryVoltage=3677,batteryTemperature=310,batteryFullCharge=5265000,batteryChargeCounter=1160000,batteryTechnology=Li-ion,batteryCapacityLevel=3=NORMAL,chargerDockOnline=false}, mBatteryLevelCritical=false, mPlugType=0, mLastPlugType=0
01-15 23:48:50.725  2913  6972 I BatteryService: check conditions changed
01-15 23:48:50.730  2913  6972 D HwBatteryService: charge line pull out, try to cancel non_standard charge line notification
01-15 23:48:50.730  2913  6972 I BatteryService: Processing new values: info={chargerAcOnline=false,chargerUsbOnline=false,chargerWirelessOnline=false,maxChargingCurrent=0,maxChargingVoltage=0,batteryStatus=3=DISCHARGING,batteryHealth=2=GOOD,batteryPresent=true,batteryLevel=18,batteryVoltage=3677,batteryTemperature=310,batteryFullCharge=5265000,batteryChargeCounter=1160000,batteryTechnology=Li-ion,batteryCapacityLevel=3=NORMAL,chargerDockOnline=false}, mBatteryLevelCritical=false, mPlugType=0, mLastPlugType=0
01-15 23:48:50.730  2913  6972 I BatteryService: check conditions changed
01-15 23:48:51.782  2913  3697 I HwBatteryService: power_ui state= 0 mQuickChargeStatus=0
01-15 23:48:51.783  2913  3697 I HwBatteryService: handleWirelessTxStatus
01-15 23:48:51.783  2913  3697 I HwBatteryService: switch not open, return, mWirelessTxFlag : 0
01-15 23:48:51.792  2913  3697 I HwBatteryService: power_ui state= 0 mQuickChargeStatus=0
01-15 23:48:51.792  2913  3697 I HwBatteryService: handleWirelessTxStatus
01-15 23:48:51.792  2913  3697 I HwBatteryService: switch not open, return, mWirelessTxFlag : 0
01-15 23:48:51.797  2913  6972 D HwBatteryService: charge line pull out, try to cancel non_standard charge line notification
01-15 23:48:51.798  2913  6972 I BatteryService: Processing new values: info={chargerAcOnline=false,chargerUsbOnline=false,chargerWirelessOnline=false,maxChargingCurrent=0,maxChargingVoltage=0,batteryStatus=3=DISCHARGING,batteryHealth=2=GOOD,batteryPresent=true,batteryLevel=18,batteryVoltage=3676,batteryTemperature=310,batteryFullCharge=5265000,batteryChargeCounter=1160000,batteryTechnology=Li-ion,batteryCapacityLevel=3=NORMAL,chargerDockOnline=false}, mBatteryLevelCritical=false, mPlugType=0, mLastPlugType=0
01-15 23:48:51.798  2913  6972 I BatteryService: check conditions changed
