01-15 23:48:05.413  2913  6972 I BatteryService: Processing new values: info={chargerAcOnline=false,chargerUsbOnline=false,chargerWirelessOnline=false,maxChargingCurrent=0,maxChargingVoltage=0,batteryStatus=3=DISCHARGING,batteryHealth=2=GOOD,batteryPresent=true,batteryLevel=18,batteryVoltage=3702,batteryTemperature=310,batteryFullCharge=5265000,batteryChargeCounter=1160000,batteryTechnology=Li-ion,batteryCapacityLevel=3=NORMAL,chargerDockOnline=false}, mBatteryLevelCritical=false, mPlugType=0, mLastPlugType=0
01-15 23:48:05.413  2913  6972 I BatteryService: check conditions changed
01-15 23:48:05.418  2913  6972 D HwBatteryService: charge line pull out, try to cancel non_standard charge line notification
01-15 23:48:05.418  2913  6972 I BatteryService: Processing new values: info={chargerAcOnline=false,chargerUsbOnline=false,chargerWirelessOnline=false,maxChargingCurrent=0,maxChargingVoltage=0,batteryStatus=3=DISCHARGING,batteryHealth=2=GOOD,batteryPresent=true,batteryLevel=18,batteryVoltage=3702,batteryTemperature=310,batteryFullCharge=5265000,batteryChargeCounter=1160000,batteryTechnology=Li-ion,batteryCapacityLevel=3=NORMAL,chargerDockOnline=false}, mBatteryLevelCritical=false, mPlugType=0, mLastPlugType=0
01-15 23:48:05.418  2913  6972 I BatteryService: check conditions changed
01-15 23:48:05.427  2913  5134 W AppOps  : Noting op not finished: uid 10042 pkg com.google.android.gms code 79 startTime of in progress event=1768516733337
01-15 23:48:05.429  2913  5829 I ActivityManager: sendIntentSender target:PendingIntentRecord{21731a1 com.google.android.gms/com.google.android.gms.personalsafety broadcastIntent}, intent:hwFlg=0x10
01-15 23:48:05.430  2913  5829 W AppOps  : Noting op not finished: uid 10042 pkg com.google.android.gms code 113 startTime of in progress event=1768516731331
01-15 23:48:05.430  2913  5134 E PowerManagerService: Exception when search wack lock :java.lang.IllegalArgumentException: Wake lock not active: android.os.BinderProxy@4634a25 from uid 10042
01-15 23:48:05.430  2913  5134 I ActivityManager: sendIntentSender target:PendingIntentRecord{35446dd com.google.android.gms/fused_location_provider startService}, intent:hwFlg=0x10
01-15 23:48:05.433  2913  5134 W AppOps  : Noting op not finished: uid 10042 pkg com.google.android.gms code 113 startTime of in progress event=1768516731331
01-15 23:48:05.433  2913  5134 I ActivityManager: sendIntentSender target:PendingIntentRecord{467b252 com.google.android.gms/fused_location_provider startService}, intent:hwFlg=0x10
01-15 23:48:05.435  2913  5134 I PowerManagerService: wakeLock.mDisabled:false, mDeviceIdleMode:false, mProcState:4
01-15 23:48:05.435  2913  6972 W AppOps  : Noting op not finished: uid 10042 pkg com.google.android.gms code 113 startTime of in progress event=1768516731331
01-15 23:48:05.437  2913  5829 I ActivityManager: sendIntentSender target:PendingIntentRecord{d5373d9 com.google.android.gms/current_semantic_location startService}, intent:hwFlg=0x10
01-15 23:48:05.439  2913  5134 W AppOps  : Noting op not finished: uid 10042 pkg com.google.android.gms code 113 startTime of in progress event=1768516731331
01-15 23:48:05.439  2913  6972 I ActivityManager: sendIntentSender target:PendingIntentRecord{19247f com.google.android.gms/fused_location_provider startService}, intent:hwFlg=0x10
01-15 23:48:05.441  2913  6972 W AppOps  : Noting op not finished: uid 10042 pkg com.google.android.gms code 79 startTime of in progress event=1768516735058
01-15 23:48:05.444  2913  5134 I ActivityManager: sendIntentSender target:PendingIntentRecord{94b4676 com.google.android.gms/com.google.android.gms.fitness startService}, intent:hwFlg=0x10
01-15 23:48:05.451  2913  5134 W AppOps  : Noting op not finished: uid 10042 pkg com.google.android.gms code 79 startTime of in progress event=1768516733337
01-15 23:48:05.453  2913  5829 I ActivityManager: sendIntentSender target:PendingIntentRecord{21731a1 com.google.android.gms/com.google.android.gms.personalsafety broadcastIntent}, intent:hwFlg=0x10
01-15 23:48:05.453  2913  5829 W AppOps  : Noting op not finished: uid 10042 pkg com.google.android.gms code 113 startTime of in progress event=1768516731331
01-15 23:48:05.454  2913  4919 E PowerManagerService: Exception when search wack lock :java.lang.IllegalArgumentException: Wake lock not active: android.os.BinderProxy@4634a25 from uid 10042
01-15 23:48:05.454  2913  4919 I ActivityManager: sendIntentSender target:PendingIntentRecord{35446dd com.google.android.gms/fused_location_provider startService}, intent:hwFlg=0x10
01-15 23:48:05.456  2913  4919 W AppOps  : Noting op not finished: uid 10042 pkg com.google.android.gms code 113 startTime of in progress event=1768516731331
01-15 23:48:05.456  2913  6972 I ActivityManager: sendIntentSender target:PendingIntentRecord{467b252 com.google.android.gms/fused_location_provider startService}, intent:hwFlg=0x10
01-15 23:48:05.457  2913  5134 I PowerManagerService: wakeLock.mDisabled:false, mDeviceIdleMode:false, mProcState:4
01-15 23:48:05.458  2913  4919 W AppOps  : Noting op not finished: uid 10042 pkg com.google.android.gms code 113 startTime of in progress event=1768516731331
01-15 23:48:05.459  2913  4919 E PowerManagerService: Exception when search wack lock :java.lang.IllegalArgumentException: Wake lock not active: android.os.BinderProxy@4634a25 from uid 10042
01-15 23:48:05.460  2913  5829 I ActivityManager: sendIntentSender target:PendingIntentRecord{d5373d9 com.google.android.gms/current_semantic_location startService}, intent:hwFlg=0x10
01-15 23:48:05.461  2913  5829 W AppOps  : Noting op not finished: uid 10042 pkg com.google.android.gms code 113 startTime of in progress event=1768516731331
01-15 23:48:05.462  2913  5829 I ActivityManager: sendIntentSender target:PendingIntentRecord{19247f com.google.android.gms/fused_location_provider startService}, intent:hwFlg=0x10
01-15 23:48:05.463  2913  5829 W AppOps  : Noting op not finished: uid 10042 pkg com.google.android.gms code 79 startTime of in progress event=1768516735058
01-15 23:48:05.465  2913  5829 I ActivityManager: sendIntentSender target:PendingIntentRecord{94b4676 com.google.android.gms/com.google.android.gms.fitness startService}, intent:hwFlg=0x10
01-15 23:48:05.470  2913  4642 I PowerManagerService: need release WakeLockSuspendBlocker
01-15 23:48:05.470  2913  4642 I PowerManagerService: Releasing suspend blocker "PowerManagerService.WakeLocks".
01-15 23:48:06.520  2913  3697 I HwBatteryService: power_ui state= 0 mQuickChargeStatus=0
01-15 23:48:06.520  2913  3697 I HwBatteryService: handleWirelessTxStatus
01-15 23:48:06.520  2913  3697 I HwBatteryService: switch not open, return, mWirelessTxFlag : 0
01-15 23:48:06.521  2913  3697 I HwBatteryService: power_ui state= 0 mQuickChargeStatus=0
01-15 23:48:06.521  2913  3697 I HwBatteryService: handleWirelessTxStatus
01-15 23:48:06.521  2913  3697 I HwBatteryService: switch not open, return, mWirelessTxFlag : 0
01-15 23:48:06.525  2913  4919 D HwBatteryService: charge line pull out, try to cancel non_standard charge line notification
01-15 23:48:06.525  2913  4919 I BatteryService: Processing new values: info={chargerAcOnline=false,chargerUsbOnline=false,chargerWirelessOnline=false,maxChargingCurrent=0,maxChargingVoltage=0,batteryStatus=3=DISCHARGING,batteryHealth=2=GOOD,batteryPresent=true,batteryLevel=18,batteryVoltage=3700,batteryTemperature=310,batteryFullCharge=5265000,batteryChargeCounter=1160000,batteryTechnology=Li-ion,batteryCapacityLevel=3=NORMAL,chargerDockOnline=false}, mBatteryLevelCritical=false, mPlugType=0, mLastPlugType=0
01-15 23:48:06.525  2913  4919 I BatteryService: check conditions changed
01-15 23:48:06.529  2913  4919 D HwBatteryService: charge line pull out, try to cancel non_standard charge line notification
01-15 23:48:06.529  2913  4919 I BatteryService: Processing new values: info={chargerAcOnline=false,chargerUsbOnline=false,chargerWirelessOnline=false,maxChargingCurrent=0,maxChargingVoltage=0,batteryStatus=3=DISCHARGING,batteryHealth=2=GOOD,batteryPresent=true,batteryLevel=18,batteryVoltage=3700,batteryTemperature=310,batteryFullCharge=5265000,batteryChargeCounter=1160000,batteryTechnology=Li-ion,batteryCapacityLevel=3=NORMAL,chargerDockOnline=false}, mBatteryLevelCritical=false, mPlugType=0, mLastPlugType=0
01-15 23:48:06.529  2913  4919 I BatteryService: check conditions changed
01-15 23:48:06.534  2913  4919 D HwBatteryService: charge line pull out, try to cancel non_standard charge line notification
01-15 23:48:06.535  2913  4919 I BatteryService: Processing new values: info={chargerAcOnline=false,chargerUsbOnline=false,chargerWirelessOnline=false,maxChargingCurrent=0,maxChargingVoltage=0,batteryStatus=3=DISCHARGING,batteryHealth=2=GOOD,batteryPresent=true,batteryLevel=18,batteryVoltage=3700,batteryTemperature=310,batteryFullCharge=5265000,batteryChargeCounter=1160000,batteryTechnology=Li-ion,batteryCapacityLevel=3=NORMAL,chargerDockOnline=false}, mBatteryLevelCritical=false, mPlugType=0, mLastPlugType=0
01-15 23:48:06.535  2913  4919 I BatteryService: check conditions changed
01-15 23:48:06.539  2913  4919 D HwBatteryService: charge line pull out, try to cancel non_standard charge line notification
01-15 23:48:06.540  2913  4919 I BatteryService: Processing new values: info={chargerAcOnline=false,chargerUsbOnline=false,chargerWirelessOnline=false,maxChargingCurrent=0,maxChargingVoltage=0,batteryStatus=3=DISCHARGING,batteryHealth=2=GOOD,batteryPresent=true,batteryLevel=18,batteryVoltage=3700,batteryTemperature=310,batteryFullCharge=5265000,batteryChargeCounter=1160000,batteryTechnology=Li-ion,batteryCapacityLevel=3=NORMAL,chargerDockOnline=false}, mBatteryLevelCritical=false, mPlugType=0, mLastPlugType=0
01-15 23:48:06.540  2913  4919 I BatteryService: check conditions changed
01-15 23:48:07.642  2913  3697 I HwBatteryService: power_ui state= 0 mQuickChargeStatus=0
01-15 23:48:07.642  2913  3697 I HwBatteryService: handleWirelessTxStatus
01-15 23:48:07.642  2913  3697 I HwBatteryService: switch not open, return, mWirelessTxFlag : 0
01-15 23:48:07.644  2913  3697 I HwBatteryService: power_ui state= 0 mQuickChargeStatus=0
01-15 23:48:07.644  2913  3697 I HwBatteryService: handleWirelessTxStatus
01-15 23:48:07.644  2913  3697 I HwBatteryService: switch not open, return, mWirelessTxFlag : 0
01-15 23:48:07.648  2913  4642 D HwBatteryService: charge line pull out, try to cancel non_standard charge line notification
01-15 23:48:07.648  2913  4642 I BatteryService: Processing new values: info={chargerAcOnline=false,chargerUsbOnline=false,chargerWirelessOnline=false,maxChargingCurrent=0,maxChargingVoltage=0,batteryStatus=3=DISCHARGING,batteryHealth=2=GOOD,batteryPresent=true,batteryLevel=18,batteryVoltage=3695,batteryTemperature=310,batteryFullCharge=5265000,batteryChargeCounter=1160000,batteryTechnology=Li-ion,batteryCapacityLevel=3=NORMAL,chargerDockOnline=false}, mBatteryLevelCritical=false, mPlugType=0, mLastPlugType=0
01-15 23:48:07.649  2913  4642 I BatteryService: check conditions changed
01-15 23:48:07.654  2913  4642 D HwBatteryService: charge line pull out, try to cancel non_standard charge line notification
01-15 23:48:07.655  2913  4642 I BatteryService: Processing new values: info={chargerAcOnline=false,chargerUsbOnline=false,chargerWirelessOnline=false,maxChargingCurrent=0,maxChargingVoltage=0,batteryStatus=3=DISCHARGING,batteryHealth=2=GOOD,batteryPresent=true,batteryLevel=18,batteryVoltage=3695,batteryTemperature=310,batteryFullCharge=5265000,batteryChargeCounter=1160000,batteryTechnology=Li-ion,batteryCapacityLevel=3=NORMAL,chargerDockOnline=false}, mBatteryLevelCritical=false, mPlugType=0, mLastPlugType=0
01-15 23:48:07.655  2913  4642 I BatteryService: check conditions changed
01-15 23:48:07.660  2913  5829 D HwBatteryService: charge line pull out, try to cancel non_standard charge line notification
01-15 23:48:07.660  2913  5829 I BatteryService: Processing new values: info={chargerAcOnline=false,chargerUsbOnline=false,chargerWirelessOnline=false,maxChargingCurrent=0,maxChargingVoltage=0,batteryStatus=3=DISCHARGING,batteryHealth=2=GOOD,batteryPresent=true,batteryLevel=18,batteryVoltage=3695,batteryTemperature=310,batteryFullCharge=5265000,batteryChargeCounter=1160000,batteryTechnology=Li-ion,batteryCapacityLevel=3=NORMAL,chargerDockOnline=false}, mBatteryLevelCritical=false, mPlugType=0, mLastPlugType=0
01-15 23:48:07.660  2913  5829 I BatteryService: check conditions changed
01-15 23:48:07.666  2913  4642 D HwBatteryService: charge line pull out, try to cancel non_standard charge line notification
01-15 23:48:07.666  2913  4642 I BatteryService: Processing new values: info={chargerAcOnline=false,chargerUsbOnline=false,chargerWirelessOnline=false,maxChargingCurrent=0,maxChargingVoltage=0,batteryStatus=3=DISCHARGING,batteryHealth=2=GOOD,batteryPresent=true,batteryLevel=18,batteryVoltage=3695,batteryTemperature=310,batteryFullCharge=5265000,batteryChargeCounter=1160000,batteryTechnology=Li-ion,batteryCapacityLevel=3=NORMAL,chargerDockOnline=false}, mBatteryLevelCritical=false, mPlugType=0, mLastPlugType=0
01-15 23:48:07.666  2913  4642 I BatteryService: check conditions changed
01-15 23:48:08.842  2913  3697 I HwBatteryService: power_ui state= 0 mQuickChargeStatus=0
01-15 23:48:08.842  2913  3697 I HwBatteryService: handleWirelessTxStatus
01-15 23:48:08.842  2913  3697 I HwBatteryService: switch not open, return, mWirelessTxFlag : 0
01-15 23:48:08.845  2913  3697 I HwBatteryService: power_ui state= 0 mQuickChargeStatus=0
01-15 23:48:08.846  2913  3697 I HwBatteryService: handleWirelessTxStatus
01-15 23:48:08.846  2913  3697 I HwBatteryService: switch not open, return, mWirelessTxFlag : 0
01-15 23:48:08.851  2913  5134 D HwBatteryService: charge line pull out, try to cancel non_standard charge line notification
01-15 23:48:08.852  2913  5134 I BatteryService: Processing new values: info={chargerAcOnline=false,chargerUsbOnline=false,chargerWirelessOnline=false,maxChargingCurrent=0,maxChargingVoltage=0,batteryStatus=3=DISCHARGING,batteryHealth=2=GOOD,batteryPresent=true,batteryLevel=18,batteryVoltage=3694,batteryTemperature=310,batteryFullCharge=5265000,batteryChargeCounter=1160000,batteryTechnology=Li-ion,batteryCapacityLevel=3=NORMAL,chargerDockOnline=false}, mBatteryLevelCritical=false, mPlugType=0, mLastPlugType=0
01-15 23:48:08.852  2913  5134 I BatteryService: check conditions changed
01-15 23:48:08.856  2913  5829 D HwBatteryService: charge line pull out, try to cancel non_standard charge line notification
01-15 23:48:08.857  2913  5829 I BatteryService: Processing new values: info={chargerAcOnline=false,chargerUsbOnline=false,chargerWirelessOnline=false,maxChargingCurrent=0,maxChargingVoltage=0,batteryStatus=3=DISCHARGING,batteryHealth=2=GOOD,batteryPresent=true,batteryLevel=18,batteryVoltage=3694,batteryTemperature=310,batteryFullCharge=5265000,batteryChargeCounter=1160000,batteryTechnology=Li-ion,batteryCapacityLevel=3=NORMAL,chargerDockOnline=false}, mBatteryLevelCritical=false, mPlugType=0, mLastPlugType=0
01-15 23:48:08.857  2913  5829 I BatteryService: check conditions changed
01-15 23:48:08.862  2913  5134 D HwBatteryService: charge line pull out, try to cancel non_standard charge line notification
01-15 23:48:08.862  2913  5134 I BatteryService: Processing new values: info={chargerAcOnline=false,chargerUsbOnline=false,chargerWirelessOnline=false,maxChargingCurrent=0,maxChargingVoltage=0,batteryStatus=3=DISCHARGING,batteryHealth=2=GOOD,batteryPresent=true,batteryLevel=18,batteryVoltage=3694,batteryTemperature=310,batteryFullCharge=5265000,batteryChargeCounter=1160000,batteryTechnology=Li-ion,batteryCapacityLevel=3=NORMAL,chargerDockOnline=false}, mBatteryLevelCritical=false, mPlugType=0, mLastPlugType=0
01-15 23:48:08.863  2913  5134 I BatteryService: check conditions changed
01-15 23:48:08.868  2913  5829 D HwBatteryService: charge line pull out, try to cancel non_standard charge line notification
01-15 23:48:08.868  2913  5829 I BatteryService: Processing new values: info={chargerAcOnline=false,chargerUsbOnline=false,chargerWirelessOnline=false,maxChargingCurrent=0,maxChargingVoltage=0,batteryStatus=3=DISCHARGING,batteryHealth=2=GOOD,batteryPresent=true,batteryLevel=18,batteryVoltage=3694,batteryTemperature=310,batteryFullCharge=5265000,batteryChargeCounter=1160000,batteryTechnology=Li-ion,batteryCapacityLevel=3=NORMAL,chargerDockOnline=false}, mBatteryLevelCritical=false, mPlugType=0, mLastPlugType=0
01-15 23:48:08.868  2913  5829 I BatteryService: check conditions changed
01-15 23:48:08.932  2913  4642 I UsageStatsService: queryEvents beginTime : 1768513404339 endTime : 1768517288931 callingPackage : com.burockgames.timeclocker
01-15 23:48:08.932  2913  4642 D UsageStatsService: User[0] SELECT * FROM 0 WHERE beginTime >= 1768513404339 AND endTime < 1768517288931
01-15 23:48:08.932  2913  4642 D UsageStatsService: Got 0 results from disk
01-15 23:48:08.932  2913  4642 D UsageStatsService: Current stats beginTime=1768431600000 endTime=1768517272509
01-15 23:48:08.933  2913  4642 I UsageStatsService: User[0] Results: 794
01-15 23:48:08.983  2913  4919 I AlarmManager: remove alarm reason:0 alarms:[Alarm{a216d6f type 2 origWhen 5400000 whenElapsed 5400000 android android procName system}]
01-15 23:48:08.983  2913  4919 I JobScheduler.Time: realNextJobExpiredElapsedMillis: 27000000mNextJobExpiredElapsedMillis26855114
01-15 23:48:08.985  2913  3703 I AlarmManager: remove alarm reason:0 alarms:[Alarm{26d9a7c type 2 origWhen 27000000 whenElapsed 27000000 android android procName system}]
01-15 23:48:08.985  2913  3703 I JobScheduler.Time: realNextJobExpiredElapsedMillis: 5400000mNextJobExpiredElapsedMillis5195110
01-15 23:48:09.999  2913  3697 I HwBatteryService: power_ui state= 0 mQuickChargeStatus=0
01-15 23:48:10.000  2913  3697 I HwBatteryService: handleWirelessTxStatus
01-15 23:48:10.000  2913  3697 I HwBatteryService: switch not open, return, mWirelessTxFlag : 0
01-15 23:48:10.009  2913  3697 I HwBatteryService: power_ui state= 0 mQuickChargeStatus=0
01-15 23:48:10.010  2913  3697 I HwBatteryService: handleWirelessTxStatus
01-15 23:48:10.010  2913  3697 I HwBatteryService: switch not open, return, mWirelessTxFlag : 0
01-15 23:48:10.015  2913  4919 D HwBatteryService: charge line pull out, try to cancel non_standard charge line notification
01-15 23:48:10.015  2913  4919 I BatteryService: Processing new values: info={chargerAcOnline=false,chargerUsbOnline=false,chargerWirelessOnline=false,maxChargingCurrent=0,maxChargingVoltage=0,batteryStatus=3=DISCHARGING,batteryHealth=2=GOOD,batteryPresent=true,batteryLevel=18,batteryVoltage=3702,batteryTemperature=310,batteryFullCharge=5265000,batteryChargeCounter=1160000,batteryTechnology=Li-ion,batteryCapacityLevel=3=NORMAL,chargerDockOnline=false}, mBatteryLevelCritical=false, mPlugType=0, mLastPlugType=0
01-15 23:48:10.015  2913  4919 I BatteryService: check conditions changed
01-15 23:48:10.020  2913  4642 D HwBatteryService: charge line pull out, try to cancel non_standard charge line notification
01-15 23:48:10.020  2913  4642 I BatteryService: Processing new values: info={chargerAcOnline=false,chargerUsbOnline=false,chargerWirelessOnline=false,maxChargingCurrent=0,maxChargingVoltage=0,batteryStatus=3=DISCHARGING,batteryHealth=2=GOOD,batteryPresent=true,batteryLevel=18,batteryVoltage=3702,batteryTemperature=310,batteryFullCharge=5265000,batteryChargeCounter=1160000,batteryTechnology=Li-ion,batteryCapacityLevel=3=NORMAL,chargerDockOnline=false}, mBatteryLevelCritical=false, mPlugType=0, mLastPlugType=0
01-15 23:48:10.020  2913  4642 I BatteryService: check conditions changed
01-15 23:48:10.025  2913  5829 D HwBatteryService: charge line pull out, try to cancel non_standard charge line notification
01-15 23:48:10.025  2913  5829 I BatteryService: Processing new values: info={chargerAcOnline=false,chargerUsbOnline=false,chargerWirelessOnline=false,maxChargingCurrent=0,maxChargingVoltage=0,batteryStatus=3=DISCHARGING,batteryHealth=2=GOOD,batteryPresent=true,batteryLevel=18,batteryVoltage=3702,batteryTemperature=310,batteryFullCharge=5265000,batteryChargeCounter=1160000,batteryTechnology=Li-ion,batteryCapacityLevel=3=NORMAL,chargerDockOnline=false}, mBatteryLevelCritical=false, mPlugType=0, mLastPlugType=0
01-15 23:48:10.025  2913  5829 I BatteryService: check conditions changed
01-15 23:48:10.029  2913  5829 D HwBatteryService: charge line pull out, try to cancel non_standard charge line notification
01-15 23:48:10.030  2913  5829 I BatteryService: Processing new values: info={chargerAcOnline=false,chargerUsbOnline=false,chargerWirelessOnline=false,maxChargingCurrent=0,maxChargingVoltage=0,batteryStatus=3=DISCHARGING,batteryHealth=2=GOOD,batteryPresent=true,batteryLevel=18,batteryVoltage=3702,batteryTemperature=310,batteryFullCharge=5265000,batteryChargeCounter=1160000,batteryTechnology=Li-ion,batteryCapacityLevel=3=NORMAL,chargerDockOnline=false}, mBatteryLevelCritical=false, mPlugType=0, mLastPlugType=0
01-15 23:48:10.030  2913  5829 I BatteryService: check conditions changed
01-15 23:48:11.114  2913  3697 I HwBatteryService: power_ui state= 0 mQuickChargeStatus=0
01-15 23:48:11.114  2913  3697 I HwBatteryService: handleWirelessTxStatus
01-15 23:48:11.114  2913  3697 I HwBatteryService: switch not open, return, mWirelessTxFlag : 0
01-15 23:48:11.117  2913  3697 I HwBatteryService: power_ui state= 0 mQuickChargeStatus=0
01-15 23:48:11.117  2913  3697 I HwBatteryService: handleWirelessTxStatus
01-15 23:48:11.117  2913  3697 I HwBatteryService: switch not open, return, mWirelessTxFlag : 0
01-15 23:48:11.120  2913  5134 D HwBatteryService: charge line pull out, try to cancel non_standard charge line notification
01-15 23:48:11.120  2913  5134 I BatteryService: Processing new values: info={chargerAcOnline=false,chargerUsbOnline=false,chargerWirelessOnline=false,maxChargingCurrent=0,maxChargingVoltage=0,batteryStatus=3=DISCHARGING,batteryHealth=2=GOOD,batteryPresent=true,batteryLevel=18,batteryVoltage=3702,batteryTemperature=310,batteryFullCharge=5265000,batteryChargeCounter=1160000,batteryTechnology=Li-ion,batteryCapacityLevel=3=NORMAL,chargerDockOnline=false}, mBatteryLevelCritical=false, mPlugType=0, mLastPlugType=0
01-15 23:48:11.120  2913  5134 I BatteryService: check conditions changed
01-15 23:48:11.126  2913  5134 D HwBatteryService: charge line pull out, try to cancel non_standard charge line notification
01-15 23:48:11.126  2913  5134 I BatteryService: Processing new values: info={chargerAcOnline=false,chargerUsbOnline=false,chargerWirelessOnline=false,maxChargingCurrent=0,maxChargingVoltage=0,batteryStatus=3=DISCHARGING,batteryHealth=2=GOOD,batteryPresent=true,batteryLevel=18,batteryVoltage=3702,batteryTemperature=310,batteryFullCharge=5265000,batteryChargeCounter=1160000,batteryTechnology=Li-ion,batteryCapacityLevel=3=NORMAL,chargerDockOnline=false}, mBatteryLevelCritical=false, mPlugType=0, mLastPlugType=0
01-15 23:48:11.126  2913  5134 I BatteryService: check conditions changed
01-15 23:48:11.131  2913  5134 D HwBatteryService: charge line pull out, try to cancel non_standard charge line notification
01-15 23:48:11.131  2913  5134 I BatteryService: Processing new values: info={chargerAcOnline=false,chargerUsbOnline=false,chargerWirelessOnline=false,maxChargingCurrent=0,maxChargingVoltage=0,batteryStatus=3=DISCHARGING,batteryHealth=2=GOOD,batteryPresent=true,batteryLevel=18,batteryVoltage=3702,batteryTemperature=310,batteryFullCharge=5265000,batteryChargeCounter=1160000,batteryTechnology=Li-ion,batteryCapacityLevel=3=NORMAL,chargerDockOnline=false}, mBatteryLevelCritical=false, mPlugType=0, mLastPlugType=0
01-15 23:48:11.131  2913  5134 I BatteryService: check conditions changed
01-15 23:48:11.136  2913  5134 D HwBatteryService: charge line pull out, try to cancel non_standard charge line notification
01-15 23:48:11.136  2913  5134 I BatteryService: Processing new values: info={chargerAcOnline=false,chargerUsbOnline=false,chargerWirelessOnline=false,maxChargingCurrent=0,maxChargingVoltage=0,batteryStatus=3=DISCHARGING,batteryHealth=2=GOOD,batteryPresent=true,batteryLevel=18,batteryVoltage=3702,batteryTemperature=310,batteryFullCharge=5265000,batteryChargeCounter=1160000,batteryTechnology=Li-ion,batteryCapacityLevel=3=NORMAL,chargerDockOnline=false}, mBatteryLevelCritical=false, mPlugType=0, mLastPlugType=0
01-15 23:48:11.136  2913  5134 I BatteryService: check conditions changed
01-15 23:48:12.301  2913  3697 I HwBatteryService: power_ui state= 0 mQuickChargeStatus=0
01-15 23:48:12.301  2913  3697 I HwBatteryService: handleWirelessTxStatus
01-15 23:48:12.301  2913  3697 I HwBatteryService: switch not open, return, mWirelessTxFlag : 0
01-15 23:48:12.302  2913  3697 I HwBatteryService: power_ui state= 0 mQuickChargeStatus=0
01-15 23:48:12.302  2913  3697 I HwBatteryService: handleWirelessTxStatus
01-15 23:48:12.302  2913  3697 I HwBatteryService: switch not open, return, mWirelessTxFlag : 0
01-15 23:48:12.305  2913  5829 D HwBatteryService: charge line pull out, try to cancel non_standard charge line notification
01-15 23:48:12.306  2913  5829 I BatteryService: Processing new values: info={chargerAcOnline=false,chargerUsbOnline=false,chargerWirelessOnline=false,maxChargingCurrent=0,maxChargingVoltage=0,batteryStatus=3=DISCHARGING,batteryHealth=2=GOOD,batteryPresent=true,batteryLevel=18,batteryVoltage=3702,batteryTemperature=310,batteryFullCharge=5265000,batteryChargeCounter=1160000,batteryTechnology=Li-ion,batteryCapacityLevel=3=NORMAL,chargerDockOnline=false}, mBatteryLevelCritical=false, mPlugType=0, mLastPlugType=0
01-15 23:48:12.306  2913  5829 I BatteryService: check conditions changed
01-15 23:48:12.313  2913  5134 D HwBatteryService: charge line pull out, try to cancel non_standard charge line notification
01-15 23:48:12.314  2913  5134 I BatteryService: Processing new values: info={chargerAcOnline=false,chargerUsbOnline=false,chargerWirelessOnline=false,maxChargingCurrent=0,maxChargingVoltage=0,batteryStatus=3=DISCHARGING,batteryHealth=2=GOOD,batteryPresent=true,batteryLevel=18,batteryVoltage=3702,batteryTemperature=310,batteryFullCharge=5265000,batteryChargeCounter=1160000,batteryTechnology=Li-ion,batteryCapacityLevel=3=NORMAL,chargerDockOnline=false}, mBatteryLevelCritical=false, mPlugType=0, mLastPlugType=0
01-15 23:48:12.314  2913  5134 I BatteryService: check conditions changed
01-15 23:48:12.317  2913  5829 D HwBatteryService: charge line pull out, try to cancel non_standard charge line notification
01-15 23:48:12.317  2913  5829 I BatteryService: Processing new values: info={chargerAcOnline=false,chargerUsbOnline=false,chargerWirelessOnline=false,maxChargingCurrent=0,maxChargingVoltage=0,batteryStatus=3=DISCHARGING,batteryHealth=2=GOOD,batteryPresent=true,batteryLevel=18,batteryVoltage=3702,batteryTemperature=310,batteryFullCharge=5265000,batteryChargeCounter=1160000,batteryTechnology=Li-ion,batteryCapacityLevel=3=NORMAL,chargerDockOnline=false}, mBatteryLevelCritical=false, mPlugType=0, mLastPlugType=0
01-15 23:48:12.317  2913  5829 I BatteryService: check conditions changed
01-15 23:48:12.319  2913  5134 D OomAdjuster: Not killing cached processes
01-15 23:48:12.322  2913  5829 D HwBatteryService: charge line pull out, try to cancel non_standard charge line notification
01-15 23:48:12.322  2913  5829 I BatteryService: Processing new values: info={chargerAcOnline=false,chargerUsbOnline=false,chargerWirelessOnline=false,maxChargingCurrent=0,maxChargingVoltage=0,batteryStatus=3=DISCHARGING,batteryHealth=2=GOOD,batteryPresent=true,batteryLevel=18,batteryVoltage=3702,batteryTemperature=310,batteryFullCharge=5265000,batteryChargeCounter=1160000,batteryTechnology=Li-ion,batteryCapacityLevel=3=NORMAL,chargerDockOnline=false}, mBatteryLevelCritical=false, mPlugType=0, mLastPlugType=0
01-15 23:48:12.322  2913  5829 I BatteryService: check conditions changed
01-15 23:48:12.675  2913  3697 I HwBatteryService: power_ui state= 0 mQuickChargeStatus=0
01-15 23:48:12.675  2913  3697 I HwBatteryService: handleWirelessTxStatus
01-15 23:48:12.675  2913  3697 I HwBatteryService: switch not open, return, mWirelessTxFlag : 0
01-15 23:48:12.678  2913  3697 I HwBatteryService: power_ui state= 0 mQuickChargeStatus=0
01-15 23:48:12.678  2913  3697 I HwBatteryService: handleWirelessTxStatus
01-15 23:48:12.678  2913  3697 I HwBatteryService: switch not open, return, mWirelessTxFlag : 0
01-15 23:48:12.682  2913  4642 D HwBatteryService: charge line pull out, try to cancel non_standard charge line notification
01-15 23:48:12.682  2913  4642 I BatteryService: Processing new values: info={chargerAcOnline=false,chargerUsbOnline=false,chargerWirelessOnline=false,maxChargingCurrent=0,maxChargingVoltage=0,batteryStatus=3=DISCHARGING,batteryHealth=2=GOOD,batteryPresent=true,batteryLevel=18,batteryVoltage=3702,batteryTemperature=310,batteryFullCharge=5265000,batteryChargeCounter=1160000,batteryTechnology=Li-ion,batteryCapacityLevel=3=NORMAL,chargerDockOnline=false}, mBatteryLevelCritical=false, mPlugType=0, mLastPlugType=0
01-15 23:48:12.683  2913  4642 I BatteryService: check conditions changed
01-15 23:48:12.687  2913  4919 D HwBatteryService: charge line pull out, try to cancel non_standard charge line notification
01-15 23:48:12.687  2913  4919 I BatteryService: Processing new values: info={chargerAcOnline=false,chargerUsbOnline=false,chargerWirelessOnline=false,maxChargingCurrent=0,maxChargingVoltage=0,batteryStatus=3=DISCHARGING,batteryHealth=2=GOOD,batteryPresent=true,batteryLevel=18,batteryVoltage=3702,batteryTemperature=310,batteryFullCharge=5265000,batteryChargeCounter=1160000,batteryTechnology=Li-ion,batteryCapacityLevel=3=NORMAL,chargerDockOnline=false}, mBatteryLevelCritical=false, mPlugType=0, mLastPlugType=0
01-15 23:48:12.687  2913  4919 I BatteryService: check conditions changed
01-15 23:48:12.693  2913  5829 D HwBatteryService: charge line pull out, try to cancel non_standard charge line notification
01-15 23:48:12.693  2913  5829 I BatteryService: Processing new values: info={chargerAcOnline=false,chargerUsbOnline=false,chargerWirelessOnline=false,maxChargingCurrent=0,maxChargingVoltage=0,batteryStatus=3=DISCHARGING,batteryHealth=2=GOOD,batteryPresent=true,batteryLevel=18,batteryVoltage=3702,batteryTemperature=310,batteryFullCharge=5265000,batteryChargeCounter=1160000,batteryTechnology=Li-ion,batteryCapacityLevel=3=NORMAL,chargerDockOnline=false}, mBatteryLevelCritical=false, mPlugType=0, mLastPlugType=0
01-15 23:48:12.693  2913  5829 I BatteryService: check conditions changed
01-15 23:48:12.699  2913  5829 D HwBatteryService: charge line pull out, try to cancel non_standard charge line notification
01-15 23:48:12.699  2913  5829 I BatteryService: Processing new values: info={chargerAcOnline=false,chargerUsbOnline=false,chargerWirelessOnline=false,maxChargingCurrent=0,maxChargingVoltage=0,batteryStatus=3=DISCHARGING,batteryHealth=2=GOOD,batteryPresent=true,batteryLevel=18,batteryVoltage=3702,batteryTemperature=310,batteryFullCharge=5265000,batteryChargeCounter=1160000,batteryTechnology=Li-ion,batteryCapacityLevel=3=NORMAL,chargerDockOnline=false}, mBatteryLevelCritical=false, mPlugType=0, mLastPlugType=0
01-15 23:48:12.699  2913  5829 I BatteryService: check conditions changed
01-15 23:48:12.740  2913  2982 I AppEyeFwkBlock: do monitor
01-15 23:48:13.431  2913  3697 I HwBatteryService: power_ui state= 0 mQuickChargeStatus=0
01-15 23:48:13.431  2913  3697 I HwBatteryService: handleWirelessTxStatus
01-15 23:48:13.431  2913  3697 I HwBatteryService: switch not open, return, mWirelessTxFlag : 0
01-15 23:48:13.433  2913  3697 I HwBatteryService: power_ui state= 0 mQuickChargeStatus=0
01-15 23:48:13.433  2913  3697 I HwBatteryService: handleWirelessTxStatus
01-15 23:48:13.433  2913  3697 I HwBatteryService: switch not open, return, mWirelessTxFlag : 0
01-15 23:48:13.440  2913  4919 D HwBatteryService: charge line pull out, try to cancel non_standard charge line notification
01-15 23:48:13.440  2913  4919 I BatteryService: Processing new values: info={chargerAcOnline=false,chargerUsbOnline=false,chargerWirelessOnline=false,maxChargingCurrent=0,maxChargingVoltage=0,batteryStatus=3=DISCHARGING,batteryHealth=2=GOOD,batteryPresent=true,batteryLevel=18,batteryVoltage=3698,batteryTemperature=310,batteryFullCharge=5265000,batteryChargeCounter=1160000,batteryTechnology=Li-ion,batteryCapacityLevel=3=NORMAL,chargerDockOnline=false}, mBatteryLevelCritical=false, mPlugType=0, mLastPlugType=0
01-15 23:48:13.440  2913  4919 I BatteryService: check conditions changed
01-15 23:48:13.444  2913  4919 D HwBatteryService: charge line pull out, try to cancel non_standard charge line notification
01-15 23:48:13.444  2913  4919 I BatteryService: Processing new values: info={chargerAcOnline=false,chargerUsbOnline=false,chargerWirelessOnline=false,maxChargingCurrent=0,maxChargingVoltage=0,batteryStatus=3=DISCHARGING,batteryHealth=2=GOOD,batteryPresent=true,batteryLevel=18,batteryVoltage=3698,batteryTemperature=310,batteryFullCharge=5265000,batteryChargeCounter=1160000,batteryTechnology=Li-ion,batteryCapacityLevel=3=NORMAL,chargerDockOnline=false}, mBatteryLevelCritical=false, mPlugType=0, mLastPlugType=0
01-15 23:48:13.444  2913  4919 I BatteryService: check conditions changed
01-15 23:48:13.450  2913  4919 D HwBatteryService: charge line pull out, try to cancel non_standard charge line notification
01-15 23:48:13.450  2913  4919 I BatteryService: Processing new values: info={chargerAcOnline=false,chargerUsbOnline=false,chargerWirelessOnline=false,maxChargingCurrent=0,maxChargingVoltage=0,batteryStatus=3=DISCHARGING,batteryHealth=2=GOOD,batteryPresent=true,batteryLevel=18,batteryVoltage=3698,batteryTemperature=310,batteryFullCharge=5265000,batteryChargeCounter=1160000,batteryTechnology=Li-ion,batteryCapacityLevel=3=NORMAL,chargerDockOnline=false}, mBatteryLevelCritical=false, mPlugType=0, mLastPlugType=0
01-15 23:48:13.450  2913  4919 I BatteryService: check conditions changed
01-15 23:48:13.455  2913  4919 D HwBatteryService: charge line pull out, try to cancel non_standard charge line notification
01-15 23:48:13.455  2913  4919 I BatteryService: Processing new values: info={chargerAcOnline=false,chargerUsbOnline=false,chargerWirelessOnline=false,maxChargingCurrent=0,maxChargingVoltage=0,batteryStatus=3=DISCHARGING,batteryHealth=2=GOOD,batteryPresent=true,batteryLevel=18,batteryVoltage=3698,batteryTemperature=310,batteryFullCharge=5265000,batteryChargeCounter=1160000,batteryTechnology=Li-ion,batteryCapacityLevel=3=NORMAL,chargerDockOnline=false}, mBatteryLevelCritical=false, mPlugType=0, mLastPlugType=0
01-15 23:48:13.455  2913  4919 I BatteryService: check conditions changed
01-15 23:48:13.562  2913  3703 W ProcessStats: Tracking association SourceState{d3fecd1 com.android.settings/1000 Top #95069} whose proc state 1 is better than process ProcessState{41030b0 com.hihonor.id/10056 pkg=com.hihonor.id} proc state 2 (13 skipped)
01-15 23:48:14.625  2913  3697 I HwBatteryService: power_ui state= 0 mQuickChargeStatus=0
01-15 23:48:14.625  2913  3697 I HwBatteryService: handleWirelessTxStatus
01-15 23:48:14.625  2913  3697 I HwBatteryService: switch not open, return, mWirelessTxFlag : 0
01-15 23:48:14.631  2913  3697 I HwBatteryService: power_ui state= 0 mQuickChargeStatus=0
01-15 23:48:14.631  2913  3697 I HwBatteryService: handleWirelessTxStatus
01-15 23:48:14.631  2913  3697 I HwBatteryService: switch not open, return, mWirelessTxFlag : 0
01-15 23:48:14.636  2913  4642 D HwBatteryService: charge line pull out, try to cancel non_standard charge line notification
01-15 23:48:14.636  2913  4642 I BatteryService: Processing new values: info={chargerAcOnline=false,chargerUsbOnline=false,chargerWirelessOnline=false,maxChargingCurrent=0,maxChargingVoltage=0,batteryStatus=3=DISCHARGING,batteryHealth=2=GOOD,batteryPresent=true,batteryLevel=18,batteryVoltage=3694,batteryTemperature=310,batteryFullCharge=5265000,batteryChargeCounter=1160000,batteryTechnology=Li-ion,batteryCapacityLevel=3=NORMAL,chargerDockOnline=false}, mBatteryLevelCritical=false, mPlugType=0, mLastPlugType=0
01-15 23:48:14.636  2913  4642 I BatteryService: check conditions changed
01-15 23:48:14.641  2913  5829 D HwBatteryService: charge line pull out, try to cancel non_standard charge line notification
01-15 23:48:14.641  2913  5829 I BatteryService: Processing new values: info={chargerAcOnline=false,chargerUsbOnline=false,chargerWirelessOnline=false,maxChargingCurrent=0,maxChargingVoltage=0,batteryStatus=3=DISCHARGING,batteryHealth=2=GOOD,batteryPresent=true,batteryLevel=18,batteryVoltage=3694,batteryTemperature=310,batteryFullCharge=5265000,batteryChargeCounter=1160000,batteryTechnology=Li-ion,batteryCapacityLevel=3=NORMAL,chargerDockOnline=false}, mBatteryLevelCritical=false, mPlugType=0, mLastPlugType=0
01-15 23:48:14.641  2913  5829 I BatteryService: check conditions changed
01-15 23:48:14.646  2913  5829 D HwBatteryService: charge line pull out, try to cancel non_standard charge line notification
01-15 23:48:14.646  2913  5829 I BatteryService: Processing new values: info={chargerAcOnline=false,chargerUsbOnline=false,chargerWirelessOnline=false,maxChargingCurrent=0,maxChargingVoltage=0,batteryStatus=3=DISCHARGING,batteryHealth=2=GOOD,batteryPresent=true,batteryLevel=18,batteryVoltage=3694,batteryTemperature=310,batteryFullCharge=5265000,batteryChargeCounter=1160000,batteryTechnology=Li-ion,batteryCapacityLevel=3=NORMAL,chargerDockOnline=false}, mBatteryLevelCritical=false, mPlugType=0, mLastPlugType=0
01-15 23:48:14.646  2913  5829 I BatteryService: check conditions changed
01-15 23:48:14.652  2913  4919 D HwBatteryService: charge line pull out, try to cancel non_standard charge line notification
01-15 23:48:14.652  2913  4919 I BatteryService: Processing new values: info={chargerAcOnline=false,chargerUsbOnline=false,chargerWirelessOnline=false,maxChargingCurrent=0,maxChargingVoltage=0,batteryStatus=3=DISCHARGING,batteryHealth=2=GOOD,batteryPresent=true,batteryLevel=18,batteryVoltage=3694,batteryTemperature=310,batteryFullCharge=5265000,batteryChargeCounter=1160000,batteryTechnology=Li-ion,batteryCapacityLevel=3=NORMAL,chargerDockOnline=false}, mBatteryLevelCritical=false, mPlugType=0, mLastPlugType=0
01-15 23:48:14.652  2913  4919 I BatteryService: check conditions changed
01-15 23:48:15.729  2913  3697 I HwBatteryService: power_ui state= 0 mQuickChargeStatus=0
01-15 23:48:15.730  2913  3697 I HwBatteryService: handleWirelessTxStatus
01-15 23:48:15.730  2913  3697 I HwBatteryService: switch not open, return, mWirelessTxFlag : 0
01-15 23:48:15.738  2913  3697 I HwBatteryService: power_ui state= 0 mQuickChargeStatus=0
01-15 23:48:15.738  2913  3697 I HwBatteryService: handleWirelessTxStatus
01-15 23:48:15.738  2913  3697 I HwBatteryService: switch not open, return, mWirelessTxFlag : 0
01-15 23:48:15.741  2913  5829 D HwBatteryService: charge line pull out, try to cancel non_standard charge line notification
01-15 23:48:15.741  2913  5829 I BatteryService: Processing new values: info={chargerAcOnline=false,chargerUsbOnline=false,chargerWirelessOnline=false,maxChargingCurrent=0,maxChargingVoltage=0,batteryStatus=3=DISCHARGING,batteryHealth=2=GOOD,batteryPresent=true,batteryLevel=18,batteryVoltage=3686,batteryTemperature=310,batteryFullCharge=5265000,batteryChargeCounter=1160000,batteryTechnology=Li-ion,batteryCapacityLevel=3=NORMAL,chargerDockOnline=false}, mBatteryLevelCritical=false, mPlugType=0, mLastPlugType=0
01-15 23:48:15.742  2913  5829 I BatteryService: check conditions changed
01-15 23:48:15.746  2913  5829 D HwBatteryService: charge line pull out, try to cancel non_standard charge line notification
01-15 23:48:15.746  2913  5829 I BatteryService: Processing new values: info={chargerAcOnline=false,chargerUsbOnline=false,chargerWirelessOnline=false,maxChargingCurrent=0,maxChargingVoltage=0,batteryStatus=3=DISCHARGING,batteryHealth=2=GOOD,batteryPresent=true,batteryLevel=18,batteryVoltage=3686,batteryTemperature=310,batteryFullCharge=5265000,batteryChargeCounter=1160000,batteryTechnology=Li-ion,batteryCapacityLevel=3=NORMAL,chargerDockOnline=false}, mBatteryLevelCritical=false, mPlugType=0, mLastPlugType=0
01-15 23:48:15.746  2913  5829 I BatteryService: check conditions changed
01-15 23:48:15.751  2913  4642 D HwBatteryService: charge line pull out, try to cancel non_standard charge line notification
01-15 23:48:15.751  2913  4642 I BatteryService: Processing new values: info={chargerAcOnline=false,chargerUsbOnline=false,chargerWirelessOnline=false,maxChargingCurrent=0,maxChargingVoltage=0,batteryStatus=3=DISCHARGING,batteryHealth=2=GOOD,batteryPresent=true,batteryLevel=18,batteryVoltage=3686,batteryTemperature=310,batteryFullCharge=5265000,batteryChargeCounter=1160000,batteryTechnology=Li-ion,batteryCapacityLevel=3=NORMAL,chargerDockOnline=false}, mBatteryLevelCritical=false, mPlugType=0, mLastPlugType=0
01-15 23:48:15.751  2913  4642 I BatteryService: check conditions changed
01-15 23:48:15.759  2913  4642 D HwBatteryService: charge line pull out, try to cancel non_standard charge line notification
01-15 23:48:15.759  2913  4642 I BatteryService: Processing new values: info={chargerAcOnline=false,chargerUsbOnline=false,chargerWirelessOnline=false,maxChargingCurrent=0,maxChargingVoltage=0,batteryStatus=3=DISCHARGING,batteryHealth=2=GOOD,batteryPresent=true,batteryLevel=18,batteryVoltage=3686,batteryTemperature=310,batteryFullCharge=5265000,batteryChargeCounter=1160000,batteryTechnology=Li-ion,batteryCapacityLevel=3=NORMAL,chargerDockOnline=false}, mBatteryLevelCritical=false, mPlugType=0, mLastPlugType=0
01-15 23:48:15.759  2913  4642 I BatteryService: check conditions changed
01-15 23:48:16.865  2913  3697 I HwBatteryService: power_ui state= 0 mQuickChargeStatus=0
01-15 23:48:16.865  2913  3697 I HwBatteryService: handleWirelessTxStatus
01-15 23:48:16.865  2913  3697 I HwBatteryService: switch not open, return, mWirelessTxFlag : 0
01-15 23:48:16.874  2913  3697 I HwBatteryService: power_ui state= 0 mQuickChargeStatus=0
01-15 23:48:16.874  2913  3697 I HwBatteryService: handleWirelessTxStatus
01-15 23:48:16.874  2913  3697 I HwBatteryService: switch not open, return, mWirelessTxFlag : 0
01-15 23:48:16.880  2913  5829 D HwBatteryService: charge line pull out, try to cancel non_standard charge line notification
01-15 23:48:16.880  2913  5829 I BatteryService: Processing new values: info={chargerAcOnline=false,chargerUsbOnline=false,chargerWirelessOnline=false,maxChargingCurrent=0,maxChargingVoltage=0,batteryStatus=3=DISCHARGING,batteryHealth=2=GOOD,batteryPresent=true,batteryLevel=18,batteryVoltage=3688,batteryTemperature=310,batteryFullCharge=5265000,batteryChargeCounter=1160000,batteryTechnology=Li-ion,batteryCapacityLevel=3=NORMAL,chargerDockOnline=false}, mBatteryLevelCritical=false, mPlugType=0, mLastPlugType=0
01-15 23:48:16.880  2913  5829 I BatteryService: check conditions changed
01-15 23:48:16.883  2913  5829 D HwBatteryService: charge line pull out, try to cancel non_standard charge line notification
01-15 23:48:16.883  2913  5829 I BatteryService: Processing new values: info={chargerAcOnline=false,chargerUsbOnline=false,chargerWirelessOnline=false,maxChargingCurrent=0,maxChargingVoltage=0,batteryStatus=3=DISCHARGING,batteryHealth=2=GOOD,batteryPresent=true,batteryLevel=18,batteryVoltage=3688,batteryTemperature=310,batteryFullCharge=5265000,batteryChargeCounter=1160000,batteryTechnology=Li-ion,batteryCapacityLevel=3=NORMAL,chargerDockOnline=false}, mBatteryLevelCritical=false, mPlugType=0, mLastPlugType=0
01-15 23:48:16.883  2913  5829 I BatteryService: check conditions changed
01-15 23:48:16.889  2913  5829 D HwBatteryService: charge line pull out, try to cancel non_standard charge line notification
01-15 23:48:16.889  2913  5829 I BatteryService: Processing new values: info={chargerAcOnline=false,chargerUsbOnline=false,chargerWirelessOnline=false,maxChargingCurrent=0,maxChargingVoltage=0,batteryStatus=3=DISCHARGING,batteryHealth=2=GOOD,batteryPresent=true,batteryLevel=18,batteryVoltage=3688,batteryTemperature=310,batteryFullCharge=5265000,batteryChargeCounter=1160000,batteryTechnology=Li-ion,batteryCapacityLevel=3=NORMAL,chargerDockOnline=false}, mBatteryLevelCritical=false, mPlugType=0, mLastPlugType=0
01-15 23:48:16.889  2913  5829 I BatteryService: check conditions changed
01-15 23:48:16.896  2913  5829 D HwBatteryService: charge line pull out, try to cancel non_standard charge line notification
01-15 23:48:16.896  2913  5829 I BatteryService: Processing new values: info={chargerAcOnline=false,chargerUsbOnline=false,chargerWirelessOnline=false,maxChargingCurrent=0,maxChargingVoltage=0,batteryStatus=3=DISCHARGING,batteryHealth=2=GOOD,batteryPresent=true,batteryLevel=18,batteryVoltage=3688,batteryTemperature=310,batteryFullCharge=5265000,batteryChargeCounter=1160000,batteryTechnology=Li-ion,batteryCapacityLevel=3=NORMAL,chargerDockOnline=false}, mBatteryLevelCritical=false, mPlugType=0, mLastPlugType=0
01-15 23:48:16.896  2913  5829 I BatteryService: check conditions changed
01-15 23:48:17.987  2913  3697 I HwBatteryService: power_ui state= 0 mQuickChargeStatus=0
01-15 23:48:17.987  2913  3697 I HwBatteryService: handleWirelessTxStatus
01-15 23:48:17.987  2913  3697 I HwBatteryService: switch not open, return, mWirelessTxFlag : 0
01-15 23:48:17.991  2913  3697 I HwBatteryService: power_ui state= 0 mQuickChargeStatus=0
01-15 23:48:17.991  2913  3697 I HwBatteryService: handleWirelessTxStatus
01-15 23:48:17.991  2913  3697 I HwBatteryService: switch not open, return, mWirelessTxFlag : 0
01-15 23:48:17.994  2913  5134 D HwBatteryService: charge line pull out, try to cancel non_standard charge line notification
01-15 23:48:17.995  2913  5134 I BatteryService: Processing new values: info={chargerAcOnline=false,chargerUsbOnline=false,chargerWirelessOnline=false,maxChargingCurrent=0,maxChargingVoltage=0,batteryStatus=3=DISCHARGING,batteryHealth=2=GOOD,batteryPresent=true,batteryLevel=18,batteryVoltage=3702,batteryTemperature=310,batteryFullCharge=5265000,batteryChargeCounter=1160000,batteryTechnology=Li-ion,batteryCapacityLevel=3=NORMAL,chargerDockOnline=false}, mBatteryLevelCritical=false, mPlugType=0, mLastPlugType=0
01-15 23:48:17.995  2913  5134 I BatteryService: check conditions changed
01-15 23:48:17.999  2913  5134 D HwBatteryService: charge line pull out, try to cancel non_standard charge line notification
01-15 23:48:18.000  2913  5134 I BatteryService: Processing new values: info={chargerAcOnline=false,chargerUsbOnline=false,chargerWirelessOnline=false,maxChargingCurrent=0,maxChargingVoltage=0,batteryStatus=3=DISCHARGING,batteryHealth=2=GOOD,batteryPresent=true,batteryLevel=18,batteryVoltage=3702,batteryTemperature=310,batteryFullCharge=5265000,batteryChargeCounter=1160000,batteryTechnology=Li-ion,batteryCapacityLevel=3=NORMAL,chargerDockOnline=false}, mBatteryLevelCritical=false, mPlugType=0, mLastPlugType=0
01-15 23:48:18.000  2913  5134 I BatteryService: check conditions changed
01-15 23:48:18.004  2913  5134 D HwBatteryService: charge line pull out, try to cancel non_standard charge line notification
01-15 23:48:18.004  2913  5134 I BatteryService: Processing new values: info={chargerAcOnline=false,chargerUsbOnline=false,chargerWirelessOnline=false,maxChargingCurrent=0,maxChargingVoltage=0,batteryStatus=3=DISCHARGING,batteryHealth=2=GOOD,batteryPresent=true,batteryLevel=18,batteryVoltage=3702,batteryTemperature=310,batteryFullCharge=5265000,batteryChargeCounter=1160000,batteryTechnology=Li-ion,batteryCapacityLevel=3=NORMAL,chargerDockOnline=false}, mBatteryLevelCritical=false, mPlugType=0, mLastPlugType=0
01-15 23:48:18.004  2913  5134 I BatteryService: check conditions changed
01-15 23:48:18.009  2913  5134 D HwBatteryService: charge line pull out, try to cancel non_standard charge line notification
01-15 23:48:18.009  2913  5134 I BatteryService: Processing new values: info={chargerAcOnline=false,chargerUsbOnline=false,chargerWirelessOnline=false,maxChargingCurrent=0,maxChargingVoltage=0,batteryStatus=3=DISCHARGING,batteryHealth=2=GOOD,batteryPresent=true,batteryLevel=18,batteryVoltage=3702,batteryTemperature=310,batteryFullCharge=5265000,batteryChargeCounter=1160000,batteryTechnology=Li-ion,batteryCapacityLevel=3=NORMAL,chargerDockOnline=false}, mBatteryLevelCritical=false, mPlugType=0, mLastPlugType=0
01-15 23:48:18.009  2913  5134 I BatteryService: check conditions changed
01-15 23:48:19.512  2913  3697 I HwBatteryService: power_ui state= 0 mQuickChargeStatus=0
01-15 23:48:19.512  2913  3697 I HwBatteryService: handleWirelessTxStatus
01-15 23:48:19.512  2913  3697 I HwBatteryService: switch not open, return, mWirelessTxFlag : 0
01-15 23:48:19.514  2913  3697 I HwBatteryService: power_ui state= 0 mQuickChargeStatus=0
01-15 23:48:19.514  2913  3697 I HwBatteryService: handleWirelessTxStatus
01-15 23:48:19.514  2913  3697 I HwBatteryService: switch not open, return, mWirelessTxFlag : 0
01-15 23:48:19.520  2913  4642 D HwBatteryService: charge line pull out, try to cancel non_standard charge line notification
01-15 23:48:19.520  2913  4642 I BatteryService: Processing new values: info={chargerAcOnline=false,chargerUsbOnline=false,chargerWirelessOnline=false,maxChargingCurrent=0,maxChargingVoltage=0,batteryStatus=3=DISCHARGING,batteryHealth=2=GOOD,batteryPresent=true,batteryLevel=18,batteryVoltage=3702,batteryTemperature=310,batteryFullCharge=5265000,batteryChargeCounter=1160000,batteryTechnology=Li-ion,batteryCapacityLevel=3=NORMAL,chargerDockOnline=false}, mBatteryLevelCritical=false, mPlugType=0, mLastPlugType=0
01-15 23:48:19.520  2913  4642 I BatteryService: check conditions changed
01-15 23:48:19.524  2913  4919 D HwBatteryService: charge line pull out, try to cancel non_standard charge line notification
