01-15 23:47:13.220  2913  6972 I PowerManagerService: need release WakeLockSuspendBlocker
01-15 23:47:13.220  2913  6972 I PowerManagerService: Releasing suspend blocker "PowerManagerService.WakeLocks".
01-15 23:47:13.460  2913  4838 I UsageStatsService: queryEvents beginTime : 1768513404339 endTime : 1768517233459 callingPackage : com.burockgames.timeclocker
01-15 23:47:13.460  2913  4838 D UsageStatsService: User[0] SELECT * FROM 0 WHERE beginTime >= 1768513404339 AND endTime < 1768517233459
01-15 23:47:13.460  2913  4838 D UsageStatsService: Got 0 results from disk
01-15 23:47:13.460  2913  4838 D UsageStatsService: Current stats beginTime=1768431600000 endTime=1768517154142
01-15 23:47:13.460  2913  4838 I UsageStatsService: User[0] Results: 794
01-15 23:47:13.513  2913  5134 I UsageStatsService: queryEvents beginTime : 1768513404339 endTime : 1768517233513 callingPackage : com.burockgames.timeclocker
01-15 23:47:13.513  2913  5134 D UsageStatsService: User[0] SELECT * FROM 0 WHERE beginTime >= 1768513404339 AND endTime < 1768517233513
01-15 23:47:13.513  2913  5134 D UsageStatsService: Got 0 results from disk
01-15 23:47:13.513  2913  5134 D UsageStatsService: Current stats beginTime=1768431600000 endTime=1768517154142
01-15 23:47:13.514  2913  5134 I UsageStatsService: User[0] Results: 794
01-15 23:47:13.602  2913  5134 I PowerManagerService: wakeLock.mDisabled:false, mDeviceIdleMode:false, mProcState:4
01-15 23:47:13.603  2913  5134 I PowerManagerService: need acquire WakeLockSuspendBlocker
01-15 23:47:13.603  2913  5134 I PowerManagerService: Acquiring suspend blocker "PowerManagerService.WakeLocks".
01-15 23:47:13.605  2913  5134 I PowerManagerService: wakeLock.mDisabled:false, mDeviceIdleMode:false, mProcState:4
01-15 23:47:13.607  2913  5134 I AlarmManager: remove alarm reason:1 alarms:[Alarm{c94ba12 type 2 origWhen 720657 whenElapsed 720657 PendingIntent{d6c4a0c: PendingIntentRecord{92c26 com.google.android.gms/com.google.android.gms.gcm broadcastIntent}} com.google.android.gms procName com.google.android.gms.persistent}]
01-15 23:47:13.611  2913  6972 I PowerManagerService: wakeLock.mDisabled:false, mDeviceIdleMode:false, mProcState:4
01-15 23:47:13.614  2913  6972 I PowerManagerService: need release WakeLockSuspendBlocker
01-15 23:47:13.614  2913  6972 I PowerManagerService: Releasing suspend blocker "PowerManagerService.WakeLocks".
01-15 23:47:13.615  2913  4642 I UsageStatsService: queryEvents beginTime : 1768513404339 endTime : 1768517233615 callingPackage : com.burockgames.timeclocker
01-15 23:47:13.615  2913  4642 D UsageStatsService: User[0] SELECT * FROM 0 WHERE beginTime >= 1768513404339 AND endTime < 1768517233615
01-15 23:47:13.615  2913  4642 D UsageStatsService: Got 0 results from disk
01-15 23:47:13.615  2913  4642 D UsageStatsService: Current stats beginTime=1768431600000 endTime=1768517154142
01-15 23:47:13.616  2913  4642 I UsageStatsService: User[0] Results: 794
01-15 23:47:13.651  2913  4841 I PowerManagerService: wakeLock.mDisabled:false, mDeviceIdleMode:false, mProcState:4
01-15 23:47:13.651  2913  4841 I PowerManagerService: need acquire WakeLockSuspendBlocker
01-15 23:47:13.651  2913  4841 I PowerManagerService: Acquiring suspend blocker "PowerManagerService.WakeLocks".
01-15 23:47:13.725  2913  6972 I UsageStatsService: queryEvents beginTime : 1768513404339 endTime : 1768517233725 callingPackage : com.burockgames.timeclocker
01-15 23:47:13.725  2913  6972 D UsageStatsService: User[0] SELECT * FROM 0 WHERE beginTime >= 1768513404339 AND endTime < 1768517233725
01-15 23:47:13.725  2913  6972 D UsageStatsService: Got 0 results from disk
01-15 23:47:13.725  2913  6972 D UsageStatsService: Current stats beginTime=1768431600000 endTime=1768517154142
01-15 23:47:13.726  2913  6972 I UsageStatsService: User[0] Results: 794
01-15 23:47:13.759  2913  4841 I PowerManagerService: wakeLock.mDisabled:false, mDeviceIdleMode:false, mProcState:4
01-15 23:47:13.769  2913  6972 I AlarmManager: remove alarm reason:1 alarms:[Alarm{c0aec9b type 2 origWhen 660562 whenElapsed 660562 PendingIntent{d00655e: PendingIntentRecord{92c26 com.google.android.gms/com.google.android.gms.gcm broadcastIntent}} com.google.android.gms procName com.google.android.gms.persistent}]
01-15 23:47:13.771  2913  6972 I PowerManagerService: need release WakeLockSuspendBlocker
01-15 23:47:13.771  2913  6972 I PowerManagerService: Releasing suspend blocker "PowerManagerService.WakeLocks".
01-15 23:47:15.089  2913  2984 W Watchdog: waitState=[0] waitedHalf=[false]
01-15 23:47:15.089  2913  2984 W Watchdog: watchdogKick kickCounter=[150]
01-15 23:47:15.096  2913  4841 D OomAdjuster: Not killing cached processes
01-15 23:47:15.156  2913  3697 I HwBatteryService: power_ui state= 0 mQuickChargeStatus=0
01-15 23:47:15.156  2913  3697 I HwBatteryService: handleWirelessTxStatus
01-15 23:47:15.156  2913  3697 I HwBatteryService: switch not open, return, mWirelessTxFlag : 0
01-15 23:47:15.166  2913  3697 I HwBatteryService: power_ui state= 0 mQuickChargeStatus=0
01-15 23:47:15.167  2913  3697 I HwBatteryService: handleWirelessTxStatus
01-15 23:47:15.167  2913  3697 I HwBatteryService: switch not open, return, mWirelessTxFlag : 0
01-15 23:47:15.174  2913  6972 D HwBatteryService: charge line pull out, try to cancel non_standard charge line notification
01-15 23:47:15.174  2913  6972 I BatteryService: Processing new values: info={chargerAcOnline=false,chargerUsbOnline=false,chargerWirelessOnline=false,maxChargingCurrent=0,maxChargingVoltage=0,batteryStatus=3=DISCHARGING,batteryHealth=2=GOOD,batteryPresent=true,batteryLevel=18,batteryVoltage=3702,batteryTemperature=310,batteryFullCharge=5265000,batteryChargeCounter=1160000,batteryTechnology=Li-ion,batteryCapacityLevel=3=NORMAL,chargerDockOnline=false}, mBatteryLevelCritical=false, mPlugType=0, mLastPlugType=0
01-15 23:47:15.175  2913  6972 I BatteryService: check conditions changed
01-15 23:47:15.180  2913  6972 D HwBatteryService: charge line pull out, try to cancel non_standard charge line notification
01-15 23:47:15.181  2913  6972 I BatteryService: Processing new values: info={chargerAcOnline=false,chargerUsbOnline=false,chargerWirelessOnline=false,maxChargingCurrent=0,maxChargingVoltage=0,batteryStatus=3=DISCHARGING,batteryHealth=2=GOOD,batteryPresent=true,batteryLevel=18,batteryVoltage=3702,batteryTemperature=310,batteryFullCharge=5265000,batteryChargeCounter=1160000,batteryTechnology=Li-ion,batteryCapacityLevel=3=NORMAL,chargerDockOnline=false}, mBatteryLevelCritical=false, mPlugType=0, mLastPlugType=0
01-15 23:47:15.181  2913  6972 I BatteryService: check conditions changed
01-15 23:47:15.196  2913  4841 D HwBatteryService: charge line pull out, try to cancel non_standard charge line notification
01-15 23:47:15.196  2913  4841 I BatteryService: Processing new values: info={chargerAcOnline=false,chargerUsbOnline=false,chargerWirelessOnline=false,maxChargingCurrent=0,maxChargingVoltage=0,batteryStatus=3=DISCHARGING,batteryHealth=2=GOOD,batteryPresent=true,batteryLevel=18,batteryVoltage=3702,batteryTemperature=310,batteryFullCharge=5265000,batteryChargeCounter=1160000,batteryTechnology=Li-ion,batteryCapacityLevel=3=NORMAL,chargerDockOnline=false}, mBatteryLevelCritical=false, mPlugType=0, mLastPlugType=0
01-15 23:47:15.196  2913  4841 I BatteryService: check conditions changed
01-15 23:47:15.203  2913  4841 D HwBatteryService: charge line pull out, try to cancel non_standard charge line notification
01-15 23:47:15.203  2913  4841 I BatteryService: Processing new values: info={chargerAcOnline=false,chargerUsbOnline=false,chargerWirelessOnline=false,maxChargingCurrent=0,maxChargingVoltage=0,batteryStatus=3=DISCHARGING,batteryHealth=2=GOOD,batteryPresent=true,batteryLevel=18,batteryVoltage=3702,batteryTemperature=310,batteryFullCharge=5265000,batteryChargeCounter=1160000,batteryTechnology=Li-ion,batteryCapacityLevel=3=NORMAL,chargerDockOnline=false}, mBatteryLevelCritical=false, mPlugType=0, mLastPlugType=0
01-15 23:47:15.203  2913  4841 I BatteryService: check conditions changed
01-15 23:47:16.289  2913  3697 I HwBatteryService: power_ui state= 0 mQuickChargeStatus=0
01-15 23:47:16.289  2913  3697 I HwBatteryService: handleWirelessTxStatus
01-15 23:47:16.289  2913  3697 I HwBatteryService: switch not open, return, mWirelessTxFlag : 0
01-15 23:47:16.292  2913  3697 I HwBatteryService: power_ui state= 0 mQuickChargeStatus=0
01-15 23:47:16.292  2913  3697 I HwBatteryService: handleWirelessTxStatus
01-15 23:47:16.292  2913  3697 I HwBatteryService: switch not open, return, mWirelessTxFlag : 0
01-15 23:47:16.297  2913  5134 D HwBatteryService: charge line pull out, try to cancel non_standard charge line notification
01-15 23:47:16.297  2913  5134 I BatteryService: Processing new values: info={chargerAcOnline=false,chargerUsbOnline=false,chargerWirelessOnline=false,maxChargingCurrent=0,maxChargingVoltage=0,batteryStatus=3=DISCHARGING,batteryHealth=2=GOOD,batteryPresent=true,batteryLevel=18,batteryVoltage=3701,batteryTemperature=310,batteryFullCharge=5265000,batteryChargeCounter=1160000,batteryTechnology=Li-ion,batteryCapacityLevel=3=NORMAL,chargerDockOnline=false}, mBatteryLevelCritical=false, mPlugType=0, mLastPlugType=0
01-15 23:47:16.297  2913  5134 I BatteryService: check conditions changed
01-15 23:47:16.306  2913  6972 D HwBatteryService: charge line pull out, try to cancel non_standard charge line notification
01-15 23:47:16.306  2913  6972 I BatteryService: Processing new values: info={chargerAcOnline=false,chargerUsbOnline=false,chargerWirelessOnline=false,maxChargingCurrent=0,maxChargingVoltage=0,batteryStatus=3=DISCHARGING,batteryHealth=2=GOOD,batteryPresent=true,batteryLevel=18,batteryVoltage=3701,batteryTemperature=310,batteryFullCharge=5265000,batteryChargeCounter=1160000,batteryTechnology=Li-ion,batteryCapacityLevel=3=NORMAL,chargerDockOnline=false}, mBatteryLevelCritical=false, mPlugType=0, mLastPlugType=0
01-15 23:47:16.306  2913  6972 I BatteryService: check conditions changed
01-15 23:47:16.312  2913  6972 D HwBatteryService: charge line pull out, try to cancel non_standard charge line notification
01-15 23:47:16.312  2913  6972 I BatteryService: Processing new values: info={chargerAcOnline=false,chargerUsbOnline=false,chargerWirelessOnline=false,maxChargingCurrent=0,maxChargingVoltage=0,batteryStatus=3=DISCHARGING,batteryHealth=2=GOOD,batteryPresent=true,batteryLevel=18,batteryVoltage=3701,batteryTemperature=310,batteryFullCharge=5265000,batteryChargeCounter=1160000,batteryTechnology=Li-ion,batteryCapacityLevel=3=NORMAL,chargerDockOnline=false}, mBatteryLevelCritical=false, mPlugType=0, mLastPlugType=0
01-15 23:47:16.312  2913  6972 I BatteryService: check conditions changed
01-15 23:47:16.318  2913  6972 D HwBatteryService: charge line pull out, try to cancel non_standard charge line notification
01-15 23:47:16.318  2913  6972 I BatteryService: Processing new values: info={chargerAcOnline=false,chargerUsbOnline=false,chargerWirelessOnline=false,maxChargingCurrent=0,maxChargingVoltage=0,batteryStatus=3=DISCHARGING,batteryHealth=2=GOOD,batteryPresent=true,batteryLevel=18,batteryVoltage=3701,batteryTemperature=310,batteryFullCharge=5265000,batteryChargeCounter=1160000,batteryTechnology=Li-ion,batteryCapacityLevel=3=NORMAL,chargerDockOnline=false}, mBatteryLevelCritical=false, mPlugType=0, mLastPlugType=0
01-15 23:47:16.318  2913  6972 I BatteryService: check conditions changed
01-15 23:47:17.430  2913  3697 I HwBatteryService: power_ui state= 0 mQuickChargeStatus=0
01-15 23:47:17.430  2913  3697 I HwBatteryService: handleWirelessTxStatus
01-15 23:47:17.430  2913  3697 I HwBatteryService: switch not open, return, mWirelessTxFlag : 0
01-15 23:47:17.434  2913  3697 I HwBatteryService: power_ui state= 0 mQuickChargeStatus=0
01-15 23:47:17.434  2913  3697 I HwBatteryService: handleWirelessTxStatus
01-15 23:47:17.434  2913  3697 I HwBatteryService: switch not open, return, mWirelessTxFlag : 0
01-15 23:47:17.438  2913  5134 D HwBatteryService: charge line pull out, try to cancel non_standard charge line notification
01-15 23:47:17.438  2913  5134 I BatteryService: Processing new values: info={chargerAcOnline=false,chargerUsbOnline=false,chargerWirelessOnline=false,maxChargingCurrent=0,maxChargingVoltage=0,batteryStatus=3=DISCHARGING,batteryHealth=2=GOOD,batteryPresent=true,batteryLevel=18,batteryVoltage=3701,batteryTemperature=310,batteryFullCharge=5265000,batteryChargeCounter=1160000,batteryTechnology=Li-ion,batteryCapacityLevel=3=NORMAL,chargerDockOnline=false}, mBatteryLevelCritical=false, mPlugType=0, mLastPlugType=0
01-15 23:47:17.439  2913  5134 I BatteryService: check conditions changed
01-15 23:47:17.444  2913  4919 D HwBatteryService: charge line pull out, try to cancel non_standard charge line notification
01-15 23:47:17.444  2913  4919 I BatteryService: Processing new values: info={chargerAcOnline=false,chargerUsbOnline=false,chargerWirelessOnline=false,maxChargingCurrent=0,maxChargingVoltage=0,batteryStatus=3=DISCHARGING,batteryHealth=2=GOOD,batteryPresent=true,batteryLevel=18,batteryVoltage=3701,batteryTemperature=310,batteryFullCharge=5265000,batteryChargeCounter=1160000,batteryTechnology=Li-ion,batteryCapacityLevel=3=NORMAL,chargerDockOnline=false}, mBatteryLevelCritical=false, mPlugType=0, mLastPlugType=0
01-15 23:47:17.444  2913  4919 I BatteryService: check conditions changed
01-15 23:47:17.449  2913  4919 D HwBatteryService: charge line pull out, try to cancel non_standard charge line notification
01-15 23:47:17.450  2913  4919 I BatteryService: Processing new values: info={chargerAcOnline=false,chargerUsbOnline=false,chargerWirelessOnline=false,maxChargingCurrent=0,maxChargingVoltage=0,batteryStatus=3=DISCHARGING,batteryHealth=2=GOOD,batteryPresent=true,batteryLevel=18,batteryVoltage=3701,batteryTemperature=310,batteryFullCharge=5265000,batteryChargeCounter=1160000,batteryTechnology=Li-ion,batteryCapacityLevel=3=NORMAL,chargerDockOnline=false}, mBatteryLevelCritical=false, mPlugType=0, mLastPlugType=0
01-15 23:47:17.450  2913  4919 I BatteryService: check conditions changed
01-15 23:47:17.455  2913  4919 D HwBatteryService: charge line pull out, try to cancel non_standard charge line notification
01-15 23:47:17.455  2913  4919 I BatteryService: Processing new values: info={chargerAcOnline=false,chargerUsbOnline=false,chargerWirelessOnline=false,maxChargingCurrent=0,maxChargingVoltage=0,batteryStatus=3=DISCHARGING,batteryHealth=2=GOOD,batteryPresent=true,batteryLevel=18,batteryVoltage=3701,batteryTemperature=310,batteryFullCharge=5265000,batteryChargeCounter=1160000,batteryTechnology=Li-ion,batteryCapacityLevel=3=NORMAL,chargerDockOnline=false}, mBatteryLevelCritical=false, mPlugType=0, mLastPlugType=0
01-15 23:47:17.455  2913  4919 I BatteryService: check conditions changed
01-15 23:47:18.561  2913  2982 I AppEyeFwkBlock: do monitor
01-15 23:47:18.591  2913  3697 I HwBatteryService: power_ui state= 0 mQuickChargeStatus=0
01-15 23:47:18.591  2913  3697 I HwBatteryService: handleWirelessTxStatus
01-15 23:47:18.591  2913  3697 I HwBatteryService: switch not open, return, mWirelessTxFlag : 0
01-15 23:47:18.597  2913  3697 I HwBatteryService: power_ui state= 0 mQuickChargeStatus=0
01-15 23:47:18.597  2913  3697 I HwBatteryService: handleWirelessTxStatus
01-15 23:47:18.597  2913  3697 I HwBatteryService: switch not open, return, mWirelessTxFlag : 0
01-15 23:47:18.599  2913  4919 D HwBatteryService: charge line pull out, try to cancel non_standard charge line notification
01-15 23:47:18.600  2913  4919 I BatteryService: Processing new values: info={chargerAcOnline=false,chargerUsbOnline=false,chargerWirelessOnline=false,maxChargingCurrent=0,maxChargingVoltage=0,batteryStatus=3=DISCHARGING,batteryHealth=2=GOOD,batteryPresent=true,batteryLevel=18,batteryVoltage=3700,batteryTemperature=310,batteryFullCharge=5265000,batteryChargeCounter=1160000,batteryTechnology=Li-ion,batteryCapacityLevel=3=NORMAL,chargerDockOnline=false}, mBatteryLevelCritical=false, mPlugType=0, mLastPlugType=0
01-15 23:47:18.600  2913  4919 I BatteryService: check conditions changed
01-15 23:47:18.606  2913  4919 D HwBatteryService: charge line pull out, try to cancel non_standard charge line notification
01-15 23:47:18.606  2913  4919 I BatteryService: Processing new values: info={chargerAcOnline=false,chargerUsbOnline=false,chargerWirelessOnline=false,maxChargingCurrent=0,maxChargingVoltage=0,batteryStatus=3=DISCHARGING,batteryHealth=2=GOOD,batteryPresent=true,batteryLevel=18,batteryVoltage=3700,batteryTemperature=310,batteryFullCharge=5265000,batteryChargeCounter=1160000,batteryTechnology=Li-ion,batteryCapacityLevel=3=NORMAL,chargerDockOnline=false}, mBatteryLevelCritical=false, mPlugType=0, mLastPlugType=0
01-15 23:47:18.606  2913  4919 I BatteryService: check conditions changed
01-15 23:47:18.611  2913  4919 D HwBatteryService: charge line pull out, try to cancel non_standard charge line notification
01-15 23:47:18.611  2913  4919 I BatteryService: Processing new values: info={chargerAcOnline=false,chargerUsbOnline=false,chargerWirelessOnline=false,maxChargingCurrent=0,maxChargingVoltage=0,batteryStatus=3=DISCHARGING,batteryHealth=2=GOOD,batteryPresent=true,batteryLevel=18,batteryVoltage=3700,batteryTemperature=310,batteryFullCharge=5265000,batteryChargeCounter=1160000,batteryTechnology=Li-ion,batteryCapacityLevel=3=NORMAL,chargerDockOnline=false}, mBatteryLevelCritical=false, mPlugType=0, mLastPlugType=0
01-15 23:47:18.611  2913  4919 I BatteryService: check conditions changed
01-15 23:47:18.616  2913  4841 D HwBatteryService: charge line pull out, try to cancel non_standard charge line notification
01-15 23:47:18.616  2913  4841 I BatteryService: Processing new values: info={chargerAcOnline=false,chargerUsbOnline=false,chargerWirelessOnline=false,maxChargingCurrent=0,maxChargingVoltage=0,batteryStatus=3=DISCHARGING,batteryHealth=2=GOOD,batteryPresent=true,batteryLevel=18,batteryVoltage=3700,batteryTemperature=310,batteryFullCharge=5265000,batteryChargeCounter=1160000,batteryTechnology=Li-ion,batteryCapacityLevel=3=NORMAL,chargerDockOnline=false}, mBatteryLevelCritical=false, mPlugType=0, mLastPlugType=0
01-15 23:47:18.617  2913  4841 I BatteryService: check conditions changed
01-15 23:47:20.112  2913  3697 I HwBatteryService: power_ui state= 0 mQuickChargeStatus=0
01-15 23:47:20.112  2913  3697 I HwBatteryService: handleWirelessTxStatus
01-15 23:47:20.112  2913  3697 I HwBatteryService: switch not open, return, mWirelessTxFlag : 0
01-15 23:47:20.114  2913  3697 I HwBatteryService: power_ui state= 0 mQuickChargeStatus=0
01-15 23:47:20.114  2913  3697 I HwBatteryService: handleWirelessTxStatus
01-15 23:47:20.114  2913  3697 I HwBatteryService: switch not open, return, mWirelessTxFlag : 0
01-15 23:47:20.119  2913  4919 D HwBatteryService: charge line pull out, try to cancel non_standard charge line notification
01-15 23:47:20.119  2913  4919 I BatteryService: Processing new values: info={chargerAcOnline=false,chargerUsbOnline=false,chargerWirelessOnline=false,maxChargingCurrent=0,maxChargingVoltage=0,batteryStatus=3=DISCHARGING,batteryHealth=2=GOOD,batteryPresent=true,batteryLevel=18,batteryVoltage=3702,batteryTemperature=310,batteryFullCharge=5265000,batteryChargeCounter=1160000,batteryTechnology=Li-ion,batteryCapacityLevel=3=NORMAL,chargerDockOnline=false}, mBatteryLevelCritical=false, mPlugType=0, mLastPlugType=0
01-15 23:47:20.119  2913  4919 I BatteryService: check conditions changed
01-15 23:47:20.124  2913  5134 D HwBatteryService: charge line pull out, try to cancel non_standard charge line notification
01-15 23:47:20.124  2913  5134 I BatteryService: Processing new values: info={chargerAcOnline=false,chargerUsbOnline=false,chargerWirelessOnline=false,maxChargingCurrent=0,maxChargingVoltage=0,batteryStatus=3=DISCHARGING,batteryHealth=2=GOOD,batteryPresent=true,batteryLevel=18,batteryVoltage=3702,batteryTemperature=310,batteryFullCharge=5265000,batteryChargeCounter=1160000,batteryTechnology=Li-ion,batteryCapacityLevel=3=NORMAL,chargerDockOnline=false}, mBatteryLevelCritical=false, mPlugType=0, mLastPlugType=0
01-15 23:47:20.124  2913  5134 I BatteryService: check conditions changed
01-15 23:47:20.129  2913  5134 D HwBatteryService: charge line pull out, try to cancel non_standard charge line notification
01-15 23:47:20.129  2913  5134 I BatteryService: Processing new values: info={chargerAcOnline=false,chargerUsbOnline=false,chargerWirelessOnline=false,maxChargingCurrent=0,maxChargingVoltage=0,batteryStatus=3=DISCHARGING,batteryHealth=2=GOOD,batteryPresent=true,batteryLevel=18,batteryVoltage=3702,batteryTemperature=310,batteryFullCharge=5265000,batteryChargeCounter=1160000,batteryTechnology=Li-ion,batteryCapacityLevel=3=NORMAL,chargerDockOnline=false}, mBatteryLevelCritical=false, mPlugType=0, mLastPlugType=0
01-15 23:47:20.129  2913  5134 I BatteryService: check conditions changed
01-15 23:47:20.134  2913  5134 D HwBatteryService: charge line pull out, try to cancel non_standard charge line notification
01-15 23:47:20.135  2913  5134 I BatteryService: Processing new values: info={chargerAcOnline=false,chargerUsbOnline=false,chargerWirelessOnline=false,maxChargingCurrent=0,maxChargingVoltage=0,batteryStatus=3=DISCHARGING,batteryHealth=2=GOOD,batteryPresent=true,batteryLevel=18,batteryVoltage=3702,batteryTemperature=310,batteryFullCharge=5265000,batteryChargeCounter=1160000,batteryTechnology=Li-ion,batteryCapacityLevel=3=NORMAL,chargerDockOnline=false}, mBatteryLevelCritical=false, mPlugType=0, mLastPlugType=0
01-15 23:47:20.135  2913  5134 I BatteryService: check conditions changed
01-15 23:47:21.703  2913  3697 I HwBatteryService: power_ui state= 0 mQuickChargeStatus=0
01-15 23:47:21.703  2913  3697 I HwBatteryService: handleWirelessTxStatus
01-15 23:47:21.703  2913  3697 I HwBatteryService: switch not open, return, mWirelessTxFlag : 0
01-15 23:47:21.708  2913  3697 I HwBatteryService: power_ui state= 0 mQuickChargeStatus=0
01-15 23:47:21.708  2913  3697 I HwBatteryService: handleWirelessTxStatus
01-15 23:47:21.708  2913  3697 I HwBatteryService: switch not open, return, mWirelessTxFlag : 0
01-15 23:47:21.713  2913  4838 D HwBatteryService: charge line pull out, try to cancel non_standard charge line notification
01-15 23:47:21.713  2913  4838 I BatteryService: Processing new values: info={chargerAcOnline=false,chargerUsbOnline=false,chargerWirelessOnline=false,maxChargingCurrent=0,maxChargingVoltage=0,batteryStatus=3=DISCHARGING,batteryHealth=2=GOOD,batteryPresent=true,batteryLevel=18,batteryVoltage=3702,batteryTemperature=310,batteryFullCharge=5265000,batteryChargeCounter=1160000,batteryTechnology=Li-ion,batteryCapacityLevel=3=NORMAL,chargerDockOnline=false}, mBatteryLevelCritical=false, mPlugType=0, mLastPlugType=0
01-15 23:47:21.713  2913  4838 I BatteryService: check conditions changed
01-15 23:47:21.717  2913  4838 D HwBatteryService: charge line pull out, try to cancel non_standard charge line notification
01-15 23:47:21.717  2913  4838 I BatteryService: Processing new values: info={chargerAcOnline=false,chargerUsbOnline=false,chargerWirelessOnline=false,maxChargingCurrent=0,maxChargingVoltage=0,batteryStatus=3=DISCHARGING,batteryHealth=2=GOOD,batteryPresent=true,batteryLevel=18,batteryVoltage=3702,batteryTemperature=310,batteryFullCharge=5265000,batteryChargeCounter=1160000,batteryTechnology=Li-ion,batteryCapacityLevel=3=NORMAL,chargerDockOnline=false}, mBatteryLevelCritical=false, mPlugType=0, mLastPlugType=0
01-15 23:47:21.717  2913  4838 I BatteryService: check conditions changed
01-15 23:47:21.722  2913  4838 D HwBatteryService: charge line pull out, try to cancel non_standard charge line notification
01-15 23:47:21.723  2913  4838 I BatteryService: Processing new values: info={chargerAcOnline=false,chargerUsbOnline=false,chargerWirelessOnline=false,maxChargingCurrent=0,maxChargingVoltage=0,batteryStatus=3=DISCHARGING,batteryHealth=2=GOOD,batteryPresent=true,batteryLevel=18,batteryVoltage=3702,batteryTemperature=310,batteryFullCharge=5265000,batteryChargeCounter=1160000,batteryTechnology=Li-ion,batteryCapacityLevel=3=NORMAL,chargerDockOnline=false}, mBatteryLevelCritical=false, mPlugType=0, mLastPlugType=0
01-15 23:47:21.723  2913  4838 I BatteryService: check conditions changed
01-15 23:47:21.728  2913  4838 D HwBatteryService: charge line pull out, try to cancel non_standard charge line notification
01-15 23:47:21.728  2913  4838 I BatteryService: Processing new values: info={chargerAcOnline=false,chargerUsbOnline=false,chargerWirelessOnline=false,maxChargingCurrent=0,maxChargingVoltage=0,batteryStatus=3=DISCHARGING,batteryHealth=2=GOOD,batteryPresent=true,batteryLevel=18,batteryVoltage=3702,batteryTemperature=310,batteryFullCharge=5265000,batteryChargeCounter=1160000,batteryTechnology=Li-ion,batteryCapacityLevel=3=NORMAL,chargerDockOnline=false}, mBatteryLevelCritical=false, mPlugType=0, mLastPlugType=0
01-15 23:47:21.728  2913  4838 I BatteryService: check conditions changed
01-15 23:47:23.297  2913  3697 I HwBatteryService: power_ui state= 0 mQuickChargeStatus=0
01-15 23:47:23.298  2913  3697 I HwBatteryService: handleWirelessTxStatus
01-15 23:47:23.298  2913  3697 I HwBatteryService: switch not open, return, mWirelessTxFlag : 0
01-15 23:47:23.299  2913  3697 I HwBatteryService: power_ui state= 0 mQuickChargeStatus=0
01-15 23:47:23.299  2913  3697 I HwBatteryService: handleWirelessTxStatus
01-15 23:47:23.299  2913  3697 I HwBatteryService: switch not open, return, mWirelessTxFlag : 0
01-15 23:47:23.302  2913  4838 D HwBatteryService: charge line pull out, try to cancel non_standard charge line notification
01-15 23:47:23.302  2913  4838 I BatteryService: Processing new values: info={chargerAcOnline=false,chargerUsbOnline=false,chargerWirelessOnline=false,maxChargingCurrent=0,maxChargingVoltage=0,batteryStatus=3=DISCHARGING,batteryHealth=2=GOOD,batteryPresent=true,batteryLevel=18,batteryVoltage=3702,batteryTemperature=310,batteryFullCharge=5265000,batteryChargeCounter=1160000,batteryTechnology=Li-ion,batteryCapacityLevel=3=NORMAL,chargerDockOnline=false}, mBatteryLevelCritical=false, mPlugType=0, mLastPlugType=0
01-15 23:47:23.302  2913  4838 I BatteryService: check conditions changed
01-15 23:47:23.306  2913  4838 D HwBatteryService: charge line pull out, try to cancel non_standard charge line notification
01-15 23:47:23.306  2913  4838 I BatteryService: Processing new values: info={chargerAcOnline=false,chargerUsbOnline=false,chargerWirelessOnline=false,maxChargingCurrent=0,maxChargingVoltage=0,batteryStatus=3=DISCHARGING,batteryHealth=2=GOOD,batteryPresent=true,batteryLevel=18,batteryVoltage=3702,batteryTemperature=310,batteryFullCharge=5265000,batteryChargeCounter=1160000,batteryTechnology=Li-ion,batteryCapacityLevel=3=NORMAL,chargerDockOnline=false}, mBatteryLevelCritical=false, mPlugType=0, mLastPlugType=0
01-15 23:47:23.306  2913  4838 I BatteryService: check conditions changed
01-15 23:47:23.312  2913  4838 D HwBatteryService: charge line pull out, try to cancel non_standard charge line notification
01-15 23:47:23.312  2913  4838 I BatteryService: Processing new values: info={chargerAcOnline=false,chargerUsbOnline=false,chargerWirelessOnline=false,maxChargingCurrent=0,maxChargingVoltage=0,batteryStatus=3=DISCHARGING,batteryHealth=2=GOOD,batteryPresent=true,batteryLevel=18,batteryVoltage=3702,batteryTemperature=310,batteryFullCharge=5265000,batteryChargeCounter=1160000,batteryTechnology=Li-ion,batteryCapacityLevel=3=NORMAL,chargerDockOnline=false}, mBatteryLevelCritical=false, mPlugType=0, mLastPlugType=0
01-15 23:47:23.312  2913  4838 I BatteryService: check conditions changed
01-15 23:47:23.316  2913  4838 D HwBatteryService: charge line pull out, try to cancel non_standard charge line notification
01-15 23:47:23.317  2913  4838 I BatteryService: Processing new values: info={chargerAcOnline=false,chargerUsbOnline=false,chargerWirelessOnline=false,maxChargingCurrent=0,maxChargingVoltage=0,batteryStatus=3=DISCHARGING,batteryHealth=2=GOOD,batteryPresent=true,batteryLevel=18,batteryVoltage=3702,batteryTemperature=310,batteryFullCharge=5265000,batteryChargeCounter=1160000,batteryTechnology=Li-ion,batteryCapacityLevel=3=NORMAL,chargerDockOnline=false}, mBatteryLevelCritical=false, mPlugType=0, mLastPlugType=0
01-15 23:47:23.317  2913  4838 I BatteryService: check conditions changed
01-15 23:47:24.872  2913  5134 I UsageStatsService: queryEvents beginTime : 1768513404339 endTime : 1768517244871 callingPackage : com.burockgames.timeclocker
01-15 23:47:24.872  2913  5134 D UsageStatsService: User[0] SELECT * FROM 0 WHERE beginTime >= 1768513404339 AND endTime < 1768517244871
01-15 23:47:24.872  2913  5134 D UsageStatsService: Got 0 results from disk
01-15 23:47:24.872  2913  5134 D UsageStatsService: Current stats beginTime=1768431600000 endTime=1768517154142
01-15 23:47:24.873  2913  5134 I UsageStatsService: User[0] Results: 794
01-15 23:47:24.882  2913  3697 I HwBatteryService: power_ui state= 0 mQuickChargeStatus=0
01-15 23:47:24.882  2913  3697 I HwBatteryService: handleWirelessTxStatus
01-15 23:47:24.882  2913  3697 I HwBatteryService: switch not open, return, mWirelessTxFlag : 0
01-15 23:47:24.885  2913  3697 I HwBatteryService: power_ui state= 0 mQuickChargeStatus=0
01-15 23:47:24.885  2913  3697 I HwBatteryService: handleWirelessTxStatus
01-15 23:47:24.885  2913  3697 I HwBatteryService: switch not open, return, mWirelessTxFlag : 0
01-15 23:47:24.895  2913  4841 D HwBatteryService: charge line pull out, try to cancel non_standard charge line notification
01-15 23:47:24.896  2913  4841 I BatteryService: Processing new values: info={chargerAcOnline=false,chargerUsbOnline=false,chargerWirelessOnline=false,maxChargingCurrent=0,maxChargingVoltage=0,batteryStatus=3=DISCHARGING,batteryHealth=2=GOOD,batteryPresent=true,batteryLevel=18,batteryVoltage=3702,batteryTemperature=310,batteryFullCharge=5265000,batteryChargeCounter=1160000,batteryTechnology=Li-ion,batteryCapacityLevel=3=NORMAL,chargerDockOnline=false}, mBatteryLevelCritical=false, mPlugType=0, mLastPlugType=0
01-15 23:47:24.896  2913  4841 I BatteryService: check conditions changed
01-15 23:47:24.908  2913  4841 D HwBatteryService: charge line pull out, try to cancel non_standard charge line notification
01-15 23:47:24.909  2913  4841 I BatteryService: Processing new values: info={chargerAcOnline=false,chargerUsbOnline=false,chargerWirelessOnline=false,maxChargingCurrent=0,maxChargingVoltage=0,batteryStatus=3=DISCHARGING,batteryHealth=2=GOOD,batteryPresent=true,batteryLevel=18,batteryVoltage=3702,batteryTemperature=310,batteryFullCharge=5265000,batteryChargeCounter=1160000,batteryTechnology=Li-ion,batteryCapacityLevel=3=NORMAL,chargerDockOnline=false}, mBatteryLevelCritical=false, mPlugType=0, mLastPlugType=0
01-15 23:47:24.909  2913  4841 I BatteryService: check conditions changed
01-15 23:47:24.913  2913  4919 D HwBatteryService: charge line pull out, try to cancel non_standard charge line notification
01-15 23:47:24.913  2913  4919 I BatteryService: Processing new values: info={chargerAcOnline=false,chargerUsbOnline=false,chargerWirelessOnline=false,maxChargingCurrent=0,maxChargingVoltage=0,batteryStatus=3=DISCHARGING,batteryHealth=2=GOOD,batteryPresent=true,batteryLevel=18,batteryVoltage=3702,batteryTemperature=310,batteryFullCharge=5265000,batteryChargeCounter=1160000,batteryTechnology=Li-ion,batteryCapacityLevel=3=NORMAL,chargerDockOnline=false}, mBatteryLevelCritical=false, mPlugType=0, mLastPlugType=0
01-15 23:47:24.913  2913  4919 I BatteryService: check conditions changed
01-15 23:47:24.917  2913  4919 D HwBatteryService: charge line pull out, try to cancel non_standard charge line notification
01-15 23:47:24.918  2913  4919 I BatteryService: Processing new values: info={chargerAcOnline=false,chargerUsbOnline=false,chargerWirelessOnline=false,maxChargingCurrent=0,maxChargingVoltage=0,batteryStatus=3=DISCHARGING,batteryHealth=2=GOOD,batteryPresent=true,batteryLevel=18,batteryVoltage=3702,batteryTemperature=310,batteryFullCharge=5265000,batteryChargeCounter=1160000,batteryTechnology=Li-ion,batteryCapacityLevel=3=NORMAL,chargerDockOnline=false}, mBatteryLevelCritical=false, mPlugType=0, mLastPlugType=0
01-15 23:47:24.918  2913  4919 I BatteryService: check conditions changed
01-15 23:47:25.026  2913  5134 I AlarmManager: remove alarm reason:0 alarms:[Alarm{b973337 type 2 origWhen 5400000 whenElapsed 5400000 android android procName system}]
01-15 23:47:25.026  2913  5134 I JobScheduler.Time: realNextJobExpiredElapsedMillis: 27000000mNextJobExpiredElapsedMillis26855114
01-15 23:47:25.028  2913  3703 I AlarmManager: remove alarm reason:0 alarms:[Alarm{485c0a4 type 2 origWhen 27000000 whenElapsed 27000000 android android procName system}]
01-15 23:47:25.029  2913  3703 I JobScheduler.Time: realNextJobExpiredElapsedMillis: 5400000mNextJobExpiredElapsedMillis5195110
01-15 23:47:27.091  2446  3681 I storaged: storaged_t::event: storage_info refreshed.
01-15 23:47:27.100  2913  3697 I HwBatteryService: power_ui state= 0 mQuickChargeStatus=0
01-15 23:47:27.100  2913  3697 I HwBatteryService: handleWirelessTxStatus
01-15 23:47:27.100  2913  3697 I HwBatteryService: switch not open, return, mWirelessTxFlag : 0
01-15 23:47:27.109  2913  3697 I HwBatteryService: power_ui state= 0 mQuickChargeStatus=0
01-15 23:47:27.109  2913  3697 I HwBatteryService: handleWirelessTxStatus
01-15 23:47:27.109  2913  3697 I HwBatteryService: switch not open, return, mWirelessTxFlag : 0
01-15 23:47:27.115  2913  5134 D HwBatteryService: charge line pull out, try to cancel non_standard charge line notification
01-15 23:47:27.115  2913  5134 I BatteryService: Processing new values: info={chargerAcOnline=false,chargerUsbOnline=false,chargerWirelessOnline=false,maxChargingCurrent=0,maxChargingVoltage=0,batteryStatus=3=DISCHARGING,batteryHealth=2=GOOD,batteryPresent=true,batteryLevel=18,batteryVoltage=3702,batteryTemperature=310,batteryFullCharge=5265000,batteryChargeCounter=1160000,batteryTechnology=Li-ion,batteryCapacityLevel=3=NORMAL,chargerDockOnline=false}, mBatteryLevelCritical=false, mPlugType=0, mLastPlugType=0
01-15 23:47:27.115  2913  5134 I BatteryService: check conditions changed
01-15 23:47:27.121  2913  5134 D HwBatteryService: charge line pull out, try to cancel non_standard charge line notification
01-15 23:47:27.121  2913  5134 I BatteryService: Processing new values: info={chargerAcOnline=false,chargerUsbOnline=false,chargerWirelessOnline=false,maxChargingCurrent=0,maxChargingVoltage=0,batteryStatus=3=DISCHARGING,batteryHealth=2=GOOD,batteryPresent=true,batteryLevel=18,batteryVoltage=3702,batteryTemperature=310,batteryFullCharge=5265000,batteryChargeCounter=1160000,batteryTechnology=Li-ion,batteryCapacityLevel=3=NORMAL,chargerDockOnline=false}, mBatteryLevelCritical=false, mPlugType=0, mLastPlugType=0
01-15 23:47:27.121  2913  5134 I BatteryService: check conditions changed
01-15 23:47:27.126  2913  4838 D HwBatteryService: charge line pull out, try to cancel non_standard charge line notification
01-15 23:47:27.127  2913  4838 I BatteryService: Processing new values: info={chargerAcOnline=false,chargerUsbOnline=false,chargerWirelessOnline=false,maxChargingCurrent=0,maxChargingVoltage=0,batteryStatus=3=DISCHARGING,batteryHealth=2=GOOD,batteryPresent=true,batteryLevel=18,batteryVoltage=3702,batteryTemperature=310,batteryFullCharge=5265000,batteryChargeCounter=1160000,batteryTechnology=Li-ion,batteryCapacityLevel=3=NORMAL,chargerDockOnline=false}, mBatteryLevelCritical=false, mPlugType=0, mLastPlugType=0
01-15 23:47:27.127  2913  4838 I BatteryService: check conditions changed
01-15 23:47:27.131  2913  4919 D HwBatteryService: charge line pull out, try to cancel non_standard charge line notification
01-15 23:47:27.132  2913  4919 I BatteryService: Processing new values: info={chargerAcOnline=false,chargerUsbOnline=false,chargerWirelessOnline=false,maxChargingCurrent=0,maxChargingVoltage=0,batteryStatus=3=DISCHARGING,batteryHealth=2=GOOD,batteryPresent=true,batteryLevel=18,batteryVoltage=3702,batteryTemperature=310,batteryFullCharge=5265000,batteryChargeCounter=1160000,batteryTechnology=Li-ion,batteryCapacityLevel=3=NORMAL,chargerDockOnline=false}, mBatteryLevelCritical=false, mPlugType=0, mLastPlugType=0
01-15 23:47:27.132  2913  4919 I BatteryService: check conditions changed
01-15 23:47:27.147  2913  5134 D OomAdjuster: Not killing cached processes
01-15 23:47:28.222  2913  3697 I HwBatteryService: power_ui state= 0 mQuickChargeStatus=0
01-15 23:47:28.222  2913  3697 I HwBatteryService: handleWirelessTxStatus
01-15 23:47:28.222  2913  3697 I HwBatteryService: switch not open, return, mWirelessTxFlag : 0
01-15 23:47:28.223  2913  3697 I HwBatteryService: power_ui state= 0 mQuickChargeStatus=0
01-15 23:47:28.223  2913  3697 I HwBatteryService: handleWirelessTxStatus
01-15 23:47:28.223  2913  3697 I HwBatteryService: switch not open, return, mWirelessTxFlag : 0
01-15 23:47:28.227  2913  5134 D HwBatteryService: charge line pull out, try to cancel non_standard charge line notification
01-15 23:47:28.227  2913  5134 I BatteryService: Processing new values: info={chargerAcOnline=false,chargerUsbOnline=false,chargerWirelessOnline=false,maxChargingCurrent=0,maxChargingVoltage=0,batteryStatus=3=DISCHARGING,batteryHealth=2=GOOD,batteryPresent=true,batteryLevel=18,batteryVoltage=3702,batteryTemperature=310,batteryFullCharge=5265000,batteryChargeCounter=1160000,batteryTechnology=Li-ion,batteryCapacityLevel=3=NORMAL,chargerDockOnline=false}, mBatteryLevelCritical=false, mPlugType=0, mLastPlugType=0
01-15 23:47:28.227  2913  5134 I BatteryService: check conditions changed
01-15 23:47:28.232  2913  4841 D HwBatteryService: charge line pull out, try to cancel non_standard charge line notification
01-15 23:47:28.232  2913  4841 I BatteryService: Processing new values: info={chargerAcOnline=false,chargerUsbOnline=false,chargerWirelessOnline=false,maxChargingCurrent=0,maxChargingVoltage=0,batteryStatus=3=DISCHARGING,batteryHealth=2=GOOD,batteryPresent=true,batteryLevel=18,batteryVoltage=3702,batteryTemperature=310,batteryFullCharge=5265000,batteryChargeCounter=1160000,batteryTechnology=Li-ion,batteryCapacityLevel=3=NORMAL,chargerDockOnline=false}, mBatteryLevelCritical=false, mPlugType=0, mLastPlugType=0
01-15 23:47:28.232  2913  4841 I BatteryService: check conditions changed
01-15 23:47:28.238  2913  5134 D HwBatteryService: charge line pull out, try to cancel non_standard charge line notification
01-15 23:47:28.238  2913  5134 I BatteryService: Processing new values: info={chargerAcOnline=false,chargerUsbOnline=false,chargerWirelessOnline=false,maxChargingCurrent=0,maxChargingVoltage=0,batteryStatus=3=DISCHARGING,batteryHealth=2=GOOD,batteryPresent=true,batteryLevel=18,batteryVoltage=3702,batteryTemperature=310,batteryFullCharge=5265000,batteryChargeCounter=1160000,batteryTechnology=Li-ion,batteryCapacityLevel=3=NORMAL,chargerDockOnline=false}, mBatteryLevelCritical=false, mPlugType=0, mLastPlugType=0
01-15 23:47:28.238  2913  5134 I BatteryService: check conditions changed
01-15 23:47:28.243  2913  4841 D HwBatteryService: charge line pull out, try to cancel non_standard charge line notification
01-15 23:47:28.243  2913  4841 I BatteryService: Processing new values: info={chargerAcOnline=false,chargerUsbOnline=false,chargerWirelessOnline=false,maxChargingCurrent=0,maxChargingVoltage=0,batteryStatus=3=DISCHARGING,batteryHealth=2=GOOD,batteryPresent=true,batteryLevel=18,batteryVoltage=3702,batteryTemperature=310,batteryFullCharge=5265000,batteryChargeCounter=1160000,batteryTechnology=Li-ion,batteryCapacityLevel=3=NORMAL,chargerDockOnline=false}, mBatteryLevelCritical=false, mPlugType=0, mLastPlugType=0
01-15 23:47:28.243  2913  4841 I BatteryService: check conditions changed
01-15 23:47:29.341  2913  3697 I HwBatteryService: power_ui state= 0 mQuickChargeStatus=0
01-15 23:47:29.341  2913  3697 I HwBatteryService: handleWirelessTxStatus
01-15 23:47:29.341  2913  3697 I HwBatteryService: switch not open, return, mWirelessTxFlag : 0
01-15 23:47:29.343  2913  3697 I HwBatteryService: power_ui state= 0 mQuickChargeStatus=0
01-15 23:47:29.343  2913  3697 I HwBatteryService: handleWirelessTxStatus
01-15 23:47:29.343  2913  3697 I HwBatteryService: switch not open, return, mWirelessTxFlag : 0
01-15 23:47:29.347  2913  5134 D HwBatteryService: charge line pull out, try to cancel non_standard charge line notification
01-15 23:47:29.347  2913  5134 I BatteryService: Processing new values: info={chargerAcOnline=false,chargerUsbOnline=false,chargerWirelessOnline=false,maxChargingCurrent=0,maxChargingVoltage=0,batteryStatus=3=DISCHARGING,batteryHealth=2=GOOD,batteryPresent=true,batteryLevel=18,batteryVoltage=3702,batteryTemperature=310,batteryFullCharge=5265000,batteryChargeCounter=1160000,batteryTechnology=Li-ion,batteryCapacityLevel=3=NORMAL,chargerDockOnline=false}, mBatteryLevelCritical=false, mPlugType=0, mLastPlugType=0
01-15 23:47:29.347  2913  5134 I BatteryService: check conditions changed
01-15 23:47:29.352  2913  5134 D HwBatteryService: charge line pull out, try to cancel non_standard charge line notification
01-15 23:47:29.352  2913  5134 I BatteryService: Processing new values: info={chargerAcOnline=false,chargerUsbOnline=false,chargerWirelessOnline=false,maxChargingCurrent=0,maxChargingVoltage=0,batteryStatus=3=DISCHARGING,batteryHealth=2=GOOD,batteryPresent=true,batteryLevel=18,batteryVoltage=3702,batteryTemperature=310,batteryFullCharge=5265000,batteryChargeCounter=1160000,batteryTechnology=Li-ion,batteryCapacityLevel=3=NORMAL,chargerDockOnline=false}, mBatteryLevelCritical=false, mPlugType=0, mLastPlugType=0
01-15 23:47:29.352  2913  5134 I BatteryService: check conditions changed
01-15 23:47:29.358  2913  5134 D HwBatteryService: charge line pull out, try to cancel non_standard charge line notification
01-15 23:47:29.358  2913  5134 I BatteryService: Processing new values: info={chargerAcOnline=false,chargerUsbOnline=false,chargerWirelessOnline=false,maxChargingCurrent=0,maxChargingVoltage=0,batteryStatus=3=DISCHARGING,batteryHealth=2=GOOD,batteryPresent=true,batteryLevel=18,batteryVoltage=3702,batteryTemperature=310,batteryFullCharge=5265000,batteryChargeCounter=1160000,batteryTechnology=Li-ion,batteryCapacityLevel=3=NORMAL,chargerDockOnline=false}, mBatteryLevelCritical=false, mPlugType=0, mLastPlugType=0
01-15 23:47:29.358  2913  5134 I BatteryService: check conditions changed
01-15 23:47:29.364  2913  5134 D HwBatteryService: charge line pull out, try to cancel non_standard charge line notification
01-15 23:47:29.364  2913  5134 I BatteryService: Processing new values: info={chargerAcOnline=false,chargerUsbOnline=false,chargerWirelessOnline=false,maxChargingCurrent=0,maxChargingVoltage=0,batteryStatus=3=DISCHARGING,batteryHealth=2=GOOD,batteryPresent=true,batteryLevel=18,batteryVoltage=3702,batteryTemperature=310,batteryFullCharge=5265000,batteryChargeCounter=1160000,batteryTechnology=Li-ion,batteryCapacityLevel=3=NORMAL,chargerDockOnline=false}, mBatteryLevelCritical=false, mPlugType=0, mLastPlugType=0
01-15 23:47:29.364  2913  5134 I BatteryService: check conditions changed
01-15 23:47:30.479  2913  3697 I HwBatteryService: power_ui state= 0 mQuickChargeStatus=0
01-15 23:47:30.479  2913  3697 I HwBatteryService: handleWirelessTxStatus
01-15 23:47:30.479  2913  3697 I HwBatteryService: switch not open, return, mWirelessTxFlag : 0
01-15 23:47:30.479  2913  3697 I HwBatteryService: power_ui state= 0 mQuickChargeStatus=0
01-15 23:47:30.479  2913  3697 I HwBatteryService: handleWirelessTxStatus
01-15 23:47:30.479  2913  3697 I HwBatteryService: switch not open, return, mWirelessTxFlag : 0
01-15 23:47:30.481  2913  4841 D HwBatteryService: charge line pull out, try to cancel non_standard charge line notification
01-15 23:47:30.481  2913  4841 I BatteryService: Processing new values: info={chargerAcOnline=false,chargerUsbOnline=false,chargerWirelessOnline=false,maxChargingCurrent=0,maxChargingVoltage=0,batteryStatus=3=DISCHARGING,batteryHealth=2=GOOD,batteryPresent=true,batteryLevel=18,batteryVoltage=3702,batteryTemperature=310,batteryFullCharge=5265000,batteryChargeCounter=1160000,batteryTechnology=Li-ion,batteryCapacityLevel=3=NORMAL,chargerDockOnline=false}, mBatteryLevelCritical=false, mPlugType=0, mLastPlugType=0
01-15 23:47:30.481  2913  4841 I BatteryService: check conditions changed
01-15 23:47:30.486  2913  4841 D HwBatteryService: charge line pull out, try to cancel non_standard charge line notification
01-15 23:47:30.486  2913  4841 I BatteryService: Processing new values: info={chargerAcOnline=false,chargerUsbOnline=false,chargerWirelessOnline=false,maxChargingCurrent=0,maxChargingVoltage=0,batteryStatus=3=DISCHARGING,batteryHealth=2=GOOD,batteryPresent=true,batteryLevel=18,batteryVoltage=3702,batteryTemperature=310,batteryFullCharge=5265000,batteryChargeCounter=1160000,batteryTechnology=Li-ion,batteryCapacityLevel=3=NORMAL,chargerDockOnline=false}, mBatteryLevelCritical=false, mPlugType=0, mLastPlugType=0
01-15 23:47:30.486  2913  4841 I BatteryService: check conditions changed
01-15 23:47:30.491  2913  4841 D HwBatteryService: charge line pull out, try to cancel non_standard charge line notification
01-15 23:47:30.491  2913  4841 I BatteryService: Processing new values: info={chargerAcOnline=false,chargerUsbOnline=false,chargerWirelessOnline=false,maxChargingCurrent=0,maxChargingVoltage=0,batteryStatus=3=DISCHARGING,batteryHealth=2=GOOD,batteryPresent=true,batteryLevel=18,batteryVoltage=3702,batteryTemperature=310,batteryFullCharge=5265000,batteryChargeCounter=1160000,batteryTechnology=Li-ion,batteryCapacityLevel=3=NORMAL,chargerDockOnline=false}, mBatteryLevelCritical=false, mPlugType=0, mLastPlugType=0
01-15 23:47:30.491  2913  4841 I BatteryService: check conditions changed
01-15 23:47:30.497  2913  4841 D HwBatteryService: charge line pull out, try to cancel non_standard charge line notification
01-15 23:47:30.497  2913  4841 I BatteryService: Processing new values: info={chargerAcOnline=false,chargerUsbOnline=false,chargerWirelessOnline=false,maxChargingCurrent=0,maxChargingVoltage=0,batteryStatus=3=DISCHARGING,batteryHealth=2=GOOD,batteryPresent=true,batteryLevel=18,batteryVoltage=3702,batteryTemperature=310,batteryFullCharge=5265000,batteryChargeCounter=1160000,batteryTechnology=Li-ion,batteryCapacityLevel=3=NORMAL,chargerDockOnline=false}, mBatteryLevelCritical=false, mPlugType=0, mLastPlugType=0
01-15 23:47:30.497  2913  4841 I BatteryService: check conditions changed
01-15 23:47:32.031  2913  3932 D DeviceStorageMonitorService: Start to check the low storage threshold
01-15 23:47:32.032  2913  3932 I DeviceStorageMonitorService: totalBytes:490687430656; usableBytes: 308449972224
01-15 23:47:32.032  2913  3932 D DeviceStorageMonitorService: updateNotifications  oldLevel:0,newLevel0
01-15 23:47:32.066  2913  3697 I HwBatteryService: power_ui state= 0 mQuickChargeStatus=0
01-15 23:47:32.066  2913  3697 I HwBatteryService: handleWirelessTxStatus
01-15 23:47:32.066  2913  3697 I HwBatteryService: switch not open, return, mWirelessTxFlag : 0
01-15 23:47:32.071  2913  3697 I HwBatteryService: power_ui state= 0 mQuickChargeStatus=0
01-15 23:47:32.071  2913  3697 I HwBatteryService: handleWirelessTxStatus
01-15 23:47:32.071  2913  3697 I HwBatteryService: switch not open, return, mWirelessTxFlag : 0
01-15 23:47:32.080  2913  4841 D HwBatteryService: charge line pull out, try to cancel non_standard charge line notification
01-15 23:47:32.080  2913  4841 I BatteryService: Processing new values: info={chargerAcOnline=false,chargerUsbOnline=false,chargerWirelessOnline=false,maxChargingCurrent=0,maxChargingVoltage=0,batteryStatus=3=DISCHARGING,batteryHealth=2=GOOD,batteryPresent=true,batteryLevel=18,batteryVoltage=3702,batteryTemperature=310,batteryFullCharge=5265000,batteryChargeCounter=1160000,batteryTechnology=Li-ion,batteryCapacityLevel=3=NORMAL,chargerDockOnline=false}, mBatteryLevelCritical=false, mPlugType=0, mLastPlugType=0
01-15 23:47:32.081  2913  4841 I BatteryService: check conditions changed
01-15 23:47:32.085  2913  4838 D HwBatteryService: charge line pull out, try to cancel non_standard charge line notification
01-15 23:47:32.085  2913  4838 I BatteryService: Processing new values: info={chargerAcOnline=false,chargerUsbOnline=false,chargerWirelessOnline=false,maxChargingCurrent=0,maxChargingVoltage=0,batteryStatus=3=DISCHARGING,batteryHealth=2=GOOD,batteryPresent=true,batteryLevel=18,batteryVoltage=3702,batteryTemperature=310,batteryFullCharge=5265000,batteryChargeCounter=1160000,batteryTechnology=Li-ion,batteryCapacityLevel=3=NORMAL,chargerDockOnline=false}, mBatteryLevelCritical=false, mPlugType=0, mLastPlugType=0
01-15 23:47:32.085  2913  4838 I BatteryService: check conditions changed
01-15 23:47:32.090  2913  4838 D HwBatteryService: charge line pull out, try to cancel non_standard charge line notification
01-15 23:47:32.090  2913  4838 I BatteryService: Processing new values: info={chargerAcOnline=false,chargerUsbOnline=false,chargerWirelessOnline=false,maxChargingCurrent=0,maxChargingVoltage=0,batteryStatus=3=DISCHARGING,batteryHealth=2=GOOD,batteryPresent=true,batteryLevel=18,batteryVoltage=3702,batteryTemperature=310,batteryFullCharge=5265000,batteryChargeCounter=1160000,batteryTechnology=Li-ion,batteryCapacityLevel=3=NORMAL,chargerDockOnline=false}, mBatteryLevelCritical=false, mPlugType=0, mLastPlugType=0
01-15 23:47:32.091  2913  4838 I BatteryService: check conditions changed
01-15 23:47:32.096  2913  4841 D HwBatteryService: charge line pull out, try to cancel non_standard charge line notification
