01-15 23:49:07.676  2913  4841 I BatteryService: Processing new values: info={chargerAcOnline=false,chargerUsbOnline=false,chargerWirelessOnline=false,maxChargingCurrent=0,maxChargingVoltage=0,batteryStatus=3=DISCHARGING,batteryHealth=2=GOOD,batteryPresent=true,batteryLevel=18,batteryVoltage=3701,batteryTemperature=310,batteryFullCharge=5265000,batteryChargeCounter=1160000,batteryTechnology=Li-ion,batteryCapacityLevel=3=NORMAL,chargerDockOnline=false}, mBatteryLevelCritical=false, mPlugType=0, mLastPlugType=0
01-15 23:49:07.676  2913  4841 I BatteryService: check conditions changed
01-15 23:49:07.681  2913  4841 D HwBatteryService: charge line pull out, try to cancel non_standard charge line notification
01-15 23:49:07.681  2913  4841 I BatteryService: Processing new values: info={chargerAcOnline=false,chargerUsbOnline=false,chargerWirelessOnline=false,maxChargingCurrent=0,maxChargingVoltage=0,batteryStatus=3=DISCHARGING,batteryHealth=2=GOOD,batteryPresent=true,batteryLevel=18,batteryVoltage=3701,batteryTemperature=310,batteryFullCharge=5265000,batteryChargeCounter=1160000,batteryTechnology=Li-ion,batteryCapacityLevel=3=NORMAL,chargerDockOnline=false}, mBatteryLevelCritical=false, mPlugType=0, mLastPlugType=0
01-15 23:49:07.681  2913  4841 I BatteryService: check conditions changed
01-15 23:49:09.202  2913  2982 I AppEyeFwkBlock: do monitor
01-15 23:49:09.244  2913  3697 I HwBatteryService: power_ui state= 0 mQuickChargeStatus=0
01-15 23:49:09.245  2913  3697 I HwBatteryService: handleWirelessTxStatus
01-15 23:49:09.245  2913  3697 I HwBatteryService: switch not open, return, mWirelessTxFlag : 0
01-15 23:49:09.248  2913  3697 I HwBatteryService: power_ui state= 0 mQuickChargeStatus=0
01-15 23:49:09.248  2913  3697 I HwBatteryService: handleWirelessTxStatus
01-15 23:49:09.248  2913  3697 I HwBatteryService: switch not open, return, mWirelessTxFlag : 0
01-15 23:49:09.253  2913  4841 D HwBatteryService: charge line pull out, try to cancel non_standard charge line notification
01-15 23:49:09.253  2913  4841 I BatteryService: Processing new values: info={chargerAcOnline=false,chargerUsbOnline=false,chargerWirelessOnline=false,maxChargingCurrent=0,maxChargingVoltage=0,batteryStatus=3=DISCHARGING,batteryHealth=2=GOOD,batteryPresent=true,batteryLevel=18,batteryVoltage=3702,batteryTemperature=310,batteryFullCharge=5265000,batteryChargeCounter=1160000,batteryTechnology=Li-ion,batteryCapacityLevel=3=NORMAL,chargerDockOnline=false}, mBatteryLevelCritical=false, mPlugType=0, mLastPlugType=0
01-15 23:49:09.253  2913  4841 I BatteryService: check conditions changed
01-15 23:49:09.258  2913  4841 D HwBatteryService: charge line pull out, try to cancel non_standard charge line notification
01-15 23:49:09.258  2913  4841 I BatteryService: Processing new values: info={chargerAcOnline=false,chargerUsbOnline=false,chargerWirelessOnline=false,maxChargingCurrent=0,maxChargingVoltage=0,batteryStatus=3=DISCHARGING,batteryHealth=2=GOOD,batteryPresent=true,batteryLevel=18,batteryVoltage=3702,batteryTemperature=310,batteryFullCharge=5265000,batteryChargeCounter=1160000,batteryTechnology=Li-ion,batteryCapacityLevel=3=NORMAL,chargerDockOnline=false}, mBatteryLevelCritical=false, mPlugType=0, mLastPlugType=0
01-15 23:49:09.258  2913  4841 I BatteryService: check conditions changed
01-15 23:49:09.263  2913  4841 D HwBatteryService: charge line pull out, try to cancel non_standard charge line notification
01-15 23:49:09.263  2913  4841 I BatteryService: Processing new values: info={chargerAcOnline=false,chargerUsbOnline=false,chargerWirelessOnline=false,maxChargingCurrent=0,maxChargingVoltage=0,batteryStatus=3=DISCHARGING,batteryHealth=2=GOOD,batteryPresent=true,batteryLevel=18,batteryVoltage=3702,batteryTemperature=310,batteryFullCharge=5265000,batteryChargeCounter=1160000,batteryTechnology=Li-ion,batteryCapacityLevel=3=NORMAL,chargerDockOnline=false}, mBatteryLevelCritical=false, mPlugType=0, mLastPlugType=0
01-15 23:49:09.263  2913  4841 I BatteryService: check conditions changed
01-15 23:49:09.268  2913  4841 D HwBatteryService: charge line pull out, try to cancel non_standard charge line notification
01-15 23:49:09.268  2913  4841 I BatteryService: Processing new values: info={chargerAcOnline=false,chargerUsbOnline=false,chargerWirelessOnline=false,maxChargingCurrent=0,maxChargingVoltage=0,batteryStatus=3=DISCHARGING,batteryHealth=2=GOOD,batteryPresent=true,batteryLevel=18,batteryVoltage=3702,batteryTemperature=310,batteryFullCharge=5265000,batteryChargeCounter=1160000,batteryTechnology=Li-ion,batteryCapacityLevel=3=NORMAL,chargerDockOnline=false}, mBatteryLevelCritical=false, mPlugType=0, mLastPlugType=0
01-15 23:49:09.268  2913  4841 I BatteryService: check conditions changed
01-15 23:49:10.414  2913  3697 I HwBatteryService: power_ui state= 0 mQuickChargeStatus=0
01-15 23:49:10.414  2913  3697 I HwBatteryService: handleWirelessTxStatus
01-15 23:49:10.414  2913  3697 I HwBatteryService: switch not open, return, mWirelessTxFlag : 0
01-15 23:49:10.417  2913  3697 I HwBatteryService: power_ui state= 0 mQuickChargeStatus=0
01-15 23:49:10.417  2913  3697 I HwBatteryService: handleWirelessTxStatus
01-15 23:49:10.417  2913  3697 I HwBatteryService: switch not open, return, mWirelessTxFlag : 0
01-15 23:49:10.421  2913  4642 D HwBatteryService: charge line pull out, try to cancel non_standard charge line notification
01-15 23:49:10.421  2913  4642 I BatteryService: Processing new values: info={chargerAcOnline=false,chargerUsbOnline=false,chargerWirelessOnline=false,maxChargingCurrent=0,maxChargingVoltage=0,batteryStatus=3=DISCHARGING,batteryHealth=2=GOOD,batteryPresent=true,batteryLevel=18,batteryVoltage=3700,batteryTemperature=310,batteryFullCharge=5265000,batteryChargeCounter=1160000,batteryTechnology=Li-ion,batteryCapacityLevel=3=NORMAL,chargerDockOnline=false}, mBatteryLevelCritical=false, mPlugType=0, mLastPlugType=0
01-15 23:49:10.421  2913  4642 I BatteryService: check conditions changed
01-15 23:49:10.425  2913  4841 D HwBatteryService: charge line pull out, try to cancel non_standard charge line notification
01-15 23:49:10.426  2913  4841 I BatteryService: Processing new values: info={chargerAcOnline=false,chargerUsbOnline=false,chargerWirelessOnline=false,maxChargingCurrent=0,maxChargingVoltage=0,batteryStatus=3=DISCHARGING,batteryHealth=2=GOOD,batteryPresent=true,batteryLevel=18,batteryVoltage=3700,batteryTemperature=310,batteryFullCharge=5265000,batteryChargeCounter=1160000,batteryTechnology=Li-ion,batteryCapacityLevel=3=NORMAL,chargerDockOnline=false}, mBatteryLevelCritical=false, mPlugType=0, mLastPlugType=0
01-15 23:49:10.426  2913  4841 I BatteryService: check conditions changed
01-15 23:49:10.432  2913  4841 D HwBatteryService: charge line pull out, try to cancel non_standard charge line notification
01-15 23:49:10.432  2913  4841 I BatteryService: Processing new values: info={chargerAcOnline=false,chargerUsbOnline=false,chargerWirelessOnline=false,maxChargingCurrent=0,maxChargingVoltage=0,batteryStatus=3=DISCHARGING,batteryHealth=2=GOOD,batteryPresent=true,batteryLevel=18,batteryVoltage=3700,batteryTemperature=310,batteryFullCharge=5265000,batteryChargeCounter=1160000,batteryTechnology=Li-ion,batteryCapacityLevel=3=NORMAL,chargerDockOnline=false}, mBatteryLevelCritical=false, mPlugType=0, mLastPlugType=0
01-15 23:49:10.432  2913  4841 I BatteryService: check conditions changed
01-15 23:49:10.438  2913  4841 D HwBatteryService: charge line pull out, try to cancel non_standard charge line notification
01-15 23:49:10.438  2913  4841 I BatteryService: Processing new values: info={chargerAcOnline=false,chargerUsbOnline=false,chargerWirelessOnline=false,maxChargingCurrent=0,maxChargingVoltage=0,batteryStatus=3=DISCHARGING,batteryHealth=2=GOOD,batteryPresent=true,batteryLevel=18,batteryVoltage=3700,batteryTemperature=310,batteryFullCharge=5265000,batteryChargeCounter=1160000,batteryTechnology=Li-ion,batteryCapacityLevel=3=NORMAL,chargerDockOnline=false}, mBatteryLevelCritical=false, mPlugType=0, mLastPlugType=0
01-15 23:49:10.438  2913  4841 I BatteryService: check conditions changed
01-15 23:49:10.910  2913  4642 D OomAdjuster: Not killing cached processes
01-15 23:49:12.061  2913  3697 I HwBatteryService: power_ui state= 0 mQuickChargeStatus=0
01-15 23:49:12.061  2913  3697 I HwBatteryService: handleWirelessTxStatus
01-15 23:49:12.061  2913  3697 I HwBatteryService: switch not open, return, mWirelessTxFlag : 0
01-15 23:49:12.070  2913  3697 I HwBatteryService: power_ui state= 0 mQuickChargeStatus=0
01-15 23:49:12.070  2913  3697 I HwBatteryService: handleWirelessTxStatus
01-15 23:49:12.070  2913  3697 I HwBatteryService: switch not open, return, mWirelessTxFlag : 0
01-15 23:49:12.076  2913  4642 D HwBatteryService: charge line pull out, try to cancel non_standard charge line notification
01-15 23:49:12.076  2913  4642 I BatteryService: Processing new values: info={chargerAcOnline=false,chargerUsbOnline=false,chargerWirelessOnline=false,maxChargingCurrent=0,maxChargingVoltage=0,batteryStatus=3=DISCHARGING,batteryHealth=2=GOOD,batteryPresent=true,batteryLevel=18,batteryVoltage=3687,batteryTemperature=310,batteryFullCharge=5265000,batteryChargeCounter=1160000,batteryTechnology=Li-ion,batteryCapacityLevel=3=NORMAL,chargerDockOnline=false}, mBatteryLevelCritical=false, mPlugType=0, mLastPlugType=0
01-15 23:49:12.076  2913  4642 I BatteryService: check conditions changed
01-15 23:49:12.081  2913  4642 D HwBatteryService: charge line pull out, try to cancel non_standard charge line notification
01-15 23:49:12.081  2913  4642 I BatteryService: Processing new values: info={chargerAcOnline=false,chargerUsbOnline=false,chargerWirelessOnline=false,maxChargingCurrent=0,maxChargingVoltage=0,batteryStatus=3=DISCHARGING,batteryHealth=2=GOOD,batteryPresent=true,batteryLevel=18,batteryVoltage=3687,batteryTemperature=310,batteryFullCharge=5265000,batteryChargeCounter=1160000,batteryTechnology=Li-ion,batteryCapacityLevel=3=NORMAL,chargerDockOnline=false}, mBatteryLevelCritical=false, mPlugType=0, mLastPlugType=0
01-15 23:49:12.081  2913  4642 I BatteryService: check conditions changed
01-15 23:49:12.085  2913  4919 D HwBatteryService: charge line pull out, try to cancel non_standard charge line notification
01-15 23:49:12.085  2913  4919 I BatteryService: Processing new values: info={chargerAcOnline=false,chargerUsbOnline=false,chargerWirelessOnline=false,maxChargingCurrent=0,maxChargingVoltage=0,batteryStatus=3=DISCHARGING,batteryHealth=2=GOOD,batteryPresent=true,batteryLevel=18,batteryVoltage=3687,batteryTemperature=310,batteryFullCharge=5265000,batteryChargeCounter=1160000,batteryTechnology=Li-ion,batteryCapacityLevel=3=NORMAL,chargerDockOnline=false}, mBatteryLevelCritical=false, mPlugType=0, mLastPlugType=0
01-15 23:49:12.085  2913  4919 I BatteryService: check conditions changed
01-15 23:49:12.089  2913  4919 D HwBatteryService: charge line pull out, try to cancel non_standard charge line notification
01-15 23:49:12.089  2913  4919 I BatteryService: Processing new values: info={chargerAcOnline=false,chargerUsbOnline=false,chargerWirelessOnline=false,maxChargingCurrent=0,maxChargingVoltage=0,batteryStatus=3=DISCHARGING,batteryHealth=2=GOOD,batteryPresent=true,batteryLevel=18,batteryVoltage=3687,batteryTemperature=310,batteryFullCharge=5265000,batteryChargeCounter=1160000,batteryTechnology=Li-ion,batteryCapacityLevel=3=NORMAL,chargerDockOnline=false}, mBatteryLevelCritical=false, mPlugType=0, mLastPlugType=0
01-15 23:49:12.089  2913  4919 I BatteryService: check conditions changed
01-15 23:49:12.098  2913  3725 I ActivityManager: sendIntentSender target:PendingIntentRecord{8b4f87a com.tencent.mm broadcastIntent}, intent:flg=0x4 hwFlg=0x110
01-15 23:49:12.101  2913  4919 I PowerManagerService: wakeLock.mDisabled:false, mDeviceIdleMode:false, mProcState:0
01-15 23:49:12.102  2913  4919 I PowerManagerService: need acquire WakeLockSuspendBlocker
01-15 23:49:12.102  2913  4919 I PowerManagerService: Acquiring suspend blocker "PowerManagerService.WakeLocks".
01-15 23:49:12.109  2913  4054 I SWAP_SCENE: Entering notifySceneData notifySceneData. EventType:UNFREEZE para:com.tencent.mm
01-15 23:49:12.110  2913  4841 I PowerManagerService: need release WakeLockSuspendBlocker
01-15 23:49:12.110  2913  4841 I PowerManagerService: Releasing suspend blocker "PowerManagerService.WakeLocks".
01-15 23:49:12.111  2913  5651 I SWAP_GkiKernelInterface: set score to 300 for pkg com.tencent.mm groupId 113, success
01-15 23:49:12.111  2913  5651 I SWAP_AppScore: adjustSwapRatio:pkg:com.tencent.mm
01-15 23:49:12.111  2913  5651 I SWAP_AppScore: getSwapRatioForFastSetApp pkg:com.tencent.mm Ratio:0
01-15 23:49:12.111  2913  5651 I SWAP_AppScore: adjustSwapRatio:fastSetAppMap:swapratio0 pkgName:com.tencent.mm
01-15 23:49:12.111  2913  5651 I SWAP_AppScore: ParaConfig have no swapIndex parameters
01-15 23:49:12.111  2913  5651 I SWAP_AppScore: final ratio info: pkgName:com.tencent.mm, reclaime ratio:60, swap ratio:0
01-15 23:49:12.112  2913  5651 I SWAP_AppScore: setScoreAndRatioLive::pkgName:com.tencent.mm score:300 write r-Ratio:60 s-Ratio: 0 refault:50
01-15 23:49:12.112  2913  5504 D SWAP_GkiKernelInterface: writeRatioNew success, pkgName = com.tencent.mm, memZramRatio = 18, zramEswapRatio = 0, reclaimRefault = 50
01-15 23:49:12.112  2913  5504 I SWAP_AppScore: finish msg processing!
01-15 23:49:12.112  2913  4919 I BroadcastProcessQueue: set defer by Haware, proceName: com.tencent.mm r.state: 6 r: BroadcastRecord{f111e4f ALARM_ACTION(10000)/u0} queueState: false|true|false|false reason: PGProxyApply
01-15 23:49:12.112  2913  4919 I BroadcastProcessQueue: set defer by Haware, proceName: com.tencent.mm:push r.state: 6 r: BroadcastRecord{f111e4f ALARM_ACTION(10000)/u0} queueState: false|true|false|false reason: PGProxyApply
01-15 23:49:12.117  2913  4919 I PowerManagerService: wakeLock.mDisabled:false, mDeviceIdleMode:false, mProcState:0
01-15 23:49:12.117  2913  4919 I PowerManagerService: need acquire WakeLockSuspendBlocker
01-15 23:49:12.117  2913  4919 I PowerManagerService: Acquiring suspend blocker "PowerManagerService.WakeLocks".
01-15 23:49:12.128  2913  4919 I PowerManagerService: need release WakeLockSuspendBlocker
01-15 23:49:12.128  2913  4919 I PowerManagerService: Releasing suspend blocker "PowerManagerService.WakeLocks".
01-15 23:49:12.135  2913  3654 I PowerManagerService: wakeLock.mDisabled:false, mDeviceIdleMode:false, mProcState:10
01-15 23:49:12.135  2913  3654 I PowerManagerService: need acquire WakeLockSuspendBlocker
01-15 23:49:12.135  2913  3654 I PowerManagerService: Acquiring suspend blocker "PowerManagerService.WakeLocks".
01-15 23:49:12.137  2913  3654 I PowerManagerService: wakeLock.mDisabled:false, mDeviceIdleMode:false, mProcState:10
01-15 23:49:12.139  2913  4841 I PowerManagerService: wakeLock.mDisabled:false, mDeviceIdleMode:false, mProcState:10
01-15 23:49:12.140  2913  4838 I PowerManagerService: wakeLock.mDisabled:false, mDeviceIdleMode:false, mProcState:10
01-15 23:49:12.176  2913  4054 I PowerManagerService: wakeLock.mDisabled:false, mDeviceIdleMode:false, mProcState:10
01-15 23:49:12.182  2913  4919 I PowerManagerService: wakeLock.mDisabled:false, mDeviceIdleMode:false, mProcState:10
01-15 23:49:12.182  2913  4919 W ProcBatteryStats: timer is running , not start, name: com.tencent.mm, uid: 10426, tag: PlatformComm
01-15 23:49:12.188  2913  4919 I PowerManagerService: wakeLock.mDisabled:false, mDeviceIdleMode:false, mProcState:10
01-15 23:49:12.237  2913  4054 I PowerManagerService: wakeLock.mDisabled:false, mDeviceIdleMode:false, mProcState:10
01-15 23:49:12.241  2913  4054 I PowerManagerService: wakeLock.mDisabled:false, mDeviceIdleMode:false, mProcState:10
01-15 23:49:12.248  2913  4054 I PowerManagerService: wakeLock.mDisabled:false, mDeviceIdleMode:false, mProcState:10
01-15 23:49:12.248  2913  4054 W ProcBatteryStats: timer is running , not start, name: com.tencent.mm, uid: 10426, tag: PlatformComm
01-15 23:49:12.253  2913  4054 I PowerManagerService: wakeLock.mDisabled:false, mDeviceIdleMode:false, mProcState:10
01-15 23:49:12.255  2913  4054 W ProcBatteryStats: timer is not running , not stop, name: com.tencent.mm, uid: 10426, tag: PlatformComm
01-15 23:49:12.256  2913  4054 I PowerManagerService: wakeLock.mDisabled:false, mDeviceIdleMode:false, mProcState:10
01-15 23:49:13.193  2913  4054 I PowerManagerService: wakeLock.mDisabled:false, mDeviceIdleMode:false, mProcState:10
01-15 23:49:13.195  2913  4919 W ProcBatteryStats: timer is not running , not stop, name: com.tencent.mm, uid: 10426, tag: PlatformComm
01-15 23:49:13.198  2913  4838 I PowerManagerService: wakeLock.mDisabled:false, mDeviceIdleMode:false, mProcState:10
01-15 23:49:13.251  2913  4838 I PowerManagerService: need release WakeLockSuspendBlocker
01-15 23:49:13.251  2913  4838 I PowerManagerService: Releasing suspend blocker "PowerManagerService.WakeLocks".
01-15 23:49:14.015  2913  4054 I UsageStatsService: queryEvents beginTime : 1768513404339 endTime : 1768517354014 callingPackage : com.burockgames.timeclocker
01-15 23:49:14.015  2913  4054 D UsageStatsService: User[0] SELECT * FROM 0 WHERE beginTime >= 1768513404339 AND endTime < 1768517354014
01-15 23:49:14.015  2913  4054 D UsageStatsService: Got 0 results from disk
01-15 23:49:14.015  2913  4054 D UsageStatsService: Current stats beginTime=1768431600000 endTime=1768517345495
01-15 23:49:14.016  2913  4054 I UsageStatsService: User[0] Results: 794
01-15 23:49:15.420  2913  3697 I HwBatteryService: power_ui state= 0 mQuickChargeStatus=0
01-15 23:49:15.420  2913  3697 I HwBatteryService: handleWirelessTxStatus
01-15 23:49:15.420  2913  3697 I HwBatteryService: switch not open, return, mWirelessTxFlag : 0
01-15 23:49:15.420  2913  4054 I AlarmManager: remove alarm reason:0 alarms:[Alarm{fafc20c type 2 origWhen 5400000 whenElapsed 5400000 android android procName system}]
01-15 23:49:15.420  2913  4054 I JobScheduler.Time: realNextJobExpiredElapsedMillis: 7500000mNextJobExpiredElapsedMillis7216201
01-15 23:49:15.422  2913  3703 I AlarmManager: remove alarm reason:0 alarms:[Alarm{145e56a type 2 origWhen 7500000 whenElapsed 7500000 android android procName system}]
01-15 23:49:15.422  2913  3703 I JobScheduler.Time: realNextJobExpiredElapsedMillis: 5400000mNextJobExpiredElapsedMillis5195110
01-15 23:49:15.433  2913  3697 I HwBatteryService: power_ui state= 0 mQuickChargeStatus=0
01-15 23:49:15.433  2913  3697 I HwBatteryService: handleWirelessTxStatus
01-15 23:49:15.433  2913  3697 I HwBatteryService: switch not open, return, mWirelessTxFlag : 0
01-15 23:49:15.437  2913  4054 D HwBatteryService: charge line pull out, try to cancel non_standard charge line notification
01-15 23:49:15.437  2913  4054 I BatteryService: Processing new values: info={chargerAcOnline=false,chargerUsbOnline=false,chargerWirelessOnline=false,maxChargingCurrent=0,maxChargingVoltage=0,batteryStatus=3=DISCHARGING,batteryHealth=2=GOOD,batteryPresent=true,batteryLevel=18,batteryVoltage=3701,batteryTemperature=310,batteryFullCharge=5265000,batteryChargeCounter=1160000,batteryTechnology=Li-ion,batteryCapacityLevel=3=NORMAL,chargerDockOnline=false}, mBatteryLevelCritical=false, mPlugType=0, mLastPlugType=0
01-15 23:49:15.438  2913  4054 I BatteryService: check conditions changed
01-15 23:49:15.443  2913  4054 D HwBatteryService: charge line pull out, try to cancel non_standard charge line notification
01-15 23:49:15.443  2913  4054 I BatteryService: Processing new values: info={chargerAcOnline=false,chargerUsbOnline=false,chargerWirelessOnline=false,maxChargingCurrent=0,maxChargingVoltage=0,batteryStatus=3=DISCHARGING,batteryHealth=2=GOOD,batteryPresent=true,batteryLevel=18,batteryVoltage=3701,batteryTemperature=310,batteryFullCharge=5265000,batteryChargeCounter=1160000,batteryTechnology=Li-ion,batteryCapacityLevel=3=NORMAL,chargerDockOnline=false}, mBatteryLevelCritical=false, mPlugType=0, mLastPlugType=0
01-15 23:49:15.443  2913  4054 I BatteryService: check conditions changed
01-15 23:49:15.449  2913  4054 D HwBatteryService: charge line pull out, try to cancel non_standard charge line notification
01-15 23:49:15.449  2913  4054 I BatteryService: Processing new values: info={chargerAcOnline=false,chargerUsbOnline=false,chargerWirelessOnline=false,maxChargingCurrent=0,maxChargingVoltage=0,batteryStatus=3=DISCHARGING,batteryHealth=2=GOOD,batteryPresent=true,batteryLevel=18,batteryVoltage=3701,batteryTemperature=310,batteryFullCharge=5265000,batteryChargeCounter=1160000,batteryTechnology=Li-ion,batteryCapacityLevel=3=NORMAL,chargerDockOnline=false}, mBatteryLevelCritical=false, mPlugType=0, mLastPlugType=0
01-15 23:49:15.449  2913  4054 I BatteryService: check conditions changed
01-15 23:49:15.455  2913  4054 D HwBatteryService: charge line pull out, try to cancel non_standard charge line notification
01-15 23:49:15.455  2913  4054 I BatteryService: Processing new values: info={chargerAcOnline=false,chargerUsbOnline=false,chargerWirelessOnline=false,maxChargingCurrent=0,maxChargingVoltage=0,batteryStatus=3=DISCHARGING,batteryHealth=2=GOOD,batteryPresent=true,batteryLevel=18,batteryVoltage=3701,batteryTemperature=310,batteryFullCharge=5265000,batteryChargeCounter=1160000,batteryTechnology=Li-ion,batteryCapacityLevel=3=NORMAL,chargerDockOnline=false}, mBatteryLevelCritical=false, mPlugType=0, mLastPlugType=0
01-15 23:49:15.456  2913  4054 I BatteryService: check conditions changed
01-15 23:49:16.697  2913  3697 I HwBatteryService: power_ui state= 0 mQuickChargeStatus=0
01-15 23:49:16.697  2913  3697 I HwBatteryService: handleWirelessTxStatus
01-15 23:49:16.697  2913  3697 I HwBatteryService: switch not open, return, mWirelessTxFlag : 0
01-15 23:49:16.700  2913  3697 I HwBatteryService: power_ui state= 0 mQuickChargeStatus=0
01-15 23:49:16.701  2913  3697 I HwBatteryService: handleWirelessTxStatus
01-15 23:49:16.701  2913  3697 I HwBatteryService: switch not open, return, mWirelessTxFlag : 0
01-15 23:49:16.707  2913  4919 D HwBatteryService: charge line pull out, try to cancel non_standard charge line notification
01-15 23:49:16.707  2913  4919 I BatteryService: Processing new values: info={chargerAcOnline=false,chargerUsbOnline=false,chargerWirelessOnline=false,maxChargingCurrent=0,maxChargingVoltage=0,batteryStatus=3=DISCHARGING,batteryHealth=2=GOOD,batteryPresent=true,batteryLevel=18,batteryVoltage=3694,batteryTemperature=310,batteryFullCharge=5265000,batteryChargeCounter=1160000,batteryTechnology=Li-ion,batteryCapacityLevel=3=NORMAL,chargerDockOnline=false}, mBatteryLevelCritical=false, mPlugType=0, mLastPlugType=0
01-15 23:49:16.708  2913  4919 I BatteryService: check conditions changed
01-15 23:49:16.715  2913  3654 D HwBatteryService: charge line pull out, try to cancel non_standard charge line notification
01-15 23:49:16.715  2913  3654 I BatteryService: Processing new values: info={chargerAcOnline=false,chargerUsbOnline=false,chargerWirelessOnline=false,maxChargingCurrent=0,maxChargingVoltage=0,batteryStatus=3=DISCHARGING,batteryHealth=2=GOOD,batteryPresent=true,batteryLevel=18,batteryVoltage=3694,batteryTemperature=310,batteryFullCharge=5265000,batteryChargeCounter=1160000,batteryTechnology=Li-ion,batteryCapacityLevel=3=NORMAL,chargerDockOnline=false}, mBatteryLevelCritical=false, mPlugType=0, mLastPlugType=0
01-15 23:49:16.715  2913  3654 I BatteryService: check conditions changed
01-15 23:49:16.732  2913  3654 D HwBatteryService: charge line pull out, try to cancel non_standard charge line notification
01-15 23:49:16.733  2913  3654 I BatteryService: Processing new values: info={chargerAcOnline=false,chargerUsbOnline=false,chargerWirelessOnline=false,maxChargingCurrent=0,maxChargingVoltage=0,batteryStatus=3=DISCHARGING,batteryHealth=2=GOOD,batteryPresent=true,batteryLevel=18,batteryVoltage=3694,batteryTemperature=310,batteryFullCharge=5265000,batteryChargeCounter=1160000,batteryTechnology=Li-ion,batteryCapacityLevel=3=NORMAL,chargerDockOnline=false}, mBatteryLevelCritical=false, mPlugType=0, mLastPlugType=0
01-15 23:49:16.733  2913  3654 I BatteryService: check conditions changed
01-15 23:49:16.739  2913  3654 D HwBatteryService: charge line pull out, try to cancel non_standard charge line notification
01-15 23:49:16.739  2913  3654 I BatteryService: Processing new values: info={chargerAcOnline=false,chargerUsbOnline=false,chargerWirelessOnline=false,maxChargingCurrent=0,maxChargingVoltage=0,batteryStatus=3=DISCHARGING,batteryHealth=2=GOOD,batteryPresent=true,batteryLevel=18,batteryVoltage=3694,batteryTemperature=310,batteryFullCharge=5265000,batteryChargeCounter=1160000,batteryTechnology=Li-ion,batteryCapacityLevel=3=NORMAL,chargerDockOnline=false}, mBatteryLevelCritical=false, mPlugType=0, mLastPlugType=0
01-15 23:49:16.739  2913  3654 I BatteryService: check conditions changed
01-15 23:49:17.866  2913  3697 I HwBatteryService: power_ui state= 0 mQuickChargeStatus=0
01-15 23:49:17.866  2913  3697 I HwBatteryService: handleWirelessTxStatus
01-15 23:49:17.866  2913  3697 I HwBatteryService: switch not open, return, mWirelessTxFlag : 0
01-15 23:49:17.870  2913  3697 I HwBatteryService: power_ui state= 0 mQuickChargeStatus=0
01-15 23:49:17.870  2913  3697 I HwBatteryService: handleWirelessTxStatus
01-15 23:49:17.870  2913  3697 I HwBatteryService: switch not open, return, mWirelessTxFlag : 0
01-15 23:49:17.877  2913  4841 D HwBatteryService: charge line pull out, try to cancel non_standard charge line notification
01-15 23:49:17.877  2913  4841 I BatteryService: Processing new values: info={chargerAcOnline=false,chargerUsbOnline=false,chargerWirelessOnline=false,maxChargingCurrent=0,maxChargingVoltage=0,batteryStatus=3=DISCHARGING,batteryHealth=2=GOOD,batteryPresent=true,batteryLevel=18,batteryVoltage=3690,batteryTemperature=310,batteryFullCharge=5265000,batteryChargeCounter=1160000,batteryTechnology=Li-ion,batteryCapacityLevel=3=NORMAL,chargerDockOnline=false}, mBatteryLevelCritical=false, mPlugType=0, mLastPlugType=0
01-15 23:49:17.877  2913  4841 I BatteryService: check conditions changed
01-15 23:49:17.882  2913  4054 D HwBatteryService: charge line pull out, try to cancel non_standard charge line notification
01-15 23:49:17.882  2913  4054 I BatteryService: Processing new values: info={chargerAcOnline=false,chargerUsbOnline=false,chargerWirelessOnline=false,maxChargingCurrent=0,maxChargingVoltage=0,batteryStatus=3=DISCHARGING,batteryHealth=2=GOOD,batteryPresent=true,batteryLevel=18,batteryVoltage=3690,batteryTemperature=310,batteryFullCharge=5265000,batteryChargeCounter=1160000,batteryTechnology=Li-ion,batteryCapacityLevel=3=NORMAL,chargerDockOnline=false}, mBatteryLevelCritical=false, mPlugType=0, mLastPlugType=0
01-15 23:49:17.882  2913  4054 I BatteryService: check conditions changed
01-15 23:49:17.887  2913  4919 D HwBatteryService: charge line pull out, try to cancel non_standard charge line notification
01-15 23:49:17.887  2913  4919 I BatteryService: Processing new values: info={chargerAcOnline=false,chargerUsbOnline=false,chargerWirelessOnline=false,maxChargingCurrent=0,maxChargingVoltage=0,batteryStatus=3=DISCHARGING,batteryHealth=2=GOOD,batteryPresent=true,batteryLevel=18,batteryVoltage=3695,batteryTemperature=310,batteryFullCharge=5265000,batteryChargeCounter=1160000,batteryTechnology=Li-ion,batteryCapacityLevel=3=NORMAL,chargerDockOnline=false}, mBatteryLevelCritical=false, mPlugType=0, mLastPlugType=0
01-15 23:49:17.888  2913  4919 I BatteryService: check conditions changed
01-15 23:49:17.892  2913  4919 D HwBatteryService: charge line pull out, try to cancel non_standard charge line notification
01-15 23:49:17.892  2913  4919 I BatteryService: Processing new values: info={chargerAcOnline=false,chargerUsbOnline=false,chargerWirelessOnline=false,maxChargingCurrent=0,maxChargingVoltage=0,batteryStatus=3=DISCHARGING,batteryHealth=2=GOOD,batteryPresent=true,batteryLevel=18,batteryVoltage=3695,batteryTemperature=310,batteryFullCharge=5265000,batteryChargeCounter=1160000,batteryTechnology=Li-ion,batteryCapacityLevel=3=NORMAL,chargerDockOnline=false}, mBatteryLevelCritical=false, mPlugType=0, mLastPlugType=0
01-15 23:49:17.892  2913  4919 I BatteryService: check conditions changed
01-15 23:49:17.982  2913  4054 I AlarmManager: remove alarm reason:1 alarms:[Alarm{2adc63c type 3 origWhen 315360712472 whenElapsed 315360712472 PendingIntent{fa15e4: PendingIntentRecord{f7efa4d com.google.android.gms/com.google.android.gms.container startService}} com.google.android.gms procName com.google.android.gms.persistent}]
01-15 23:49:18.337  2913  2982 I AppEyeFwkBlock: do monitor
01-15 23:49:18.401  2913  4919 D OomAdjuster: Not killing cached processes
01-15 23:49:18.983  2913  3697 I HwBatteryService: power_ui state= 0 mQuickChargeStatus=0
01-15 23:49:18.983  2913  3697 I HwBatteryService: handleWirelessTxStatus
01-15 23:49:18.984  2913  3697 I HwBatteryService: switch not open, return, mWirelessTxFlag : 0
01-15 23:49:18.988  2913  3697 I HwBatteryService: power_ui state= 0 mQuickChargeStatus=0
01-15 23:49:18.988  2913  3697 I HwBatteryService: handleWirelessTxStatus
01-15 23:49:18.988  2913  3697 I HwBatteryService: switch not open, return, mWirelessTxFlag : 0
01-15 23:49:18.991  2913  4054 D HwBatteryService: charge line pull out, try to cancel non_standard charge line notification
01-15 23:49:18.991  2913  4054 I BatteryService: Processing new values: info={chargerAcOnline=false,chargerUsbOnline=false,chargerWirelessOnline=false,maxChargingCurrent=0,maxChargingVoltage=0,batteryStatus=3=DISCHARGING,batteryHealth=2=GOOD,batteryPresent=true,batteryLevel=18,batteryVoltage=3695,batteryTemperature=310,batteryFullCharge=5265000,batteryChargeCounter=1160000,batteryTechnology=Li-ion,batteryCapacityLevel=3=NORMAL,chargerDockOnline=false}, mBatteryLevelCritical=false, mPlugType=0, mLastPlugType=0
01-15 23:49:18.991  2913  4054 I BatteryService: check conditions changed
01-15 23:49:18.996  2913  4054 D HwBatteryService: charge line pull out, try to cancel non_standard charge line notification
01-15 23:49:18.997  2913  4054 I BatteryService: Processing new values: info={chargerAcOnline=false,chargerUsbOnline=false,chargerWirelessOnline=false,maxChargingCurrent=0,maxChargingVoltage=0,batteryStatus=3=DISCHARGING,batteryHealth=2=GOOD,batteryPresent=true,batteryLevel=18,batteryVoltage=3695,batteryTemperature=310,batteryFullCharge=5265000,batteryChargeCounter=1160000,batteryTechnology=Li-ion,batteryCapacityLevel=3=NORMAL,chargerDockOnline=false}, mBatteryLevelCritical=false, mPlugType=0, mLastPlugType=0
01-15 23:49:18.997  2913  4054 I BatteryService: check conditions changed
01-15 23:49:19.002  2913  4054 D HwBatteryService: charge line pull out, try to cancel non_standard charge line notification
01-15 23:49:19.002  2913  4054 I BatteryService: Processing new values: info={chargerAcOnline=false,chargerUsbOnline=false,chargerWirelessOnline=false,maxChargingCurrent=0,maxChargingVoltage=0,batteryStatus=3=DISCHARGING,batteryHealth=2=GOOD,batteryPresent=true,batteryLevel=18,batteryVoltage=3695,batteryTemperature=310,batteryFullCharge=5265000,batteryChargeCounter=1160000,batteryTechnology=Li-ion,batteryCapacityLevel=3=NORMAL,chargerDockOnline=false}, mBatteryLevelCritical=false, mPlugType=0, mLastPlugType=0
01-15 23:49:19.002  2913  4054 I BatteryService: check conditions changed
01-15 23:49:19.006  2913  4919 D HwBatteryService: charge line pull out, try to cancel non_standard charge line notification
01-15 23:49:19.007  2913  4919 I BatteryService: Processing new values: info={chargerAcOnline=false,chargerUsbOnline=false,chargerWirelessOnline=false,maxChargingCurrent=0,maxChargingVoltage=0,batteryStatus=3=DISCHARGING,batteryHealth=2=GOOD,batteryPresent=true,batteryLevel=18,batteryVoltage=3695,batteryTemperature=310,batteryFullCharge=5265000,batteryChargeCounter=1160000,batteryTechnology=Li-ion,batteryCapacityLevel=3=NORMAL,chargerDockOnline=false}, mBatteryLevelCritical=false, mPlugType=0, mLastPlugType=0
01-15 23:49:19.007  2913  4919 I BatteryService: check conditions changed
01-15 23:49:20.116  2913  3697 I HwBatteryService: power_ui state= 0 mQuickChargeStatus=0
01-15 23:49:20.116  2913  3697 I HwBatteryService: handleWirelessTxStatus
01-15 23:49:20.116  2913  3697 I HwBatteryService: switch not open, return, mWirelessTxFlag : 0
01-15 23:49:20.121  2913  3697 I HwBatteryService: power_ui state= 0 mQuickChargeStatus=0
01-15 23:49:20.121  2913  3697 I HwBatteryService: handleWirelessTxStatus
01-15 23:49:20.121  2913  3697 I HwBatteryService: switch not open, return, mWirelessTxFlag : 0
01-15 23:49:20.124  2913  4054 D HwBatteryService: charge line pull out, try to cancel non_standard charge line notification
01-15 23:49:20.124  2913  4054 I BatteryService: Processing new values: info={chargerAcOnline=false,chargerUsbOnline=false,chargerWirelessOnline=false,maxChargingCurrent=0,maxChargingVoltage=0,batteryStatus=3=DISCHARGING,batteryHealth=2=GOOD,batteryPresent=true,batteryLevel=18,batteryVoltage=3702,batteryTemperature=310,batteryFullCharge=5265000,batteryChargeCounter=1160000,batteryTechnology=Li-ion,batteryCapacityLevel=3=NORMAL,chargerDockOnline=false}, mBatteryLevelCritical=false, mPlugType=0, mLastPlugType=0
01-15 23:49:20.124  2913  4054 I BatteryService: check conditions changed
01-15 23:49:20.131  2913  4054 D HwBatteryService: charge line pull out, try to cancel non_standard charge line notification
01-15 23:49:20.131  2913  4054 I BatteryService: Processing new values: info={chargerAcOnline=false,chargerUsbOnline=false,chargerWirelessOnline=false,maxChargingCurrent=0,maxChargingVoltage=0,batteryStatus=3=DISCHARGING,batteryHealth=2=GOOD,batteryPresent=true,batteryLevel=18,batteryVoltage=3702,batteryTemperature=310,batteryFullCharge=5265000,batteryChargeCounter=1160000,batteryTechnology=Li-ion,batteryCapacityLevel=3=NORMAL,chargerDockOnline=false}, mBatteryLevelCritical=false, mPlugType=0, mLastPlugType=0
01-15 23:49:20.131  2913  4054 I BatteryService: check conditions changed
01-15 23:49:20.137  2913  4838 D HwBatteryService: charge line pull out, try to cancel non_standard charge line notification
01-15 23:49:20.137  2913  4838 I BatteryService: Processing new values: info={chargerAcOnline=false,chargerUsbOnline=false,chargerWirelessOnline=false,maxChargingCurrent=0,maxChargingVoltage=0,batteryStatus=3=DISCHARGING,batteryHealth=2=GOOD,batteryPresent=true,batteryLevel=18,batteryVoltage=3702,batteryTemperature=310,batteryFullCharge=5265000,batteryChargeCounter=1160000,batteryTechnology=Li-ion,batteryCapacityLevel=3=NORMAL,chargerDockOnline=false}, mBatteryLevelCritical=false, mPlugType=0, mLastPlugType=0
01-15 23:49:20.137  2913  4838 I BatteryService: check conditions changed
01-15 23:49:20.142  2913  4919 D HwBatteryService: charge line pull out, try to cancel non_standard charge line notification
01-15 23:49:20.142  2913  4919 I BatteryService: Processing new values: info={chargerAcOnline=false,chargerUsbOnline=false,chargerWirelessOnline=false,maxChargingCurrent=0,maxChargingVoltage=0,batteryStatus=3=DISCHARGING,batteryHealth=2=GOOD,batteryPresent=true,batteryLevel=18,batteryVoltage=3702,batteryTemperature=310,batteryFullCharge=5265000,batteryChargeCounter=1160000,batteryTechnology=Li-ion,batteryCapacityLevel=3=NORMAL,chargerDockOnline=false}, mBatteryLevelCritical=false, mPlugType=0, mLastPlugType=0
01-15 23:49:20.142  2913  4919 I BatteryService: check conditions changed
01-15 23:49:21.247  2913  5504 I SWAP_SCENE: setZswapdCpuSetToSmall 0-3, get pid of zswapd:5522
01-15 23:49:21.274  2913  3697 I HwBatteryService: power_ui state= 0 mQuickChargeStatus=0
01-15 23:49:21.274  2913  3697 I HwBatteryService: handleWirelessTxStatus
01-15 23:49:21.274  2913  3697 I HwBatteryService: switch not open, return, mWirelessTxFlag : 0
01-15 23:49:21.276  2913  3697 I HwBatteryService: power_ui state= 0 mQuickChargeStatus=0
01-15 23:49:21.276  2913  3697 I HwBatteryService: handleWirelessTxStatus
01-15 23:49:21.276  2913  3697 I HwBatteryService: switch not open, return, mWirelessTxFlag : 0
01-15 23:49:21.279  2913  3654 D HwBatteryService: charge line pull out, try to cancel non_standard charge line notification
01-15 23:49:21.280  2913  3654 I BatteryService: Processing new values: info={chargerAcOnline=false,chargerUsbOnline=false,chargerWirelessOnline=false,maxChargingCurrent=0,maxChargingVoltage=0,batteryStatus=3=DISCHARGING,batteryHealth=2=GOOD,batteryPresent=true,batteryLevel=18,batteryVoltage=3701,batteryTemperature=310,batteryFullCharge=5265000,batteryChargeCounter=1160000,batteryTechnology=Li-ion,batteryCapacityLevel=3=NORMAL,chargerDockOnline=false}, mBatteryLevelCritical=false, mPlugType=0, mLastPlugType=0
01-15 23:49:21.280  2913  3654 I BatteryService: check conditions changed
01-15 23:49:21.284  2913  3654 D HwBatteryService: charge line pull out, try to cancel non_standard charge line notification
01-15 23:49:21.284  2913  3654 I BatteryService: Processing new values: info={chargerAcOnline=false,chargerUsbOnline=false,chargerWirelessOnline=false,maxChargingCurrent=0,maxChargingVoltage=0,batteryStatus=3=DISCHARGING,batteryHealth=2=GOOD,batteryPresent=true,batteryLevel=18,batteryVoltage=3701,batteryTemperature=310,batteryFullCharge=5265000,batteryChargeCounter=1160000,batteryTechnology=Li-ion,batteryCapacityLevel=3=NORMAL,chargerDockOnline=false}, mBatteryLevelCritical=false, mPlugType=0, mLastPlugType=0
01-15 23:49:21.284  2913  3654 I BatteryService: check conditions changed
01-15 23:49:21.289  2913  4919 D HwBatteryService: charge line pull out, try to cancel non_standard charge line notification
01-15 23:49:21.289  2913  4919 I BatteryService: Processing new values: info={chargerAcOnline=false,chargerUsbOnline=false,chargerWirelessOnline=false,maxChargingCurrent=0,maxChargingVoltage=0,batteryStatus=3=DISCHARGING,batteryHealth=2=GOOD,batteryPresent=true,batteryLevel=18,batteryVoltage=3701,batteryTemperature=310,batteryFullCharge=5265000,batteryChargeCounter=1160000,batteryTechnology=Li-ion,batteryCapacityLevel=3=NORMAL,chargerDockOnline=false}, mBatteryLevelCritical=false, mPlugType=0, mLastPlugType=0
01-15 23:49:21.289  2913  4919 I BatteryService: check conditions changed
01-15 23:49:21.294  2913  3654 D HwBatteryService: charge line pull out, try to cancel non_standard charge line notification
01-15 23:49:21.294  2913  3654 I BatteryService: Processing new values: info={chargerAcOnline=false,chargerUsbOnline=false,chargerWirelessOnline=false,maxChargingCurrent=0,maxChargingVoltage=0,batteryStatus=3=DISCHARGING,batteryHealth=2=GOOD,batteryPresent=true,batteryLevel=18,batteryVoltage=3701,batteryTemperature=310,batteryFullCharge=5265000,batteryChargeCounter=1160000,batteryTechnology=Li-ion,batteryCapacityLevel=3=NORMAL,chargerDockOnline=false}, mBatteryLevelCritical=false, mPlugType=0, mLastPlugType=0
01-15 23:49:21.294  2913  3654 I BatteryService: check conditions changed
01-15 23:49:22.394  2913  3697 I HwBatteryService: power_ui state= 0 mQuickChargeStatus=0
01-15 23:49:22.394  2913  3697 I HwBatteryService: handleWirelessTxStatus
01-15 23:49:22.394  2913  3697 I HwBatteryService: switch not open, return, mWirelessTxFlag : 0
01-15 23:49:22.396  2913  3697 I HwBatteryService: power_ui state= 0 mQuickChargeStatus=0
01-15 23:49:22.396  2913  3697 I HwBatteryService: handleWirelessTxStatus
01-15 23:49:22.396  2913  3697 I HwBatteryService: switch not open, return, mWirelessTxFlag : 0
01-15 23:49:22.400  2913  4054 D HwBatteryService: charge line pull out, try to cancel non_standard charge line notification
01-15 23:49:22.400  2913  4054 I BatteryService: Processing new values: info={chargerAcOnline=false,chargerUsbOnline=false,chargerWirelessOnline=false,maxChargingCurrent=0,maxChargingVoltage=0,batteryStatus=3=DISCHARGING,batteryHealth=2=GOOD,batteryPresent=true,batteryLevel=18,batteryVoltage=3699,batteryTemperature=310,batteryFullCharge=5265000,batteryChargeCounter=1160000,batteryTechnology=Li-ion,batteryCapacityLevel=3=NORMAL,chargerDockOnline=false}, mBatteryLevelCritical=false, mPlugType=0, mLastPlugType=0
01-15 23:49:22.400  2913  4054 I BatteryService: check conditions changed
01-15 23:49:22.403  2913  4054 D HwBatteryService: charge line pull out, try to cancel non_standard charge line notification
01-15 23:49:22.403  2913  4054 I BatteryService: Processing new values: info={chargerAcOnline=false,chargerUsbOnline=false,chargerWirelessOnline=false,maxChargingCurrent=0,maxChargingVoltage=0,batteryStatus=3=DISCHARGING,batteryHealth=2=GOOD,batteryPresent=true,batteryLevel=18,batteryVoltage=3699,batteryTemperature=310,batteryFullCharge=5265000,batteryChargeCounter=1160000,batteryTechnology=Li-ion,batteryCapacityLevel=3=NORMAL,chargerDockOnline=false}, mBatteryLevelCritical=false, mPlugType=0, mLastPlugType=0
01-15 23:49:22.403  2913  4054 I BatteryService: check conditions changed
01-15 23:49:22.408  2913  3654 D HwBatteryService: charge line pull out, try to cancel non_standard charge line notification
01-15 23:49:22.408  2913  3654 I BatteryService: Processing new values: info={chargerAcOnline=false,chargerUsbOnline=false,chargerWirelessOnline=false,maxChargingCurrent=0,maxChargingVoltage=0,batteryStatus=3=DISCHARGING,batteryHealth=2=GOOD,batteryPresent=true,batteryLevel=18,batteryVoltage=3699,batteryTemperature=310,batteryFullCharge=5265000,batteryChargeCounter=1160000,batteryTechnology=Li-ion,batteryCapacityLevel=3=NORMAL,chargerDockOnline=false}, mBatteryLevelCritical=false, mPlugType=0, mLastPlugType=0
01-15 23:49:22.408  2913  3654 I BatteryService: check conditions changed
01-15 23:49:22.411  2913  4054 D HwBatteryService: charge line pull out, try to cancel non_standard charge line notification
01-15 23:49:22.411  2913  4054 I BatteryService: Processing new values: info={chargerAcOnline=false,chargerUsbOnline=false,chargerWirelessOnline=false,maxChargingCurrent=0,maxChargingVoltage=0,batteryStatus=3=DISCHARGING,batteryHealth=2=GOOD,batteryPresent=true,batteryLevel=18,batteryVoltage=3699,batteryTemperature=310,batteryFullCharge=5265000,batteryChargeCounter=1160000,batteryTechnology=Li-ion,batteryCapacityLevel=3=NORMAL,chargerDockOnline=false}, mBatteryLevelCritical=false, mPlugType=0, mLastPlugType=0
01-15 23:49:22.411  2913  4054 I BatteryService: check conditions changed
01-15 23:49:23.584  2913  3697 I HwBatteryService: power_ui state= 0 mQuickChargeStatus=0
01-15 23:49:23.584  2913  3697 I HwBatteryService: handleWirelessTxStatus
01-15 23:49:23.584  2913  3697 I HwBatteryService: switch not open, return, mWirelessTxFlag : 0
01-15 23:49:23.595  2913  3697 I HwBatteryService: power_ui state= 0 mQuickChargeStatus=0
01-15 23:49:23.595  2913  3697 I HwBatteryService: handleWirelessTxStatus
01-15 23:49:23.595  2913  3697 I HwBatteryService: switch not open, return, mWirelessTxFlag : 0
01-15 23:49:23.600  2913  3654 D HwBatteryService: charge line pull out, try to cancel non_standard charge line notification
01-15 23:49:23.600  2913  3654 I BatteryService: Processing new values: info={chargerAcOnline=false,chargerUsbOnline=false,chargerWirelessOnline=false,maxChargingCurrent=0,maxChargingVoltage=0,batteryStatus=3=DISCHARGING,batteryHealth=2=GOOD,batteryPresent=true,batteryLevel=18,batteryVoltage=3694,batteryTemperature=310,batteryFullCharge=5265000,batteryChargeCounter=1160000,batteryTechnology=Li-ion,batteryCapacityLevel=3=NORMAL,chargerDockOnline=false}, mBatteryLevelCritical=false, mPlugType=0, mLastPlugType=0
01-15 23:49:23.601  2913  3654 I BatteryService: check conditions changed
01-15 23:49:23.605  2913  3654 D HwBatteryService: charge line pull out, try to cancel non_standard charge line notification
01-15 23:49:23.605  2913  3654 I BatteryService: Processing new values: info={chargerAcOnline=false,chargerUsbOnline=false,chargerWirelessOnline=false,maxChargingCurrent=0,maxChargingVoltage=0,batteryStatus=3=DISCHARGING,batteryHealth=2=GOOD,batteryPresent=true,batteryLevel=18,batteryVoltage=3694,batteryTemperature=310,batteryFullCharge=5265000,batteryChargeCounter=1160000,batteryTechnology=Li-ion,batteryCapacityLevel=3=NORMAL,chargerDockOnline=false}, mBatteryLevelCritical=false, mPlugType=0, mLastPlugType=0
01-15 23:49:23.606  2913  3654 I BatteryService: check conditions changed
01-15 23:49:23.611  2913  3654 D HwBatteryService: charge line pull out, try to cancel non_standard charge line notification
01-15 23:49:23.611  2913  3654 I BatteryService: Processing new values: info={chargerAcOnline=false,chargerUsbOnline=false,chargerWirelessOnline=false,maxChargingCurrent=0,maxChargingVoltage=0,batteryStatus=3=DISCHARGING,batteryHealth=2=GOOD,batteryPresent=true,batteryLevel=18,batteryVoltage=3694,batteryTemperature=310,batteryFullCharge=5265000,batteryChargeCounter=1160000,batteryTechnology=Li-ion,batteryCapacityLevel=3=NORMAL,chargerDockOnline=false}, mBatteryLevelCritical=false, mPlugType=0, mLastPlugType=0
01-15 23:49:23.611  2913  3654 I BatteryService: check conditions changed
01-15 23:49:23.616  2913  4838 D HwBatteryService: charge line pull out, try to cancel non_standard charge line notification
01-15 23:49:23.616  2913  4838 I BatteryService: Processing new values: info={chargerAcOnline=false,chargerUsbOnline=false,chargerWirelessOnline=false,maxChargingCurrent=0,maxChargingVoltage=0,batteryStatus=3=DISCHARGING,batteryHealth=2=GOOD,batteryPresent=true,batteryLevel=18,batteryVoltage=3694,batteryTemperature=310,batteryFullCharge=5265000,batteryChargeCounter=1160000,batteryTechnology=Li-ion,batteryCapacityLevel=3=NORMAL,chargerDockOnline=false}, mBatteryLevelCritical=false, mPlugType=0, mLastPlugType=0
01-15 23:49:23.616  2913  4838 I BatteryService: check conditions changed
01-15 23:49:23.632  2913  4838 I PowerManagerService: wakeLock.mDisabled:false, mDeviceIdleMode:false, mProcState:10
01-15 23:49:23.632  2913  4838 I PowerManagerService: need acquire WakeLockSuspendBlocker
01-15 23:49:23.632  2913  4838 I PowerManagerService: Acquiring suspend blocker "PowerManagerService.WakeLocks".
01-15 23:49:23.637  2913  4642 I PowerManagerService: wakeLock.mDisabled:false, mDeviceIdleMode:false, mProcState:10
01-15 23:49:23.642  2913  4838 I PowerManagerService: wakeLock.mDisabled:false, mDeviceIdleMode:false, mProcState:10
01-15 23:49:24.447  2913  4054 I UsageStatsService: queryEvents beginTime : 1768513404339 endTime : 1768517364446 callingPackage : com.burockgames.timeclocker
01-15 23:49:24.447  2913  4054 D UsageStatsService: User[0] SELECT * FROM 0 WHERE beginTime >= 1768513404339 AND endTime < 1768517364446
01-15 23:49:24.447  2913  4054 D UsageStatsService: Got 0 results from disk
01-15 23:49:24.447  2913  4054 D UsageStatsService: Current stats beginTime=1768431600000 endTime=1768517345495
01-15 23:49:24.448  2913  4054 I UsageStatsService: User[0] Results: 794
01-15 23:49:24.580  2913  4054 I AlarmManager: remove alarm reason:0 alarms:[Alarm{4aec4ed type 2 origWhen 5400000 whenElapsed 5400000 android android procName system}]
01-15 23:49:24.580  2913  4054 I JobScheduler.Time: realNextJobExpiredElapsedMillis: 7500000mNextJobExpiredElapsedMillis7216201
01-15 23:49:24.584  2913  3703 I AlarmManager: remove alarm reason:0 alarms:[Alarm{ab83f22 type 2 origWhen 7500000 whenElapsed 7500000 android android procName system}]
01-15 23:49:24.584  2913  3703 I JobScheduler.Time: realNextJobExpiredElapsedMillis: 5400000mNextJobExpiredElapsedMillis5195110
01-15 23:49:24.645  2913  4054 I PowerManagerService: wakeLock.mDisabled:false, mDeviceIdleMode:false, mProcState:10
01-15 23:49:24.648  2913  4054 I PowerManagerService: wakeLock.mDisabled:false, mDeviceIdleMode:false, mProcState:10
01-15 23:49:24.702  2913  4841 I PowerManagerService: need release WakeLockSuspendBlocker
01-15 23:49:24.702  2913  4841 I PowerManagerService: Releasing suspend blocker "PowerManagerService.WakeLocks".
01-15 23:49:26.155  2913  2984 W Watchdog: waitState=[0] waitedHalf=[false]
01-15 23:49:26.155  2913  2984 W Watchdog: watchdogKick kickCounter=[150]
01-15 23:49:26.188  2913  3697 I HwBatteryService: power_ui state= 0 mQuickChargeStatus=0
01-15 23:49:26.188  2913  3697 I HwBatteryService: handleWirelessTxStatus
01-15 23:49:26.188  2913  3697 I HwBatteryService: switch not open, return, mWirelessTxFlag : 0
01-15 23:49:26.190  2913  3697 I HwBatteryService: power_ui state= 0 mQuickChargeStatus=0
01-15 23:49:26.190  2913  3697 I HwBatteryService: handleWirelessTxStatus
01-15 23:49:26.190  2913  3697 I HwBatteryService: switch not open, return, mWirelessTxFlag : 0
01-15 23:49:26.195  2913  4838 D HwBatteryService: charge line pull out, try to cancel non_standard charge line notification
01-15 23:49:26.195  2913  4838 I BatteryService: Processing new values: info={chargerAcOnline=false,chargerUsbOnline=false,chargerWirelessOnline=false,maxChargingCurrent=0,maxChargingVoltage=0,batteryStatus=3=DISCHARGING,batteryHealth=2=GOOD,batteryPresent=true,batteryLevel=18,batteryVoltage=3702,batteryTemperature=310,batteryFullCharge=5265000,batteryChargeCounter=1160000,batteryTechnology=Li-ion,batteryCapacityLevel=3=NORMAL,chargerDockOnline=false}, mBatteryLevelCritical=false, mPlugType=0, mLastPlugType=0
01-15 23:49:26.195  2913  4838 I BatteryService: check conditions changed
01-15 23:49:26.199  2913  4838 D HwBatteryService: charge line pull out, try to cancel non_standard charge line notification
01-15 23:49:26.200  2913  4838 I BatteryService: Processing new values: info={chargerAcOnline=false,chargerUsbOnline=false,chargerWirelessOnline=false,maxChargingCurrent=0,maxChargingVoltage=0,batteryStatus=3=DISCHARGING,batteryHealth=2=GOOD,batteryPresent=true,batteryLevel=18,batteryVoltage=3702,batteryTemperature=310,batteryFullCharge=5265000,batteryChargeCounter=1160000,batteryTechnology=Li-ion,batteryCapacityLevel=3=NORMAL,chargerDockOnline=false}, mBatteryLevelCritical=false, mPlugType=0, mLastPlugType=0
01-15 23:49:26.200  2913  4838 I BatteryService: check conditions changed
